layer at (0,0) size 800x600
  LayoutView at (0,0) size 800x600
layer at (0,0) size 800x600
  LayoutBlockFlow {HTML} at (0,0) size 800x600
    LayoutBlockFlow {BODY} at (8,8) size 784x584
      LayoutTable {DIV} at (0,0) size 293x60
        LayoutTableSection (anonymous) at (0,0) size 293x60
          LayoutTableRow (anonymous) at (0,0) size 293x60
            LayoutTableCell (anonymous) at (0,0) size 293x59.72 [r=0 c=0 rs=1 cs=1]
              LayoutBlockFlow (anonymous) at (0,0) size 293x0
                LayoutInline {FORM} at (0,0) size 0x0
                  LayoutText {#text} at (0,0) size 0x0
              LayoutBlockFlow (anonymous) at (0,0) size 293x21
                LayoutBlockFlow {H3} at (0,0) size 293x21
                  LayoutText {#text} at (0,0) size 293x20
                    text run at (0,0) width 293: "There should be a fourth dot bellow..."
              LayoutBlockFlow (anonymous) at (0,39.72) size 293x20
                LayoutInline {FORM} at (0,0) size 0x0
                LayoutInline {<pseudo:after>} at (0,0) size 4x19
                  LayoutTextFragment at (0,0) size 4x19
                    text run at (0,0) width 4: "."
