layer at (0,0) size 800x600
  LayoutView at (0,0) size 800x600
layer at (0,0) size 800x414
  LayoutBlockFlow {HTML} at (0,0) size 800x414
    LayoutBlockFlow {BODY} at (8,16) size 784x382
      LayoutBlockFlow {P} at (0,0) size 784x18
        LayoutText {#text} at (0,0) size 617x18
          text run at (0,0) width 617: "The following two blocks should look identical (to the pixel), and they should both say \"PASS\":"
      LayoutBlockFlow {P} at (0,34) size 784x166
      LayoutBlockFlow {P} at (0,216) size 784x166
layer at (8,50) size 784x162
  LayoutEmbeddedObject {OBJECT} at (0,0) size 784x162 [border: (3px inset #000080)]
    layer at (0,0) size 778x156
      LayoutView at (0,0) size 778x156
    layer at (0,0) size 778x156
      LayoutSVGRoot {svg} at (0,0) size 372x156
        LayoutSVGText {text} at (0,-1) size 3x3 contains 1 chunk(s)
          LayoutSVGInlineText {#text} at (0,0) size 3x2
            chunk 1 text run 1 at (0.00,0.80) startOffset 0 endOffset 4 width 2.39: "PASS"
layer at (8,232) size 784x162
  LayoutEmbeddedObject {OBJECT} at (0,0) size 784x162 [border: (3px inset #000080)]
    layer at (0,0) size 778x156
      LayoutView at (0,0) size 778x156
    layer at (0,0) size 778x156
      LayoutSVGRoot {svg} at (0,0) size 372x156
        LayoutSVGText {text} at (0,-100) size 2391x1151 contains 1 chunk(s)
          LayoutSVGInlineText {#text} at (0,0) size 2391x1151
            chunk 1 text run 1 at (0.00,800.00) startOffset 0 endOffset 4 width 2390.47: "PASS"
