layer at (0,0) size 800x600
  LayoutView at (0,0) size 800x600
layer at (0,0) size 800x600
  LayoutBlockFlow {HTML} at (0,0) size 800x600
    LayoutBlockFlow {BODY} at (8,8) size 784x584
layer at (8,8) size 784x69
  LayoutBlockFlow {DIV} at (0,0) size 784x69
    LayoutText {#text} at (0,0) size 356x125
      text run at (0,0) width 72: "Filler Text "
      text run at (71,0) width 285: "Filler Text Filler Text Filler Text Filler Text"
      text run at (0,18) width 288: "Filler Text Filler Text Filler Text Filler Text "
      text run at (287,18) width 69: "Filler Text"
      text run at (0,36) width 356: "Filler Text Filler Text Filler Text Filler Text Filler Text"
      text run at (0,69) width 216: "Filler Text Filler Text Filler Text "
      text run at (215,69) width 73: "Filler Text "
      text run at (287,69) width 69: "Filler Text"
      text run at (0,87) width 356: "Filler Text Filler Text Filler Text Filler Text Filler Text"
      text run at (0,107) width 144: "Filler Text Filler Text "
    LayoutText {#text} at (0,0) size 0x0
layer at (154,115) size 123x19
  LayoutTextControl (relative positioned) {INPUT} at (145.97,107) size 123x19 [bgcolor=#FFFFFF] [border: (2px inset #EEEEEE)]
layer at (157,118) size 117x13
  LayoutBlockFlow {DIV} at (3,3) size 117x13
    LayoutText {#text} at (0,0) size 40x13
      text run at (0,0) width 40: "Testing"
caret: position 7 of child 0 {#text} of child 0 {DIV} of {#document-fragment} of child 1 {INPUT} of child 1 {DIV} of body
