layer at (0,0) size 800x600
  LayoutView at (0,0) size 800x600
layer at (0,0) size 800x538
  LayoutBlockFlow {HTML} at (0,0) size 800x538
    LayoutBlockFlow {BODY} at (8,8) size 784x522
      LayoutBlockFlow {DIV} at (0,0) size 788x504 [bgcolor=#008000] [border: (2px solid #000000)]
      LayoutBlockFlow {DIV} at (0,504) size 784x18
        LayoutText {#text} at (0,0) size 151x18
          text run at (0,0) width 151: "This test requires DRT."
