layer at (0,0) size 800x600 clip at (0,0) size 784x584 scrollX 50.00 scrollY -50.00
  LayoutView at (0,0) size 800x600
layer at (0,0) size 784x584
  LayoutBlockFlow {HTML} at (0,0) size 784x584
    LayoutBlockFlow {BODY} at (8,8) size 768x568
      LayoutBlockFlow {DIV} at (0,0) size 768x30 [bgcolor=#000000]
      LayoutBlockFlow {DIV} at (0,30) size 768x16
        LayoutText {#text} at (0,0) size 151x16
          text run at (0,0) width 151: "This test requires DRT."
scrolled to 50,-50
