layer at (0,0) size 800x600 scrollX -100.00
  LayoutView at (0,0) size 800x600
layer at (0,0) size 800x62
  LayoutBlockFlow {HTML} at (0,0) size 800x62
    LayoutBlockFlow {BODY} at (8,8) size 784x46
      LayoutBlockFlow {DIV} at (0,0) size 784x30 [bgcolor=#000000]
      LayoutBlockFlow {DIV} at (0,30) size 784x16
        LayoutText {#text} at (0,0) size 151x16
          text run at (0,0) width 151: "This test requires DRT."
