layer at (0,0) size 800x600
  RenderView at (0,0) size 800x600
layer at (0,0) size 800x600
  RenderBlock {HTML} at (0,0) size 800x600
    RenderBody {BODY} at (8,8) size 784x584
      LayoutTable {TABLE} at (0,0) size 71x80 [border: (1px outset #808080)]
        RenderBlock {CAPTION} at (0,0) size 71x32 [color=#008000] [bgcolor=#FFFFE0]
          RenderText {#text} at (6,0) size 63x32
            text run at (6,0) width 59: "Where is"
            text run at (4,16) width 63: "the table?"
        LayoutTableSection {THEAD} at (1,33) size 69x24
          LayoutTableRow {TR} at (0,2) size 69x20
            LayoutTableCell {TD} at (2,2) size 65x20 [border: (1px inset #808080)] [r=0 c=0 rs=1 cs=1]
              RenderText {#text} at (2,2) size 47x16
                text run at (2,2) width 47: "Header"
        LayoutTableSection {TBODY} at (1,57) size 69x22
          LayoutTableRow {TR} at (0,0) size 69x20
            LayoutTableCell {TD} at (2,0) size 65x20 [border: (1px inset #808080)] [r=0 c=0 rs=1 cs=1]
              RenderText {#text} at (2,2) size 61x16
                text run at (2,2) width 61: "Kibology"
      RenderBlock {HR} at (0,88) size 784x2 [border: (1px inset #EEEEEE)]
      LayoutTable {TABLE} at (0,98) size 71x48 [border: (1px outset #808080)]
        LayoutTableSection {THEAD} at (1,1) size 69x24
          LayoutTableRow {TR} at (0,2) size 69x20
            LayoutTableCell {TD} at (2,2) size 65x20 [border: (1px inset #808080)] [r=0 c=0 rs=1 cs=1]
              RenderText {#text} at (2,2) size 47x16
                text run at (2,2) width 47: "Header"
        LayoutTableSection {TBODY} at (1,25) size 69x22
          LayoutTableRow {TR} at (0,0) size 69x20
            LayoutTableCell {TD} at (2,0) size 65x20 [border: (1px inset #808080)] [r=0 c=0 rs=1 cs=1]
              RenderText {#text} at (2,2) size 61x16
                text run at (2,2) width 61: "Kibology"
      RenderBlock {HR} at (0,154) size 784x2 [border: (1px inset #EEEEEE)]
      LayoutTable {TABLE} at (0,164) size 71x80 [border: (1px outset #808080)]
        RenderBlock {CAPTION} at (0,0) size 71x32 [color=#008000] [bgcolor=#FFFFE0]
          RenderText {#text} at (0,0) size 71x32
            text run at (0,0) width 71: "Here is the"
            text run at (19,16) width 33: "table"
        LayoutTableSection {THEAD} at (1,33) size 69x24
          LayoutTableRow {TR} at (0,2) size 69x20
            LayoutTableCell {TD} at (2,2) size 65x20 [border: (1px inset #808080)] [r=0 c=0 rs=1 cs=1]
              RenderText {#text} at (2,2) size 47x16
                text run at (2,2) width 47: "Header"
        LayoutTableSection {TBODY} at (1,57) size 69x22
          LayoutTableRow {TR} at (0,0) size 69x20
            LayoutTableCell {TD} at (2,0) size 65x20 [border: (1px inset #808080)] [r=0 c=0 rs=1 cs=1]
              RenderText {#text} at (2,2) size 61x16
                text run at (2,2) width 61: "Kibology"
      LayoutTable {TABLE} at (0,244) size 71x80 [border: (1px outset #808080)]
        LayoutTableSection {THEAD} at (1,33) size 69x24
          LayoutTableRow {TR} at (0,2) size 69x20
            LayoutTableCell {TD} at (2,2) size 65x20 [border: (1px inset #808080)] [r=0 c=0 rs=1 cs=1]
              RenderText {#text} at (2,2) size 47x16
                text run at (2,2) width 47: "Header"
        RenderBlock {CAPTION} at (0,0) size 71x32 [color=#008000] [bgcolor=#FFFFE0]
          RenderText {#text} at (6,0) size 63x32
            text run at (6,0) width 59: "Where is"
            text run at (4,16) width 63: "the table?"
        LayoutTableSection {TBODY} at (1,57) size 69x22
          LayoutTableRow {TR} at (0,0) size 69x20
            LayoutTableCell {TD} at (2,0) size 65x20 [border: (1px inset #808080)] [r=0 c=0 rs=1 cs=1]
              RenderText {#text} at (2,2) size 61x16
                text run at (2,2) width 61: "Kibology"
      RenderBlock {HR} at (0,332) size 784x2 [border: (1px inset #EEEEEE)]
      LayoutTable {TABLE} at (0,342) size 71x48 [border: (1px outset #808080)]
        LayoutTableSection {THEAD} at (1,1) size 69x24
          LayoutTableRow {TR} at (0,2) size 69x20
            LayoutTableCell {TD} at (2,2) size 65x20 [border: (1px inset #808080)] [r=0 c=0 rs=1 cs=1]
              RenderText {#text} at (2,2) size 47x16
                text run at (2,2) width 47: "Header"
        LayoutTableSection {TBODY} at (1,25) size 69x22
          LayoutTableRow {TR} at (0,0) size 69x20
            LayoutTableCell {TD} at (2,0) size 65x20 [border: (1px inset #808080)] [r=0 c=0 rs=1 cs=1]
              RenderText {#text} at (2,2) size 61x16
                text run at (2,2) width 61: "Kibology"
      RenderBlock {HR} at (0,398) size 784x2 [border: (1px inset #EEEEEE)]
      LayoutTable {TABLE} at (0,408) size 71x80 [border: (1px outset #808080)]
        LayoutTableSection {THEAD} at (1,33) size 69x24
          LayoutTableRow {TR} at (0,2) size 69x20
            LayoutTableCell {TD} at (2,2) size 65x20 [border: (1px inset #808080)] [r=0 c=0 rs=1 cs=1]
              RenderText {#text} at (2,2) size 47x16
                text run at (2,2) width 47: "Header"
        RenderBlock {CAPTION} at (0,0) size 71x32 [color=#008000] [bgcolor=#FFFFE0]
          RenderText {#text} at (0,0) size 71x32
            text run at (0,0) width 71: "Here is the"
            text run at (19,16) width 33: "table"
        LayoutTableSection {TBODY} at (1,57) size 69x22
          LayoutTableRow {TR} at (0,0) size 69x20
            LayoutTableCell {TD} at (2,0) size 65x20 [border: (1px inset #808080)] [r=0 c=0 rs=1 cs=1]
              RenderText {#text} at (2,2) size 61x16
                text run at (2,2) width 61: "Kibology"
