layer at (0,0) size 800x600
  RenderView at (0,0) size 800x600
layer at (0,0) size 800x104
  RenderBlock {HTML} at (0,0) size 800x104
    RenderBody {BODY} at (8,8) size 784x80
      LayoutTable {TABLE} at (0,0) size 60x48
        LayoutTableSection {TBODY} at (0,0) size 60x48
          LayoutTableRow {TR} at (0,0) size 60x12
            LayoutTableCell {TD} at (0,0) size 60x48 [r=0 c=0 rs=4 cs=1]
              RenderBlock {P} at (0,16) size 60x16
                RenderText {#text} at (0,0) size 60x16
                  text run at (0,0) width 60: "blah blah"
          LayoutTableRow {TR} at (0,12) size 60x12
          LayoutTableRow {TR} at (0,24) size 60x12
          LayoutTableRow {TR} at (0,36) size 60x12
      RenderBlock {P} at (0,64) size 784x16
        RenderText {#text} at (0,0) size 113x16
          text run at (0,0) width 113: "text at the bottom"
