layer at (0,0) size 800x600
  RenderView at (0,0) size 800x600
layer at (0,0) size 800x600
  RenderBlock {HTML} at (0,0) size 800x600
    RenderBody {BODY} at (8,8) size 784x584
      LayoutTable {TABLE} at (0,0) size 450x47
        LayoutTableSection {TBODY} at (0,0) size 450x47
          LayoutTableRow {TR} at (0,2) size 450x43
            LayoutTableCell {TD} at (2,2) size 446x43 [r=0 c=0 rs=1 cs=1]
              RenderBlock (anonymous) at (1,1) size 444x16
                LayoutTable {TABLE} at (0,0) size 444x19 [bgcolor=#FFFF00]
                  LayoutTableSection {TBODY} at (0,0) size 444x19
                    LayoutTableRow {TR} at (0,0) size 444x19
                      LayoutTableCell {TD} at (0,0) size 444x19 [r=0 c=0 rs=1 cs=1]
                        RenderInline {FONT} at (0,0) size 11x15
                          RenderText {#text} at (2,2) size 11x15
                            text run at (2,2) width 11: "In"
                        RenderText {#text} at (0,0) size 0x0
                RenderBR {BR} at (0,0) size 0x16
              LayoutTable {TABLE} at (1,20) size 439x22 [bgcolor=#FF00FF]
                LayoutTableSection {TBODY} at (0,0) size 439x22
                  LayoutTableRow {TR} at (0,2) size 439x18
                    LayoutTableCell {TD} at (2,2) size 435x18 [r=0 c=0 rs=1 cs=1]
                      RenderText {#text} at (1,1) size 129x16
                        text run at (1,1) width 129: "Shop Till You Drop"
