layer at (0,0) size 800x600
  RenderView at (0,0) size 800x600
layer at (0,0) size 800x600
  RenderBlock {HTML} at (0,0) size 800x600
    RenderBody {BODY} at (8,8) size 784x584
      LayoutTable {TABLE} at (0,0) size 784x90
        LayoutTableSection {TBODY} at (0,0) size 784x90
          LayoutTableRow {TR} at (0,2) size 784x86
            LayoutTableCell {TD} at (2,2) size 640x86 [r=0 c=0 rs=1 cs=1]
              LayoutTable {TABLE} at (1,1) size 638x84
                LayoutTableSection {TBODY} at (0,0) size 638x84
                  LayoutTableRow {TR} at (0,2) size 638x80
                    LayoutTableCell {TD} at (2,2) size 634x80 [r=0 c=0 rs=1 cs=1]
                      RenderText {#text} at (1,1) size 56x78
                        text run at (1,1) width 56: "inside of"
                        text run at (1,63) width 32: "table"
                      RenderImage {IMG} at (32.09,17) size 600x58
            LayoutTableCell {TD} at (644,28) size 138x34 [r=0 c=1 rs=1 cs=1]
              RenderText {#text} at (1,1) size 121x32
                text run at (1,1) width 121: "2nd row of outside"
                text run at (1,17) width 32: "table"
