layer at (0,0) size 800x600
  RenderView at (0,0) size 800x600
layer at (0,0) size 800x600
  RenderBlock {HTML} at (0,0) size 800x600
    RenderBody {BODY} at (8,8) size 784x584
      LayoutTable {TABLE} at (0,0) size 784x36 [border: (1px outset #808080)]
        LayoutTableSection {TBODY} at (1,1) size 782x34
          LayoutTableRow {TR} at (0,2) size 782x30
            LayoutTableCell {TD} at (2,7) size 388x20 [border: (1px inset #808080)] [r=0 c=0 rs=1 cs=1]
              RenderText {#text} at (2,2) size 27x16
                text run at (2,2) width 27: "One"
            LayoutTableCell {TD} at (392,2) size 388x30 [border: (1px inset #808080)] [r=0 c=1 rs=1 cs=1]
              LayoutTable {TABLE} at (2,2) size 384x26 [border: (1px outset #808080)]
                LayoutTableSection {TBODY} at (1,1) size 382x24
                  LayoutTableRow {TR} at (0,2) size 382x20
                    LayoutTableCell {TD} at (2,2) size 188x20 [border: (1px inset #808080)] [r=0 c=0 rs=1 cs=1]
                      RenderText {#text} at (2,2) size 30x16
                        text run at (2,2) width 30: "Two"
                    LayoutTableCell {TD} at (192,2) size 188x20 [border: (1px inset #808080)] [r=0 c=1 rs=1 cs=1]
                      RenderText {#text} at (2,2) size 38x16
                        text run at (2,2) width 38: "Three"
