layer at (0,0) size 800x600
  RenderView at (0,0) size 800x600
layer at (0,0) size 800x600
  RenderBlock {HTML} at (0,0) size 800x600
    RenderBody {BODY} at (8,8) size 784x584 [bgcolor=#68A8E8]
      RenderBlock {DIV} at (0,0) size 784x23 [bgcolor=#D0D0D0]
        RenderText {#text} at (322,0) size 140x23
          text run at (322,0) width 140: "Font Size:6mm"
      LayoutTable {TABLE} at (0,23) size 784x123 [bgcolor=#008000]
        LayoutTableSection {TBODY} at (0,0) size 784x123
          LayoutTableRow {TR} at (0,2) size 784x119
            LayoutTableCell {TD} at (2,2) size 389x115 [r=0 c=0 rs=1 cs=1]
              RenderBlock {DIV} at (1,1) size 387x23 [bgcolor=#D0D0D0]
                RenderText {#text} at (93,0) size 201x23
                  text run at (93,0) width 201: "Table height at 24mm"
              LayoutTable {TABLE} at (1,24) size 387x90
                LayoutTableSection {THEAD} at (0,0) size 387x29 [bgcolor=#FF0000]
                  LayoutTableRow {TR} at (0,2) size 387x25
                    LayoutTableCell {TD} at (2,2) size 383x25 [r=0 c=0 rs=1 cs=1]
                      RenderText {#text} at (151,1) size 81x23
                        text run at (151,1) width 81: "THEAD"
                LayoutTableSection {TFOOT} at (0,63) size 387x27 [bgcolor=#0000FF]
                  LayoutTableRow {TR} at (0,0) size 387x25
                    LayoutTableCell {TD} at (2,0) size 383x25 [r=0 c=0 rs=1 cs=1]
                      RenderText {#text} at (154,1) size 75x23
                        text run at (154,1) width 75: "TFOOT"
                LayoutTableSection {TBODY} at (0,29) size 387x34 [bgcolor=#FFFF00]
                  LayoutTableRow {TR} at (0,0) size 387x32
                    LayoutTableCell {TD} at (2,0) size 383x25 [r=0 c=0 rs=1 cs=1]
                      RenderText {#text} at (155,1) size 73x23
                        text run at (155,1) width 73: "TBODY"
            LayoutTableCell {TD} at (393,2) size 389x119 [r=0 c=1 rs=1 cs=1]
              RenderBlock {DIV} at (1,1) size 387x23 [bgcolor=#D0D0D0]
                RenderText {#text} at (93,0) size 201x23
                  text run at (93,0) width 201: "Table height at 25mm"
              LayoutTable {TABLE} at (1,24) size 387x94
                LayoutTableSection {THEAD} at (0,0) size 387x29 [bgcolor=#FF0000]
                  LayoutTableRow {TR} at (0,2) size 387x25
                    LayoutTableCell {TD} at (2,2) size 383x25 [r=0 c=0 rs=1 cs=1]
                      RenderText {#text} at (151,1) size 81x23
                        text run at (151,1) width 81: "THEAD"
                LayoutTableSection {TFOOT} at (0,67) size 387x27 [bgcolor=#0000FF]
                  LayoutTableRow {TR} at (0,0) size 387x25
                    LayoutTableCell {TD} at (2,0) size 383x25 [r=0 c=0 rs=1 cs=1]
                      RenderText {#text} at (154,1) size 75x23
                        text run at (154,1) width 75: "TFOOT"
                LayoutTableSection {TBODY} at (0,29) size 387x38 [bgcolor=#FFFF00]
                  LayoutTableRow {TR} at (0,0) size 387x36
                    LayoutTableCell {TD} at (2,0) size 383x25 [r=0 c=0 rs=1 cs=1]
                      RenderText {#text} at (155,1) size 73x23
                        text run at (155,1) width 73: "TBODY"
