layer at (0,0) size 800x600
  RenderView at (0,0) size 800x600
layer at (0,0) size 800x128
  RenderBlock {HTML} at (0,0) size 800x128
    RenderBody {BODY} at (8,8) size 784x112
      LayoutTable {TABLE} at (0,0) size 86x112 [border: (1px outset #808080)]
        LayoutTableSection {TBODY} at (1,1) size 84x56
          LayoutTableRow {TR} at (0,2) size 84x52
            LayoutTableCell {TH} at (2,26) size 37x4 [border: (1px inset #808080)] [r=0 c=0 rs=1 cs=1]
            LayoutTableCell {TD} at (41,2) size 41x52 [border: (1px inset #808080)] [r=0 c=1 rs=1 cs=1]
              RenderBlock {P} at (2,18) size 37x16
                RenderText {#text} at (0,0) size 37x16
                  text run at (0,0) width 37: "TWO"
        LayoutTableCol {COLGROUP} at (0,0) size 0x0
          LayoutTableCol {COL} at (0,0) size 0x0
        LayoutTableSection {TBODY} at (1,57) size 84x54
          LayoutTableRow {TR} at (0,0) size 84x52
            LayoutTableCell {TD} at (2,0) size 37x52 [border: (1px inset #808080)] [r=0 c=0 rs=1 cs=1]
              RenderBlock {P} at (2,18) size 33x16
                RenderText {#text} at (0,0) size 33x16
                  text run at (0,0) width 33: "ONE"
        LayoutTableCol {COLGROUP} at (0,0) size 0x0
          LayoutTableCol {COL} at (0,0) size 0x0
