layer at (0,0) size 800x600
  RenderView at (0,0) size 800x600
layer at (0,0) size 800x600
  RenderBlock {HTML} at (0,0) size 800x600
    RenderBody {BODY} at (8,8) size 784x584
      LayoutTable {TABLE} at (0,0) size 63x584
        LayoutTableSection {THEAD} at (0,0) size 63x22
          LayoutTableRow {TR} at (0,2) size 63x18
            LayoutTableCell {TD} at (2,2) size 59x18 [r=0 c=0 rs=1 cs=1]
              RenderText {#text} at (1,1) size 57x16
                text run at (1,1) width 57: "THEAD"
        LayoutTableSection {TFOOT} at (0,564) size 63x20
          LayoutTableRow {TR} at (0,0) size 63x18
            LayoutTableCell {TD} at (2,0) size 59x18 [r=0 c=0 rs=1 cs=1]
              RenderText {#text} at (1,1) size 57x16
                text run at (1,1) width 57: "TFOOT"
        LayoutTableSection {TBODY} at (0,22) size 63x542
          LayoutTableRow {TR} at (0,0) size 63x540
            LayoutTableCell {TD} at (2,261) size 59x18 [r=0 c=0 rs=1 cs=1]
              RenderText {#text} at (1,1) size 56x16
                text run at (1,1) width 56: "TBODY"
