layer at (0,0) size 800x600
  RenderView at (0,0) size 800x600
layer at (0,0) size 800x600
  RenderBlock {HTML} at (0,0) size 800x600
    RenderBody {BODY} at (8,8) size 784x584 [bgcolor=#FFFFFF]
      LayoutTable {TABLE} at (0,0) size 604x46 [border: (1px outset #808080)]
        LayoutTableSection {TBODY} at (1,1) size 602x44
          LayoutTableRow {TR} at (0,0) size 602x26
            LayoutTableCell {TD} at (0,0) size 602x26 [border: (1px inset #808080)] [r=0 c=0 rs=1 cs=3]
              LayoutTable {TABLE} at (1,1) size 600x24 [border: (1px outset #808080)]
                LayoutTableSection {TBODY} at (1,1) size 598x22
                  LayoutTableRow {TR} at (0,0) size 598x22
                    LayoutTableCell {TD} at (0,0) size 598x22 [border: (1px inset #808080)] [r=0 c=0 rs=1 cs=1]
                      LayoutTable {TABLE} at (1,1) size 596x20 [border: (1px outset #808080)]
                        LayoutTableSection {TBODY} at (1,1) size 594x18
                          LayoutTableRow {TR} at (0,0) size 594x18 [bgcolor=#FF0000]
                            LayoutTableCell {TD} at (0,0) size 594x18 [border: (1px inset #808080)] [r=0 c=0 rs=1 cs=1]
                              RenderText {#text} at (1,1) size 54x16
                                text run at (1,1) width 54: "cell data"
                              RenderText {#text} at (0,0) size 0x0
          LayoutTableRow {TR} at (0,26) size 602x18
            LayoutTableCell {TD} at (0,26) size 602x18 [border: (1px inset #808080)] [r=1 c=0 rs=1 cs=1]
              RenderText {#text} at (1,1) size 66x16
                text run at (1,1) width 66: "cell data 2"
