layer at (0,0) size 800x600
  RenderView at (0,0) size 800x600
layer at (0,0) size 800x600
  RenderBlock {HTML} at (0,0) size 800x600
    RenderBody {BODY} at (8,8) size 784x584
      RenderBlock {P} at (0,0) size 784x16
        RenderInline {B} at (0,0) size 383x16
          RenderText {#text} at (0,0) size 383x16
            text run at (0,0) width 383: "(1) Colspanning TD has fixed width equal to table width"
      LayoutTable {TABLE} at (0,32) size 340x38 [bgcolor=#FFFFCC] [border: (1px outset #808080)]
        LayoutTableSection {TBODY} at (1,1) size 338x36
          LayoutTableRow {TR} at (0,0) size 338x18
            LayoutTableCell {TD} at (0,0) size 338x18 [border: (1px inset #808080)] [r=0 c=0 rs=1 cs=2]
              RenderText {#text} at (1,1) size 170x16
                text run at (1,1) width 170: "width=340 (same as table)"
          LayoutTableRow {TR} at (0,18) size 338x18
            LayoutTableCell {TD} at (0,18) size 82x18 [border: (1px inset #808080)] [r=1 c=0 rs=1 cs=1]
              RenderText {#text} at (1,1) size 71x16
                text run at (1,1) width 71: "Search for:"
            LayoutTableCell {TD} at (82,18) size 256x18 [border: (1px inset #808080)] [r=1 c=1 rs=1 cs=1]
              RenderText {#text} at (1,1) size 224x16
                text run at (1,1) width 224: "foo bar baz foo bar baz foo bar baz"
      RenderBlock {P} at (0,86) size 784x16
        RenderInline {B} at (0,0) size 240x16
          RenderText {#text} at (0,0) size 240x16
            text run at (0,0) width 240: "(2) Colspanning TD has auto width"
      LayoutTable {TABLE} at (0,118) size 340x38 [bgcolor=#FFFFCC] [border: (1px outset #808080)]
        LayoutTableSection {TBODY} at (1,1) size 338x36
          LayoutTableRow {TR} at (0,0) size 338x18
            LayoutTableCell {TD} at (0,0) size 338x18 [border: (1px inset #808080)] [r=0 c=0 rs=1 cs=2]
              RenderText {#text} at (1,1) size 114x16
                text run at (1,1) width 114: "no width attribute"
          LayoutTableRow {TR} at (0,18) size 338x18
            LayoutTableCell {TD} at (0,18) size 82x18 [border: (1px inset #808080)] [r=1 c=0 rs=1 cs=1]
              RenderText {#text} at (1,1) size 71x16
                text run at (1,1) width 71: "Search for:"
            LayoutTableCell {TD} at (82,18) size 256x18 [border: (1px inset #808080)] [r=1 c=1 rs=1 cs=1]
              RenderText {#text} at (1,1) size 224x16
                text run at (1,1) width 224: "foo bar baz foo bar baz foo bar baz"
      RenderBlock {P} at (0,172) size 784x16
        RenderInline {B} at (0,0) size 256x16
          RenderText {#text} at (0,0) size 256x16
            text run at (0,0) width 256: "(3) Colspanning TD has width=100px"
      LayoutTable {TABLE} at (0,204) size 340x38 [bgcolor=#FFFFCC] [border: (1px outset #808080)]
        LayoutTableSection {TBODY} at (1,1) size 338x36
          LayoutTableRow {TR} at (0,0) size 338x18
            LayoutTableCell {TD} at (0,0) size 338x18 [border: (1px inset #808080)] [r=0 c=0 rs=1 cs=2]
              RenderText {#text} at (1,1) size 86x16
                text run at (1,1) width 86: "width=100px"
          LayoutTableRow {TR} at (0,18) size 338x18
            LayoutTableCell {TD} at (0,18) size 82x18 [border: (1px inset #808080)] [r=1 c=0 rs=1 cs=1]
              RenderText {#text} at (1,1) size 71x16
                text run at (1,1) width 71: "Search for:"
            LayoutTableCell {TD} at (82,18) size 256x18 [border: (1px inset #808080)] [r=1 c=1 rs=1 cs=1]
              RenderText {#text} at (1,1) size 224x16
                text run at (1,1) width 224: "foo bar baz foo bar baz foo bar baz"
      RenderBlock {P} at (0,258) size 784x16
        RenderInline {B} at (0,0) size 256x16
          RenderText {#text} at (0,0) size 256x16
            text run at (0,0) width 256: "(4) Colspanning TD has width=200px"
      LayoutTable {TABLE} at (0,290) size 340x38 [bgcolor=#FFFFCC] [border: (1px outset #808080)]
        LayoutTableSection {TBODY} at (1,1) size 338x36
          LayoutTableRow {TR} at (0,0) size 338x18
            LayoutTableCell {TD} at (0,0) size 338x18 [border: (1px inset #808080)] [r=0 c=0 rs=1 cs=2]
              RenderText {#text} at (1,1) size 86x16
                text run at (1,1) width 86: "width=200px"
          LayoutTableRow {TR} at (0,18) size 338x18
            LayoutTableCell {TD} at (0,18) size 82x18 [border: (1px inset #808080)] [r=1 c=0 rs=1 cs=1]
              RenderText {#text} at (1,1) size 71x16
                text run at (1,1) width 71: "Search for:"
            LayoutTableCell {TD} at (82,18) size 256x18 [border: (1px inset #808080)] [r=1 c=1 rs=1 cs=1]
              RenderText {#text} at (1,1) size 224x16
                text run at (1,1) width 224: "foo bar baz foo bar baz foo bar baz"
      RenderBlock {P} at (0,344) size 784x16
        RenderInline {B} at (0,0) size 255x16
          RenderText {#text} at (0,0) size 255x16
            text run at (0,0) width 255: "(5) Colspanning TD has width=100%"
      LayoutTable {TABLE} at (0,376) size 340x38 [bgcolor=#FFFFCC] [border: (1px outset #808080)]
        LayoutTableSection {TBODY} at (1,1) size 338x36
          LayoutTableRow {TR} at (0,0) size 338x18
            LayoutTableCell {TD} at (0,0) size 338x18 [border: (1px inset #808080)] [r=0 c=0 rs=1 cs=2]
              RenderText {#text} at (1,1) size 83x16
                text run at (1,1) width 83: "width=100%"
          LayoutTableRow {TR} at (0,18) size 338x18
            LayoutTableCell {TD} at (0,18) size 83x18 [border: (1px inset #808080)] [r=1 c=0 rs=1 cs=1]
              RenderText {#text} at (1,1) size 71x16
                text run at (1,1) width 71: "Search for:"
            LayoutTableCell {TD} at (83,18) size 255x18 [border: (1px inset #808080)] [r=1 c=1 rs=1 cs=1]
              RenderText {#text} at (1,1) size 224x16
                text run at (1,1) width 224: "foo bar baz foo bar baz foo bar baz"
