layer at (0,0) size 800x600
  RenderView at (0,0) size 800x600
layer at (0,0) size 800x600
  RenderBlock {HTML} at (0,0) size 800x600
    RenderBody {BODY} at (8,8) size 784x584
      LayoutTable {TABLE} at (0,0) size 122x44 [border: (3px outset #808080)]
        LayoutTableSection {TBODY} at (3,3) size 116x38
          LayoutTableRow {TR} at (0,0) size 116x38
            LayoutTableCell {TD} at (0,0) size 116x38 [border: (1px inset #808080)] [r=0 c=0 rs=1 cs=1]
              RenderBlock (anonymous) at (1,1) size 114x16
                RenderText {#text} at (0,0) size 114x16
                  text run at (0,0) width 114: "Family Essentials"
              LayoutTable {TABLE} at (1,17) size 26x20 [border: (1px outset #808080)]
                LayoutTableSection {TBODY} at (1,1) size 24x18
                  LayoutTableRow {TR} at (0,0) size 24x18
                    LayoutTableCell {TD} at (0,0) size 24x18 [border: (1px inset #808080)] [r=0 c=0 rs=1 cs=1]
                      RenderText {#text} at (1,1) size 22x16
                        text run at (1,1) width 22: "foo"
