layer at (0,0) size 800x600
  RenderView at (0,0) size 800x600
layer at (0,0) size 800x600
  RenderBlock {HTML} at (0,0) size 800x600
    RenderBody {BODY} at (8,8) size 784x584
      LayoutTable {TABLE} at (0,0) size 60x200 [border: (1px outset #808080)]
        LayoutTableSection {TBODY} at (1,1) size 58x198
          LayoutTableRow {TR} at (0,2) size 58x194
            LayoutTableCell {TD} at (2,2) size 54x194 [border: (1px inset #808080)] [r=0 c=0 rs=1 cs=1]
              LayoutTable {TABLE} at (2,2) size 50x190 [border: (1px outset #808080)]
                LayoutTableSection {TBODY} at (1,1) size 48x188
                  LayoutTableRow {TR} at (0,2) size 48x54
                    LayoutTableCell {TD} at (2,2) size 44x54 [border: (1px inset #808080)] [r=0 c=0 rs=1 cs=1]
                      LayoutTable {TABLE} at (2,2) size 40x50 [border: (1px outset #808080)]
                        LayoutTableSection {TBODY} at (1,1) size 38x48
                          LayoutTableRow {TR} at (0,2) size 38x20
                            LayoutTableCell {TD} at (2,2) size 34x20 [border: (1px inset #808080)] [r=0 c=0 rs=1 cs=1]
                              RenderText {#text} at (2,2) size 30x16
                                text run at (2,2) width 30: "30%"
                          LayoutTableRow {TR} at (0,24) size 38x22
                            LayoutTableCell {TD} at (2,25) size 34x20 [border: (1px inset #808080)] [r=1 c=0 rs=1 cs=1]
                              RenderText {#text} at (2,2) size 30x16
                                text run at (2,2) width 30: "70%"
                  LayoutTableRow {TR} at (0,58) size 48x128
                    LayoutTableCell {TD} at (2,112) size 44x20 [border: (1px inset #808080)] [r=1 c=0 rs=1 cs=1]
                      RenderText {#text} at (2,2) size 30x16
                        text run at (2,2) width 30: "70%"
