layer at (0,0) size 800x600
  RenderView at (0,0) size 800x600
layer at (0,0) size 800x600
  RenderBlock {HTML} at (0,0) size 800x600
    RenderBody {BODY} at (8,8) size 784x584
      LayoutTable {TABLE} at (0,0) size 226x70 [border: (1px outset #808080)]
        LayoutTableSection {TBODY} at (1,1) size 224x68
          LayoutTableRow {TR} at (0,2) size 224x20
            LayoutTableCell {TD} at (2,2) size 186x20 [border: (1px inset #808080)] [r=0 c=0 rs=1 cs=1]
              RenderText {#text} at (2,2) size 28x16
                text run at (2,2) width 28: "Test"
            LayoutTableCell {TD} at (190,24) size 32x20 [border: (1px inset #808080)] [r=0 c=1 rs=3 cs=1]
              RenderText {#text} at (2,2) size 28x16
                text run at (2,2) width 28: "Test"
          LayoutTableRow {TR} at (0,24) size 224x42
            LayoutTableCell {TD} at (2,24) size 186x42 [border: (1px inset #808080)] [r=1 c=0 rs=1 cs=1]
              RenderBlock (anonymous) at (2,2) size 182x16
                RenderInline {SPAN} at (0,0) size 168x16
                  RenderText {#text} at (0,0) size 168x16
                    text run at (0,0) width 168: "This cell should be visible"
              RenderBlock (anonymous) at (2,18) size 182x22
                LayoutTable {TABLE} at (0,0) size 182x22
                  LayoutTableSection {TBODY} at (0,0) size 182x22
                    LayoutTableRow {TR} at (0,2) size 182x18
                      LayoutTableCell {TD} at (2,2) size 178x18 [r=0 c=0 rs=1 cs=1]
                        RenderText {#text} at (1,1) size 176x16
                          text run at (1,1) width 176: "This table should be visible"
              RenderBlock (anonymous) at (2,40) size 182x0
                RenderInline {SPAN} at (0,0) size 0x0
                RenderText {#text} at (0,0) size 0x0
