layer at (0,0) size 800x600
  RenderView at (0,0) size 800x600
layer at (0,0) size 800x600
  RenderBlock {HTML} at (0,0) size 800x600
    RenderBody {BODY} at (8,8) size 784x584
      LayoutTable {TABLE} at (0,0) size 106x48 [border: (5px outset #808080)]
        LayoutTableSection {TBODY} at (5,5) size 96x38
          LayoutTableRow {TR} at (0,2) size 96x34
            LayoutTableCell {TD} at (2,2) size 92x34 [border: (1px inset #808080)] [r=0 c=0 rs=1 cs=1]
              LayoutTable {TABLE} at (2,2) size 88x30 [border: (3px outset #808080)]
                LayoutTableSection {TBODY} at (3,3) size 82x24
                  LayoutTableRow {TR} at (0,2) size 82x20
                    LayoutTableCell {TD} at (2,2) size 78x20 [border: (1px inset #808080)] [r=0 c=0 rs=1 cs=1]
                      RenderText {#text} at (2,2) size 74x16
                        text run at (2,2) width 74: "Inner Right"
      LayoutTable {TABLE} at (0,48) size 97x48 [border: (5px outset #808080)]
        LayoutTableSection {TBODY} at (5,5) size 87x38
          LayoutTableRow {TR} at (0,2) size 87x34
            LayoutTableCell {TD} at (2,2) size 83x34 [border: (1px inset #808080)] [r=0 c=0 rs=1 cs=1]
              LayoutTable {TABLE} at (2,2) size 79x30 [border: (3px outset #808080)]
                LayoutTableSection {TBODY} at (3,3) size 73x24
                  LayoutTableRow {TR} at (0,2) size 73x20
                    LayoutTableCell {TD} at (2,2) size 69x20 [border: (1px inset #808080)] [r=0 c=0 rs=1 cs=1]
                      RenderText {#text} at (2,2) size 65x16
                        text run at (2,2) width 65: "Inner Left"
