layer at (0,0) size 800x600
  RenderView at (0,0) size 800x600
layer at (0,0) size 800x600
  RenderBlock {HTML} at (0,0) size 800x600
    RenderBody {BODY} at (8,8) size 784x584
      LayoutTable {TABLE} at (0,0) size 214x82 [bgcolor=#FF0000] [border: (1px outset #808080)]
        LayoutTableSection {TBODY} at (1,1) size 212x80
          LayoutTableRow {TR} at (0,5) size 212x20 [bgcolor=#0000FF]
            LayoutTableCell {TD} at (5,5) size 47x20 [bgcolor=#008000] [border: (1px inset #808080)] [r=0 c=0 rs=1 cs=1]
              RenderText {#text} at (2,2) size 43x16
                text run at (2,2) width 43: "Cell A"
            LayoutTableCell {TD} at (57,5) size 46x20 [border: (1px inset #808080)] [r=0 c=1 rs=1 cs=1]
              RenderText {#text} at (2,2) size 42x16
                text run at (2,2) width 42: "Cell B"
            LayoutTableCell {TD} at (108,5) size 47x20 [border: (1px inset #808080)] [r=0 c=2 rs=1 cs=1]
              RenderText {#text} at (2,2) size 42x16
                text run at (2,2) width 42: "Cell C"
            LayoutTableCell {TD} at (160,5) size 47x20 [border: (1px inset #808080)] [r=0 c=3 rs=1 cs=1]
              RenderText {#text} at (2,2) size 43x16
                text run at (2,2) width 43: "Cell D"
          LayoutTableRow {TR} at (0,30) size 212x20
            LayoutTableCell {TD} at (5,30) size 47x20 [border: (1px inset #808080)] [r=1 c=0 rs=1 cs=1]
              RenderText {#text} at (2,2) size 41x16
                text run at (2,2) width 41: "Cell E"
            LayoutTableCell {TD} at (57,30) size 46x20 [border: (1px inset #808080)] [r=1 c=1 rs=1 cs=1]
              RenderText {#text} at (2,2) size 40x16
                text run at (2,2) width 40: "Cell F"
            LayoutTableCell {TD} at (108,30) size 47x20 [border: (1px inset #808080)] [r=1 c=2 rs=1 cs=1]
              RenderText {#text} at (2,2) size 43x16
                text run at (2,2) width 43: "Cell G"
            LayoutTableCell {TD} at (160,30) size 47x20 [border: (1px inset #808080)] [r=1 c=3 rs=1 cs=1]
              RenderText {#text} at (2,2) size 43x16
                text run at (2,2) width 43: "Cell H"
          LayoutTableRow {TR} at (0,55) size 212x20
            LayoutTableCell {TD} at (5,55) size 47x20 [border: (1px inset #808080)] [r=2 c=0 rs=1 cs=1]
              RenderText {#text} at (2,2) size 36x16
                text run at (2,2) width 36: "Cell I"
            LayoutTableCell {TD} at (57,55) size 46x20 [border: (1px inset #808080)] [r=2 c=1 rs=1 cs=1]
              RenderText {#text} at (2,2) size 37x16
                text run at (2,2) width 37: "Cell J"
            LayoutTableCell {TD} at (108,55) size 47x20 [border: (1px inset #808080)] [r=2 c=2 rs=1 cs=1]
              RenderText {#text} at (2,2) size 43x16
                text run at (2,2) width 43: "Cell K"
            LayoutTableCell {TD} at (160,55) size 47x20 [border: (1px inset #808080)] [r=2 c=3 rs=1 cs=1]
              RenderText {#text} at (2,2) size 41x16
                text run at (2,2) width 41: "Cell L"
