layer at (0,0) size 800x600
  RenderView at (0,0) size 800x600
layer at (0,0) size 800x600
  RenderBlock {HTML} at (0,0) size 800x600
    RenderBody {BODY} at (8,8) size 784x584
      LayoutTable {TABLE} at (0,0) size 784x219 [bgcolor=#FFCC00] [border: (1px outset #808080)]
        LayoutTableSection {TBODY} at (1,1) size 782x217
          LayoutTableRow {TR} at (0,0) size 782x199
            LayoutTableCell {TD} at (0,0) size 113x199 [border: (1px inset #808080)] [r=0 c=0 rs=1 cs=1]
              RenderImage {IMG} at (1,1) size 111x197
              RenderText {#text} at (0,0) size 0x0
            LayoutTableCell {TD} at (113,0) size 669x100 [border: (1px inset #808080)] [r=0 c=1 rs=1 cs=1]
              RenderImage {IMG} at (1,1) size 381x98
              RenderText {#text} at (0,0) size 0x0
          LayoutTableRow {TR} at (0,199) size 782x18
            LayoutTableCell {TD} at (0,199) size 113x18 [border: (1px inset #808080)] [r=1 c=0 rs=1 cs=1]
              RenderText {#text} at (1,1) size 96x16
                text run at (1,1) width 96: "something else"
            LayoutTableCell {TD} at (113,199) size 669x18 [border: (1px inset #808080)] [r=1 c=1 rs=1 cs=1]
              LayoutTable {TABLE} at (1,1) size 218x16
                LayoutTableSection {TBODY} at (0,0) size 218x16
                  LayoutTableRow {TR} at (0,0) size 218x16
                    LayoutTableCell {TD} at (0,0) size 218x16 [r=0 c=0 rs=1 cs=1]
                      RenderText {#text} at (0,0) size 218x16
                        text run at (0,0) width 218: "Sunday April 11, 1999, 07:34 PM"
