layer at (0,0) size 800x600
  RenderView at (0,0) size 800x600
layer at (0,0) size 800x226
  RenderBlock {HTML} at (0,0) size 800x226
    RenderBody {BODY} at (8,8) size 784x210 [bgcolor=#FFFFFF]
      LayoutTable {TABLE} at (0,0) size 54x210
        LayoutTableSection {TBODY} at (0,0) size 54x210
          LayoutTableRow {TR} at (0,1) size 54x18
            LayoutTableCell {TD} at (1,1) size 52x18 [color=#0000FF] [bgcolor=#CCCCCC] [r=0 c=0 rs=1 cs=1]
              RenderText {#text} at (1,1) size 42x16
                text run at (1,1) width 42: "Line 1"
          LayoutTableRow {TR} at (0,20) size 54x18
            LayoutTableCell {TD} at (1,20) size 52x18 [color=#0000FF] [bgcolor=#CCCCCC] [r=1 c=0 rs=1 cs=1]
              RenderText {#text} at (1,1) size 42x16
                text run at (1,1) width 42: "Line 2"
          LayoutTableRow {TR} at (0,39) size 54x18
            LayoutTableCell {TD} at (1,39) size 52x18 [color=#0000FF] [bgcolor=#CCCCCC] [r=2 c=0 rs=1 cs=1]
              RenderText {#text} at (1,1) size 42x16
                text run at (1,1) width 42: "Line 3"
          LayoutTableRow {TR} at (0,58) size 54x18
            LayoutTableCell {TD} at (1,58) size 52x18 [color=#0000FF] [bgcolor=#CCCCCC] [r=3 c=0 rs=1 cs=1]
              RenderText {#text} at (1,1) size 42x16
                text run at (1,1) width 42: "Line 4"
          LayoutTableRow {TR} at (0,77) size 54x18
            LayoutTableCell {TD} at (1,77) size 52x18 [color=#0000FF] [bgcolor=#CCCCCC] [r=4 c=0 rs=1 cs=1]
              RenderText {#text} at (1,1) size 42x16
                text run at (1,1) width 42: "Line 5"
          LayoutTableRow {TR} at (0,96) size 54x18
            LayoutTableCell {TD} at (1,96) size 52x18 [color=#0000FF] [bgcolor=#CCCCCC] [r=5 c=0 rs=1 cs=1]
              RenderText {#text} at (1,1) size 42x16
                text run at (1,1) width 42: "Line 6"
          LayoutTableRow {TR} at (0,115) size 54x18
            LayoutTableCell {TD} at (1,115) size 52x18 [color=#0000FF] [bgcolor=#CCCCCC] [r=6 c=0 rs=1 cs=1]
              RenderText {#text} at (1,1) size 42x16
                text run at (1,1) width 42: "Line 7"
          LayoutTableRow {TR} at (0,134) size 54x18
            LayoutTableCell {TD} at (1,134) size 52x18 [color=#0000FF] [bgcolor=#CCCCCC] [r=7 c=0 rs=1 cs=1]
              RenderText {#text} at (1,1) size 42x16
                text run at (1,1) width 42: "Line 8"
          LayoutTableRow {TR} at (0,153) size 54x18
            LayoutTableCell {TD} at (1,153) size 52x18 [color=#0000FF] [bgcolor=#CCCCCC] [r=8 c=0 rs=1 cs=1]
              RenderText {#text} at (1,1) size 42x16
                text run at (1,1) width 42: "Line 9"
          LayoutTableRow {TR} at (0,172) size 54x18
            LayoutTableCell {TD} at (1,172) size 52x18 [color=#0000FF] [bgcolor=#CCCCCC] [r=9 c=0 rs=1 cs=1]
              RenderText {#text} at (1,1) size 50x16
                text run at (1,1) width 50: "Line 10"
          LayoutTableRow {TR} at (0,191) size 54x18
            LayoutTableCell {TD} at (1,191) size 52x18 [color=#0000FF] [bgcolor=#CCCCCC] [r=10 c=0 rs=1 cs=1]
              RenderText {#text} at (1,1) size 50x16
                text run at (1,1) width 50: "Line 11"
