layer at (0,0) size 800x600
  RenderView at (0,0) size 800x600
layer at (0,0) size 800x600
  RenderBlock {HTML} at (0,0) size 800x600
    RenderBody {BODY} at (8,8) size 784x584
      LayoutTable {TABLE} at (0,0) size 248x584 [border: (1px outset #808080)]
        LayoutTableSection {TBODY} at (1,1) size 246x582
          LayoutTableRow {TR} at (0,0) size 246x564
            LayoutTableCell {TD} at (0,273) size 246x18 [border: (1px inset #808080)] [r=0 c=0 rs=1 cs=1]
              RenderText {#text} at (1,1) size 230x16
                text run at (1,1) width 230: "Table cell without height restriction"
          LayoutTableRow {TR} at (0,564) size 246x18
            LayoutTableCell {TD} at (0,564) size 246x18 [border: (1px inset #808080)] [r=1 c=0 rs=1 cs=1]
              RenderText {#text} at (1,1) size 244x16
                text run at (1,1) width 244: "This table cell should be 5 pixels high"
