layer at (0,0) size 800x600
  RenderView at (0,0) size 800x600
layer at (0,0) size 800x600
  RenderBlock {HTML} at (0,0) size 800x600
    RenderBody {BODY} at (8,8) size 784x576
      RenderBlock {FORM} at (0,0) size 784x274
        LayoutTable {TABLE} at (0,0) size 784x274 [border: (1px outset #808080)]
          LayoutTableSection {TBODY} at (1,1) size 782x272
            LayoutTableRow {TR} at (0,2) size 782x20
              LayoutTableCell {TH} at (2,2) size 20x20 [border: (1px inset #808080)] [r=0 c=0 rs=1 cs=1]
                RenderText {#text} at (6,2) size 8x16
                  text run at (6,2) width 8: "#"
              LayoutTableCell {TH} at (24,2) size 74x20 [border: (1px inset #808080)] [r=0 c=1 rs=1 cs=1]
                RenderText {#text} at (2,2) size 70x16
                  text run at (2,2) width 70: "Relevance"
              LayoutTableCell {TH} at (100,2) size 528x20 [border: (1px inset #808080)] [r=0 c=2 rs=1 cs=1]
                RenderText {#text} at (228,2) size 72x16
                  text run at (228,2) width 72: "Title Long"
              LayoutTableCell {TH} at (630,2) size 110x20 [border: (1px inset #808080)] [r=0 c=3 rs=1 cs=1]
                RenderText {#text} at (30,2) size 50x16
                  text run at (30,2) width 50: "Author"
              LayoutTableCell {TH} at (742,2) size 36x20 [border: (1px inset #808080)] [r=0 c=4 rs=1 cs=1]
                RenderText {#text} at (2,2) size 32x16
                  text run at (2,2) width 32: "Date"
            LayoutTableRow {TR} at (0,24) size 782x36
              LayoutTableCell {TD} at (2,46) size 20x20 [border: (1px inset #808080)] [r=1 c=0 rs=2 cs=1]
                RenderText {#text} at (2,2) size 16x16
                  text run at (2,2) width 16: " 1 "
              LayoutTableCell {TD} at (24,46) size 74x20 [border: (1px inset #808080)] [r=1 c=1 rs=2 cs=1]
                RenderText {#text} at (2,2) size 16x16
                  text run at (2,2) width 16: "**"
              LayoutTableCell {TD} at (100,24) size 528x36 [border: (1px inset #808080)] [r=1 c=2 rs=1 cs=1]
                RenderText {#text} at (2,2) size 487x32
                  text run at (2,2) width 487: "UNIX and Windows 2000 integration toolkit : a complete guide for systems"
                  text run at (2,18) width 182: "administrators / Rawn Shah."
              LayoutTableCell {TD} at (630,32) size 110x20 [border: (1px inset #808080)] [r=1 c=3 rs=1 cs=1]
                RenderText {#text} at (2,2) size 82x16
                  text run at (2,2) width 82: "Shah, Rawn."
              LayoutTableCell {TD} at (742,32) size 36x20 [border: (1px inset #808080)] [r=1 c=4 rs=1 cs=1]
                RenderText {#text} at (2,2) size 32x16
                  text run at (2,2) width 32: "2000"
            LayoutTableRow {TR} at (0,62) size 782x26
              LayoutTableCell {TD} at (100,62) size 680x26 [border: (1px inset #808080)] [r=2 c=2 rs=1 cs=4]
                LayoutTable {TABLE} at (2,2) size 676x22
                  LayoutTableSection {TBODY} at (0,0) size 676x22
                    LayoutTableRow {TR} at (0,2) size 676x18
                      LayoutTableCell {TD} at (2,2) size 672x18 [r=0 c=0 rs=1 cs=1]
                        RenderText {#text} at (1,1) size 172x16
                          text run at (1,1) width 172: "Title has multiple holdings"
            LayoutTableRow {TR} at (0,90) size 782x36
              LayoutTableCell {TD} at (2,112) size 20x20 [border: (1px inset #808080)] [r=3 c=0 rs=2 cs=1]
                RenderText {#text} at (2,2) size 16x16
                  text run at (2,2) width 16: " 2 "
              LayoutTableCell {TD} at (24,112) size 74x20 [border: (1px inset #808080)] [r=3 c=1 rs=2 cs=1]
                RenderText {#text} at (2,2) size 16x16
                  text run at (2,2) width 16: "**"
              LayoutTableCell {TD} at (100,98) size 528x20 [border: (1px inset #808080)] [r=3 c=2 rs=1 cs=1]
                RenderText {#text} at (2,2) size 259x16
                  text run at (2,2) width 259: "Learning Red Hat Linux / Bill McCarty."
              LayoutTableCell {TD} at (630,90) size 110x36 [border: (1px inset #808080)] [r=3 c=3 rs=1 cs=1]
                RenderText {#text} at (2,2) size 93x32
                  text run at (2,2) width 93: "McCarty, Bill,"
                  text run at (2,18) width 38: "1953-"
              LayoutTableCell {TD} at (742,98) size 36x20 [border: (1px inset #808080)] [r=3 c=4 rs=1 cs=1]
                RenderText {#text} at (2,2) size 32x16
                  text run at (2,2) width 32: "1999"
            LayoutTableRow {TR} at (0,128) size 782x26
              LayoutTableCell {TD} at (100,128) size 680x26 [border: (1px inset #808080)] [r=4 c=2 rs=1 cs=4]
                LayoutTable {TABLE} at (2,2) size 676x22
                  LayoutTableSection {TBODY} at (0,0) size 676x22
                    LayoutTableRow {TR} at (0,2) size 676x18
                      LayoutTableCell {TD} at (2,2) size 672x18 [r=0 c=0 rs=1 cs=1]
                        RenderText {#text} at (1,1) size 172x16
                          text run at (1,1) width 172: "Title has multiple holdings"
            LayoutTableRow {TR} at (0,156) size 782x36
              LayoutTableCell {TD} at (2,178) size 20x20 [border: (1px inset #808080)] [r=5 c=0 rs=2 cs=1]
                RenderText {#text} at (2,2) size 16x16
                  text run at (2,2) width 16: " 3 "
              LayoutTableCell {TD} at (24,178) size 74x20 [border: (1px inset #808080)] [r=5 c=1 rs=2 cs=1]
                RenderText {#text} at (2,2) size 16x16
                  text run at (2,2) width 16: "**"
              LayoutTableCell {TD} at (100,164) size 528x20 [border: (1px inset #808080)] [r=5 c=2 rs=1 cs=1]
                RenderText {#text} at (2,2) size 288x16
                  text run at (2,2) width 288: "Learning Debian GNU/Linux / Bill Mccarty."
              LayoutTableCell {TD} at (630,156) size 110x36 [border: (1px inset #808080)] [r=5 c=3 rs=1 cs=1]
                RenderText {#text} at (2,2) size 93x32
                  text run at (2,2) width 93: "McCarty, Bill,"
                  text run at (2,18) width 38: "1953-"
              LayoutTableCell {TD} at (742,164) size 36x20 [border: (1px inset #808080)] [r=5 c=4 rs=1 cs=1]
                RenderText {#text} at (2,2) size 32x16
                  text run at (2,2) width 32: "1999"
            LayoutTableRow {TR} at (0,194) size 782x26
              LayoutTableCell {TD} at (100,194) size 680x26 [border: (1px inset #808080)] [r=6 c=2 rs=1 cs=4]
                LayoutTable {TABLE} at (2,2) size 676x22
                  LayoutTableSection {TBODY} at (0,0) size 676x22
                    LayoutTableRow {TR} at (0,2) size 676x18
                      LayoutTableCell {TD} at (2,2) size 672x18 [r=0 c=0 rs=1 cs=1]
                        RenderText {#text} at (1,1) size 172x16
                          text run at (1,1) width 172: "Title has multiple holdings"
            LayoutTableRow {TR} at (0,222) size 782x20
              LayoutTableCell {TD} at (2,236) size 20x20 [border: (1px inset #808080)] [r=7 c=0 rs=2 cs=1]
                RenderText {#text} at (2,2) size 16x16
                  text run at (2,2) width 16: " 4 "
              LayoutTableCell {TD} at (24,236) size 74x20 [border: (1px inset #808080)] [r=7 c=1 rs=2 cs=1]
                RenderText {#text} at (2,2) size 16x16
                  text run at (2,2) width 16: "**"
              LayoutTableCell {TD} at (100,222) size 528x20 [border: (1px inset #808080)] [r=7 c=2 rs=1 cs=1]
                RenderText {#text} at (2,2) size 398x16
                  text run at (2,2) width 398: "Advanced Java networking / Dick Steflik, Prashant Sridharan."
              LayoutTableCell {TD} at (630,222) size 110x20 [border: (1px inset #808080)] [r=7 c=3 rs=1 cs=1]
                RenderText {#text} at (2,2) size 86x16
                  text run at (2,2) width 86: "Steflik, Dick."
              LayoutTableCell {TD} at (742,222) size 36x20 [border: (1px inset #808080)] [r=7 c=4 rs=1 cs=1]
                RenderText {#text} at (2,2) size 32x16
                  text run at (2,2) width 32: "2000"
            LayoutTableRow {TR} at (0,244) size 782x26
              LayoutTableCell {TD} at (100,244) size 680x26 [border: (1px inset #808080)] [r=8 c=2 rs=1 cs=4]
                LayoutTable {TABLE} at (2,2) size 676x22
                  LayoutTableSection {TBODY} at (0,0) size 676x22
                    LayoutTableRow {TR} at (0,2) size 676x18
                      LayoutTableCell {TD} at (2,2) size 672x18 [r=0 c=0 rs=1 cs=1]
                        RenderText {#text} at (1,1) size 172x16
                          text run at (1,1) width 172: "Title has multiple holdings"
