layer at (0,0) size 800x600
  RenderView at (0,0) size 800x600
layer at (0,0) size 800x600
  RenderBlock {HTML} at (0,0) size 800x600
    RenderBody {BODY} at (8,8) size 784x584
      LayoutTable {TABLE} at (0,0) size 65x108
        RenderBlock {CAPTION} at (0,0) size 65x86
          LayoutTable {TABLE} at (0,0) size 65x86
            LayoutTableSection {TBODY} at (0,0) size 65x86
              LayoutTableRow {TR} at (0,2) size 65x82
                LayoutTableCell {TD} at (2,2) size 61x82 [r=0 c=0 rs=1 cs=1]
                  RenderText {#text} at (1,1) size 53x80
                    text run at (1,1) width 53: "Another"
                    text run at (1,17) width 32: "table"
                    text run at (1,33) width 39: "inside"
                    text run at (1,49) width 20: "the"
                    text run at (1,65) width 48: "caption"
        LayoutTableSection {TBODY} at (0,86) size 65x22
          LayoutTableRow {TR} at (0,2) size 65x18
            LayoutTableCell {TD} at (2,2) size 61x18 [r=0 c=0 rs=1 cs=1]
              RenderText {#text} at (1,1) size 59x16
                text run at (1,1) width 59: "First row"
