layer at (0,0) size 800x600
  RenderView at (0,0) size 800x600
layer at (0,0) size 800x600
  RenderBlock {HTML} at (0,0) size 800x600
    RenderBody {BODY} at (8,8) size 784x584
      RenderBlock {P} at (0,0) size 784x16
        RenderText {#text} at (0,0) size 126x16
          text run at (0,0) width 126: "No col or colgroup:"
      LayoutTable {TABLE} at (0,32) size 705x70 [border: (1px outset #808080)]
        LayoutTableSection {TBODY} at (1,1) size 703x68
          LayoutTableRow {TR} at (0,2) size 703x20
            LayoutTableCell {TD} at (2,2) size 231x20 [border: (1px inset #808080)] [r=0 c=0 rs=1 cs=1]
              RenderText {#text} at (2,2) size 31x16
                text run at (2,2) width 31: "Data"
            LayoutTableCell {TD} at (235,2) size 232x20 [border: (1px inset #808080)] [r=0 c=1 rs=1 cs=1]
              RenderText {#text} at (2,2) size 31x16
                text run at (2,2) width 31: "Data"
            LayoutTableCell {TD} at (469,2) size 232x20 [border: (1px inset #808080)] [r=0 c=2 rs=1 cs=1]
              RenderText {#text} at (2,2) size 31x16
                text run at (2,2) width 31: "Data"
          LayoutTableRow {TR} at (0,24) size 703x20
            LayoutTableCell {TD} at (2,24) size 231x20 [border: (1px inset #808080)] [r=1 c=0 rs=1 cs=1]
              RenderText {#text} at (2,2) size 31x16
                text run at (2,2) width 31: "Data"
            LayoutTableCell {TD} at (235,24) size 232x20 [border: (1px inset #808080)] [r=1 c=1 rs=1 cs=1]
              RenderText {#text} at (2,2) size 31x16
                text run at (2,2) width 31: "Data"
            LayoutTableCell {TD} at (469,24) size 232x20 [border: (1px inset #808080)] [r=1 c=2 rs=1 cs=1]
              RenderText {#text} at (2,2) size 31x16
                text run at (2,2) width 31: "Data"
          LayoutTableRow {TR} at (0,46) size 703x20
            LayoutTableCell {TD} at (2,46) size 231x20 [border: (1px inset #808080)] [r=2 c=0 rs=1 cs=1]
              RenderText {#text} at (2,2) size 31x16
                text run at (2,2) width 31: "Data"
            LayoutTableCell {TD} at (235,46) size 232x20 [border: (1px inset #808080)] [r=2 c=1 rs=1 cs=1]
              RenderText {#text} at (2,2) size 31x16
                text run at (2,2) width 31: "Data"
            LayoutTableCell {TD} at (469,46) size 232x20 [border: (1px inset #808080)] [r=2 c=2 rs=1 cs=1]
              RenderText {#text} at (2,2) size 31x16
                text run at (2,2) width 31: "Data"
      RenderBlock {P} at (0,118) size 784x16
        RenderText {#text} at (0,0) size 294x16
          text run at (0,0) width 294: "col elements with align=center on second col:"
      LayoutTable {TABLE} at (0,150) size 705x70 [border: (1px outset #808080)]
        LayoutTableCol {COLGROUP} at (0,0) size 0x0
          LayoutTableCol {COL} at (0,0) size 0x0
          LayoutTableCol {COL} at (0,0) size 0x0
          LayoutTableCol {COL} at (0,0) size 0x0
        LayoutTableSection {TBODY} at (1,1) size 703x68
          LayoutTableRow {TR} at (0,2) size 703x20
            LayoutTableCell {TD} at (2,2) size 231x20 [border: (1px inset #808080)] [r=0 c=0 rs=1 cs=1]
              RenderText {#text} at (2,2) size 31x16
                text run at (2,2) width 31: "Data"
            LayoutTableCell {TD} at (235,2) size 232x20 [border: (1px inset #808080)] [r=0 c=1 rs=1 cs=1]
              RenderText {#text} at (2,2) size 31x16
                text run at (2,2) width 31: "Data"
            LayoutTableCell {TD} at (469,2) size 232x20 [border: (1px inset #808080)] [r=0 c=2 rs=1 cs=1]
              RenderText {#text} at (2,2) size 31x16
                text run at (2,2) width 31: "Data"
          LayoutTableRow {TR} at (0,24) size 703x20
            LayoutTableCell {TD} at (2,24) size 231x20 [border: (1px inset #808080)] [r=1 c=0 rs=1 cs=1]
              RenderText {#text} at (2,2) size 31x16
                text run at (2,2) width 31: "Data"
            LayoutTableCell {TD} at (235,24) size 232x20 [border: (1px inset #808080)] [r=1 c=1 rs=1 cs=1]
              RenderText {#text} at (2,2) size 31x16
                text run at (2,2) width 31: "Data"
            LayoutTableCell {TD} at (469,24) size 232x20 [border: (1px inset #808080)] [r=1 c=2 rs=1 cs=1]
              RenderText {#text} at (2,2) size 31x16
                text run at (2,2) width 31: "Data"
          LayoutTableRow {TR} at (0,46) size 703x20
            LayoutTableCell {TD} at (2,46) size 231x20 [border: (1px inset #808080)] [r=2 c=0 rs=1 cs=1]
              RenderText {#text} at (2,2) size 31x16
                text run at (2,2) width 31: "Data"
            LayoutTableCell {TD} at (235,46) size 232x20 [border: (1px inset #808080)] [r=2 c=1 rs=1 cs=1]
              RenderText {#text} at (2,2) size 31x16
                text run at (2,2) width 31: "Data"
            LayoutTableCell {TD} at (469,46) size 232x20 [border: (1px inset #808080)] [r=2 c=2 rs=1 cs=1]
              RenderText {#text} at (2,2) size 31x16
                text run at (2,2) width 31: "Data"
      RenderBlock {P} at (0,236) size 784x16
        RenderText {#text} at (0,0) size 542x16
          text run at (0,0) width 542: "colgroup and col elements, with align on colgroup so 2nd and 3rd columns centered:"
      LayoutTable {TABLE} at (0,268) size 705x70 [border: (1px outset #808080)]
        LayoutTableCol {COLGROUP} at (0,0) size 0x0
          LayoutTableCol {COL} at (0,0) size 0x0
        LayoutTableCol {COLGROUP} at (0,0) size 0x0
          LayoutTableCol {COL} at (0,0) size 0x0
          LayoutTableCol {COL} at (0,0) size 0x0
        LayoutTableSection {TBODY} at (1,1) size 703x68
          LayoutTableRow {TR} at (0,2) size 703x20
            LayoutTableCell {TD} at (2,2) size 231x20 [border: (1px inset #808080)] [r=0 c=0 rs=1 cs=1]
              RenderText {#text} at (2,2) size 31x16
                text run at (2,2) width 31: "Data"
            LayoutTableCell {TD} at (235,2) size 232x20 [border: (1px inset #808080)] [r=0 c=1 rs=1 cs=1]
              RenderText {#text} at (2,2) size 31x16
                text run at (2,2) width 31: "Data"
            LayoutTableCell {TD} at (469,2) size 232x20 [border: (1px inset #808080)] [r=0 c=2 rs=1 cs=1]
              RenderText {#text} at (2,2) size 31x16
                text run at (2,2) width 31: "Data"
          LayoutTableRow {TR} at (0,24) size 703x20
            LayoutTableCell {TD} at (2,24) size 231x20 [border: (1px inset #808080)] [r=1 c=0 rs=1 cs=1]
              RenderText {#text} at (2,2) size 31x16
                text run at (2,2) width 31: "Data"
            LayoutTableCell {TD} at (235,24) size 232x20 [border: (1px inset #808080)] [r=1 c=1 rs=1 cs=1]
              RenderText {#text} at (2,2) size 31x16
                text run at (2,2) width 31: "Data"
            LayoutTableCell {TD} at (469,24) size 232x20 [border: (1px inset #808080)] [r=1 c=2 rs=1 cs=1]
              RenderText {#text} at (2,2) size 31x16
                text run at (2,2) width 31: "Data"
          LayoutTableRow {TR} at (0,46) size 703x20
            LayoutTableCell {TD} at (2,46) size 231x20 [border: (1px inset #808080)] [r=2 c=0 rs=1 cs=1]
              RenderText {#text} at (2,2) size 31x16
                text run at (2,2) width 31: "Data"
            LayoutTableCell {TD} at (235,46) size 232x20 [border: (1px inset #808080)] [r=2 c=1 rs=1 cs=1]
              RenderText {#text} at (2,2) size 31x16
                text run at (2,2) width 31: "Data"
            LayoutTableCell {TD} at (469,46) size 232x20 [border: (1px inset #808080)] [r=2 c=2 rs=1 cs=1]
              RenderText {#text} at (2,2) size 31x16
                text run at (2,2) width 31: "Data"
      RenderBlock {P} at (0,354) size 784x16
        RenderText {#text} at (0,0) size 446x16
          text run at (0,0) width 446: "colgroup and col elements, with align on col so 2nd column centered:"
      LayoutTable {TABLE} at (0,386) size 705x70 [border: (1px outset #808080)]
        LayoutTableCol {COLGROUP} at (0,0) size 0x0
          LayoutTableCol {COL} at (0,0) size 0x0
        LayoutTableCol {COLGROUP} at (0,0) size 0x0
          LayoutTableCol {COL} at (0,0) size 0x0
          LayoutTableCol {COL} at (0,0) size 0x0
        LayoutTableSection {TBODY} at (1,1) size 703x68
          LayoutTableRow {TR} at (0,2) size 703x20
            LayoutTableCell {TD} at (2,2) size 231x20 [border: (1px inset #808080)] [r=0 c=0 rs=1 cs=1]
              RenderText {#text} at (2,2) size 31x16
                text run at (2,2) width 31: "Data"
            LayoutTableCell {TD} at (235,2) size 232x20 [border: (1px inset #808080)] [r=0 c=1 rs=1 cs=1]
              RenderText {#text} at (2,2) size 31x16
                text run at (2,2) width 31: "Data"
            LayoutTableCell {TD} at (469,2) size 232x20 [border: (1px inset #808080)] [r=0 c=2 rs=1 cs=1]
              RenderText {#text} at (2,2) size 31x16
                text run at (2,2) width 31: "Data"
          LayoutTableRow {TR} at (0,24) size 703x20
            LayoutTableCell {TD} at (2,24) size 231x20 [border: (1px inset #808080)] [r=1 c=0 rs=1 cs=1]
              RenderText {#text} at (2,2) size 31x16
                text run at (2,2) width 31: "Data"
            LayoutTableCell {TD} at (235,24) size 232x20 [border: (1px inset #808080)] [r=1 c=1 rs=1 cs=1]
              RenderText {#text} at (2,2) size 31x16
                text run at (2,2) width 31: "Data"
            LayoutTableCell {TD} at (469,24) size 232x20 [border: (1px inset #808080)] [r=1 c=2 rs=1 cs=1]
              RenderText {#text} at (2,2) size 31x16
                text run at (2,2) width 31: "Data"
          LayoutTableRow {TR} at (0,46) size 703x20
            LayoutTableCell {TD} at (2,46) size 231x20 [border: (1px inset #808080)] [r=2 c=0 rs=1 cs=1]
              RenderText {#text} at (2,2) size 31x16
                text run at (2,2) width 31: "Data"
            LayoutTableCell {TD} at (235,46) size 232x20 [border: (1px inset #808080)] [r=2 c=1 rs=1 cs=1]
              RenderText {#text} at (2,2) size 31x16
                text run at (2,2) width 31: "Data"
            LayoutTableCell {TD} at (469,46) size 232x20 [border: (1px inset #808080)] [r=2 c=2 rs=1 cs=1]
              RenderText {#text} at (2,2) size 31x16
                text run at (2,2) width 31: "Data"
