layer at (0,0) size 800x600
  LayoutView at (0,0) size 800x600
layer at (0,0) size 800x600
  LayoutBlockFlow {HTML} at (0,0) size 800x600
    LayoutBlockFlow {BODY} at (8,8) size 784x584
      LayoutBlockFlow (anonymous) at (0,0) size 784x0
        LayoutText {#text} at (0,0) size 0x0
        LayoutInline {SPAN} at (0,0) size 0x0
          LayoutText {#text} at (0,0) size 0x0
      LayoutBlockFlow (anonymous) at (0,0) size 784x20
      LayoutBlockFlow (anonymous) at (0,20) size 784x0
        LayoutInline {SPAN} at (0,0) size 0x0
        LayoutText {#text} at (0,0) size 0x0
layer at (8,8) size 784x20
  LayoutBlockFlow {DIV} at (0,0) size 784x20
    LayoutInline (anonymous) at (0,0) size 10x19 [color=#008000]
      LayoutTextFragment {#text} at (0,0) size 10x19
        text run at (0,0) width 10: "B"
    LayoutTextFragment {#text} at (0,0) size 0x0
    LayoutInline {DFN} at (0,0) size 0x0
    LayoutText {#text} at (0,0) size 0x0
