layer at (0,0) size 800x600
  LayoutView at (0,0) size 800x600
layer at (0,0) size 800x600
  LayoutBlockFlow {HTML} at (0,0) size 800x600
    LayoutBlockFlow {BODY} at (8,8) size 784x584
layer at (8,8) size 784x71
  LayoutBlockFlow {DIV} at (0,0) size 784x71
    LayoutText {#text} at (0,0) size 356x128
      text run at (0,0) width 72: "Filler Text "
      text run at (71,0) width 285: "Filler Text Filler Text Filler Text Filler Text"
      text run at (0,18) width 288: "Filler Text Filler Text Filler Text Filler Text "
      text run at (287,18) width 69: "Filler Text"
      text run at (0,36) width 356: "Filler Text Filler Text Filler Text Filler Text Filler Text"
      text run at (0,71) width 216: "Filler Text Filler Text Filler Text "
      text run at (215,71) width 73: "Filler Text "
      text run at (287,71) width 69: "Filler Text"
      text run at (0,89) width 356: "Filler Text Filler Text Filler Text Filler Text Filler Text"
      text run at (0,111) width 144: "Filler Text Filler Text "
    LayoutText {#text} at (0,0) size 0x0
layer at (154,117) size 173x22
  LayoutTextControl (relative positioned) {INPUT} at (145.97,109) size 173x22 [bgcolor=#FFFFFF] [border: (2px inset #EEEEEE)]
layer at (156,120) size 169x16
  LayoutBlockFlow {DIV} at (2,3) size 169x16
    LayoutText {#text} at (0,0) size 42x16
      text run at (0,0) width 42: "Testing"
caret: position 7 of child 0 {#text} of child 0 {DIV} of {#document-fragment} of child 1 {INPUT} of child 1 {DIV} of body
