layer at (0,0) size 800x600
  LayoutView at (0,0) size 800x600
layer at (0,0) size 800x246
  LayoutBlockFlow {HTML} at (0,0) size 800x246
    LayoutBlockFlow {BODY} at (8,16) size 784x214 [color=#0000FF]
      LayoutBlockFlow {P} at (0,0) size 784x37
        LayoutText {#text} at (0,15) size 498x17
          text run at (0,15) width 498: "There should be a solid blue line to the right of every occurance of the word \""
        LayoutInline {SPAN} at (0,0) size 146x36 [border: none (2px solid #0000FF) none]
          LayoutText {#text} at (497,0) size 144x36
            text run at (497,0) width 144: "THERE \x{2799}"
        LayoutText {#text} at (642,15) size 11x17
          text run at (642,15) width 11: "\"."
      LayoutTable {TABLE} at (0,53) size 310x127
        LayoutTableSection {TBODY} at (0,0) size 310x127
          LayoutTableRow {TR} at (0,2) size 310x39
            LayoutTableCell {TD} at (2,2) size 306x39 [border: none (2px solid #0000FF) none] [r=0 c=0 rs=1 cs=2]
              LayoutText {#text} at (159,1) size 144x36
                text run at (159,1) width 144: "THERE \x{2799}"
          LayoutTableRow {TR} at (0,43) size 310x82
            LayoutTableCell {TD} at (2,64) size 148x39 [border: none (2px solid #0000FF) none] [r=1 c=0 rs=1 cs=1]
              LayoutText {#text} at (1,1) size 144x36
                text run at (1,1) width 144: "THERE \x{2799}"
            LayoutTableCell {TD} at (152,43) size 156x82 [border: none (2px solid #0000FF) none] [r=1 c=1 rs=1 cs=1]
              LayoutBlockFlow (anonymous) at (1,1) size 152x37
                LayoutText {#text} at (8,0) size 144x36
                  text run at (8,0) width 144: "THERE \x{2798}"
              LayoutTable {TABLE} at (1,38) size 152x43
                LayoutTableSection {TBODY} at (0,0) size 152x43
                  LayoutTableRow {TR} at (0,2) size 152x39
                    LayoutTableCell {TD} at (2,2) size 148x39 [border: none (2px solid #0000FF) none] [r=0 c=0 rs=1 cs=1]
                      LayoutText {#text} at (1,1) size 144x36
                        text run at (1,1) width 144: "THERE \x{2799}"
      LayoutBlockFlow {P} at (0,196) size 784x18
        LayoutText {#text} at (0,0) size 344x17
          text run at (0,0) width 344: "There should be 3 short lines and 2 long lines in total."
