layer at (0,0) size 800x600
  RenderView at (0,0) size 800x600
layer at (0,0) size 800x32
  RenderBlock {HTML} at (0,0) size 800x32
    RenderBody {BODY} at (8,8) size 784x16 [color=#0000FF]
      RenderBlock {DIV} at (0,0) size 784x16
        LayoutTable at (0,0) size 289x16
          LayoutTableSection (anonymous) at (0,0) size 289x16
            LayoutTableRow (anonymous) at (0,0) size 289x16
              LayoutTableCell (anonymous) {<pseudo:before>} at (0,0) size 208x16 [r=0 c=0 rs=1 cs=1]
                RenderTextFragment at (0,0) size 208x16
                  text run at (0,0) width 208: "You should just see a single line"
              LayoutTableCell {DIV} at (208,0) size 4x16 [r=0 c=1 rs=1 cs=1]
                RenderText {#text} at (0,0) size 4x16
                  text run at (0,0) width 4: " "
              LayoutTableCell (anonymous) {<pseudo:after>} at (212,0) size 77x16 [r=0 c=2 rs=1 cs=1]
                RenderTextFragment at (0,0) size 77x16
                  text run at (0,0) width 77: "of blue text."
