layer at (0,0) size 800x600
  LayoutView at (0,0) size 800x600
layer at (0,0) size 800x600
  LayoutBlockFlow {HTML} at (0,0) size 800x600
    LayoutBlockFlow {BODY} at (8,8) size 784x584
      LayoutRuby (block) {RUBY} at (0,0) size 784x384 [color=#0000FF]
        LayoutInline {<pseudo:before>} at (0,0) size 512x128 [color=#FFA500]
          LayoutTextFragment at (0,0) size 512x128
            text run at (0,0) width 512: "1234"
        LayoutRubyRun (anonymous) at (0,128) size 512x128
          LayoutRubyBase (anonymous) at (0,0) size 512x128
            LayoutText {#text} at (0,0) size 512x128
              text run at (0,0) width 512: "ABCD"
        LayoutInline {<pseudo:after>} at (0,0) size 512x128 [color=#FFFF00]
          LayoutTextFragment at (0,256) size 512x128
            text run at (0,256) width 512: "4578"
      LayoutBlockFlow {DIV} at (0,384) size 784x128 [color=#008000]
        LayoutText {#text} at (0,0) size 512x128
          text run at (0,0) width 512: "EFGH"
