layer at (0,0) size 800x600
  RenderView at (0,0) size 800x600
layer at (0,0) size 800x600
  RenderBlock {HTML} at (0,0) size 800x600
    RenderBody {BODY} at (8,8) size 784x584
      RenderBlock {P} at (0,0) size 784x32
        RenderText {#text} at (0,0) size 761x32
          text run at (0,0) width 761: "The COL element specifies attributes for a table column. In this test case, the COL element is used in conjunction with"
          text run at (0,16) width 126: "the SPAN attribute."
      LayoutTable {TABLE} at (0,48) size 568x48 [border: (1px outset #808080)]
        LayoutTableCol {COLGROUP} at (0,0) size 0x0
          LayoutTableCol {COL} at (0,0) size 0x0
        LayoutTableSection {TBODY} at (1,1) size 566x46
          LayoutTableRow {TR} at (0,2) size 566x20
            LayoutTableCell {TH} at (2,2) size 428x20 [border: (1px inset #808080)] [r=0 c=0 rs=1 cs=1]
              RenderText {#text} at (2,2) size 424x16
                text run at (2,2) width 424: "This heading should span across the two columns in this table."
          LayoutTableRow {TR} at (0,24) size 566x20
            LayoutTableCell {TD} at (2,24) size 428x20 [border: (1px inset #808080)] [r=1 c=0 rs=1 cs=1]
              RenderText {#text} at (2,2) size 127x16
                text run at (2,2) width 127: "This is column one."
            LayoutTableCell {TD} at (432,24) size 132x20 [border: (1px inset #808080)] [r=1 c=1 rs=1 cs=1]
              RenderText {#text} at (2,2) size 128x16
                text run at (2,2) width 128: "This is column two."
