layer at (0,0) size 800x600
  RenderView at (0,0) size 800x600
layer at (0,0) size 800x600
  RenderBlock {HTML} at (0,0) size 800x600
    RenderBody {BODY} at (8,8) size 784x584
      RenderBlock (anonymous) at (0,0) size 784x16
        RenderText {#text} at (0,0) size 472x16
          text run at (0,0) width 472: "The TH tag uses the HEIGTH attribute. The TH has been set to 80 pixels."
        RenderBR {BR} at (471,12) size 1x0
      LayoutTable {TABLE} at (0,16) size 292x108 [border: (1px outset #808080)]
        LayoutTableSection {TBODY} at (1,1) size 290x106
          LayoutTableRow {TR} at (0,2) size 290x80
            LayoutTableCell {TH} at (2,32) size 286x20 [border: (1px inset #808080)] [r=0 c=0 rs=1 cs=1]
              RenderText {#text} at (58,2) size 170x16
                text run at (58,2) width 170: "Netscape Communicator"
          LayoutTableRow {TR} at (0,84) size 290x20
            LayoutTableCell {TD} at (2,84) size 286x20 [border: (1px inset #808080)] [r=1 c=0 rs=1 cs=1]
              RenderText {#text} at (2,2) size 282x16
                text run at (2,2) width 282: "Available on the Mac/PC/UNIX platforms !"
