layer at (0,0) size 800x600
  RenderView at (0,0) size 800x600
layer at (0,0) size 800x600
  RenderBlock {HTML} at (0,0) size 800x600
    RenderBody {BODY} at (8,8) size 784x584
      LayoutTable {TABLE} at (0,0) size 495x138
        RenderBlock {CAPTION} at (0,0) size 495x16
          RenderText {#text} at (49,0) size 397x16
            text run at (49,0) width 397: "Communicator 4.5 Installers for Mac and Windows Platforms"
        LayoutTableCol {COLGROUP} at (0,0) size 0x0
        LayoutTableSection {THEAD} at (0,16) size 495x22
          LayoutTableRow {TR} at (0,2) size 495x18
            LayoutTableCell {TD} at (2,2) size 195x18 [r=0 c=0 rs=1 cs=1]
              RenderText {#text} at (1,1) size 193x16
                text run at (1,1) width 193: "This is the header information"
        LayoutTableSection {TFOOT} at (0,118) size 495x20
          LayoutTableRow {TR} at (0,0) size 495x18
            LayoutTableCell {TD} at (2,0) size 195x18 [r=0 c=0 rs=1 cs=1]
              RenderText {#text} at (1,1) size 189x16
                text run at (1,1) width 189: "This is the footer information"
        LayoutTableSection {TBODY} at (0,38) size 495x80
          LayoutTableRow {TR} at (0,0) size 495x18
            LayoutTableCell {TH} at (2,8) size 195x2 [r=0 c=0 rs=1 cs=1]
            LayoutTableCell {TH} at (199,0) size 110x18 [r=0 c=1 rs=1 cs=1]
              RenderText {#text} at (1,1) size 108x16
                text run at (1,1) width 108: "Macintosh PPC"
            LayoutTableCell {TH} at (311,0) size 87x18 [r=0 c=2 rs=1 cs=1]
              RenderText {#text} at (1,1) size 85x16
                text run at (1,1) width 85: "Windows 95"
            LayoutTableCell {TH} at (400,0) size 93x18 [r=0 c=3 rs=1 cs=1]
              RenderText {#text} at (1,1) size 91x16
                text run at (1,1) width 91: "Windows NT"
          LayoutTableRow {TR} at (0,20) size 495x18
            LayoutTableCell {TD} at (2,20) size 195x18 [r=1 c=0 rs=1 cs=1]
              RenderText {#text} at (1,1) size 76x16
                text run at (1,1) width 76: "Base Install"
            LayoutTableCell {TD} at (199,20) size 110x18 [r=1 c=1 rs=1 cs=1]
              RenderText {#text} at (1,1) size 22x16
                text run at (1,1) width 22: "yes"
            LayoutTableCell {TD} at (311,20) size 87x18 [r=1 c=2 rs=1 cs=1]
              RenderText {#text} at (1,1) size 22x16
                text run at (1,1) width 22: "yes"
            LayoutTableCell {TD} at (400,20) size 93x18 [r=1 c=3 rs=1 cs=1]
              RenderText {#text} at (1,1) size 22x16
                text run at (1,1) width 22: "yes"
          LayoutTableRow {TR} at (0,40) size 495x18
            LayoutTableCell {TD} at (2,40) size 195x18 [r=2 c=0 rs=1 cs=1]
              RenderText {#text} at (1,1) size 107x16
                text run at (1,1) width 107: "Complete Install"
            LayoutTableCell {TD} at (199,40) size 110x18 [r=2 c=1 rs=1 cs=1]
              RenderText {#text} at (1,1) size 22x16
                text run at (1,1) width 22: "yes"
            LayoutTableCell {TD} at (311,40) size 87x18 [r=2 c=2 rs=1 cs=1]
              RenderText {#text} at (1,1) size 22x16
                text run at (1,1) width 22: "yes"
            LayoutTableCell {TD} at (400,40) size 93x18 [r=2 c=3 rs=1 cs=1]
              RenderText {#text} at (1,1) size 22x16
                text run at (1,1) width 22: "yes"
          LayoutTableRow {TR} at (0,60) size 495x18
            LayoutTableCell {TD} at (2,60) size 195x18 [r=3 c=0 rs=1 cs=1]
              RenderText {#text} at (1,1) size 118x16
                text run at (1,1) width 118: "Pro Edition Install"
            LayoutTableCell {TD} at (199,60) size 110x18 [r=3 c=1 rs=1 cs=1]
              RenderText {#text} at (1,1) size 22x16
                text run at (1,1) width 22: "yes"
            LayoutTableCell {TD} at (311,60) size 87x18 [r=3 c=2 rs=1 cs=1]
              RenderText {#text} at (1,1) size 22x16
                text run at (1,1) width 22: "yes"
            LayoutTableCell {TD} at (400,60) size 93x18 [r=3 c=3 rs=1 cs=1]
              RenderText {#text} at (1,1) size 22x16
                text run at (1,1) width 22: "yes"
