layer at (0,0) size 800x600
  RenderView at (0,0) size 800x600
layer at (0,0) size 800x600
  RenderBlock {HTML} at (0,0) size 800x600
    RenderBody {BODY} at (8,8) size 784x584
      RenderBlock {P} at (0,0) size 784x32
        RenderText {#text} at (0,0) size 681x32
          text run at (0,0) width 681: "The TBODY element labels the body area of a table. In this test, the TBODY text has an attribute value of"
          text run at (0,16) width 637: "ALIGN=JUSTIFY. ALIGN-JUSTIFY should attempt to justify text within all cells of the TBODY."
      LayoutTable {TABLE} at (0,48) size 694x70 [border: (1px outset #808080)]
        LayoutTableSection {THEAD} at (1,1) size 692x24
          LayoutTableRow {TR} at (0,2) size 692x20
            LayoutTableCell {TD} at (2,2) size 343x20 [border: (1px inset #808080)] [r=0 c=0 rs=1 cs=1]
              RenderText {#text} at (2,2) size 339x16
                text run at (2,2) width 339: "This text is in the THEADThis text is in the THEAD"
            LayoutTableCell {TD} at (347,2) size 343x20 [border: (1px inset #808080)] [r=0 c=1 rs=1 cs=1]
              RenderText {#text} at (2,2) size 339x16
                text run at (2,2) width 339: "This text is in the THEADThis text is in the THEAD"
        LayoutTableSection {TFOOT} at (1,47) size 692x22
          LayoutTableRow {TR} at (0,0) size 692x20
            LayoutTableCell {TD} at (2,0) size 343x20 [border: (1px inset #808080)] [r=0 c=0 rs=1 cs=1]
              RenderText {#text} at (2,2) size 334x16
                text run at (2,2) width 334: "This text is in the TFOOTThis text is in the TFOOT"
            LayoutTableCell {TD} at (347,0) size 343x20 [border: (1px inset #808080)] [r=0 c=1 rs=1 cs=1]
              RenderText {#text} at (2,2) size 334x16
                text run at (2,2) width 334: "This text is in the TFOOTThis text is in the TFOOT"
        LayoutTableSection {TBODY} at (1,25) size 692x22
          LayoutTableRow {TR} at (0,0) size 692x20
            LayoutTableCell {TD} at (2,0) size 343x20 [border: (1px inset #808080)] [r=0 c=0 rs=1 cs=1]
              RenderText {#text} at (2,2) size 171x16
                text run at (2,2) width 171: "This text is in the TBODY"
            LayoutTableCell {TD} at (347,0) size 343x20 [border: (1px inset #808080)] [r=0 c=1 rs=1 cs=1]
              RenderText {#text} at (2,2) size 171x16
                text run at (2,2) width 171: "This text is in the TBODY"
        LayoutTableSection {TBODY} at (1,47) size 692x0
