layer at (0,0) size 800x600
  RenderView at (0,0) size 800x600
layer at (0,0) size 800x600
  RenderBlock {HTML} at (0,0) size 800x600
    RenderBody {BODY} at (8,8) size 784x584
      RenderBlock (anonymous) at (0,0) size 784x16
        RenderText {#text} at (0,0) size 189x16
          text run at (0,0) width 189: "TFOOT VALIGN=MIDDLE"
      LayoutTable {TABLE} at (0,16) size 784x239 [border: (1px outset #808080)]
        LayoutTableSection {THEAD} at (1,1) size 782x24
          LayoutTableRow {TR} at (0,2) size 782x20
            LayoutTableCell {TD} at (2,2) size 304x20 [border: (1px inset #808080)] [r=0 c=0 rs=1 cs=1]
              RenderText {#text} at (2,2) size 55x16
                text run at (2,2) width 55: "THEAD"
            LayoutTableCell {TD} at (308,2) size 472x20 [border: (1px inset #808080)] [r=0 c=1 rs=1 cs=1]
              RenderText {#text} at (2,2) size 55x16
                text run at (2,2) width 55: "THEAD"
        LayoutTableSection {TFOOT} at (1,47) size 782x191
          LayoutTableRow {TR} at (0,0) size 782x189
            LayoutTableCell {TD} at (2,0) size 304x189 [border: (1px inset #808080)] [r=0 c=0 rs=1 cs=1]
              RenderImage {IMG} at (2,2) size 300x185
            LayoutTableCell {TD} at (308,76) size 472x36 [border: (1px inset #808080)] [r=0 c=1 rs=1 cs=1]
              RenderText {#text} at (2,2) size 459x32
                text run at (2,2) width 459: "This text is within the TFOOT element and should be vertically aligned"
                text run at (2,18) width 85: "to the middle"
        LayoutTableSection {TBODY} at (1,25) size 782x22
          LayoutTableRow {TR} at (0,0) size 782x20
            LayoutTableCell {TD} at (2,0) size 304x20 [border: (1px inset #808080)] [r=0 c=0 rs=1 cs=1]
              RenderText {#text} at (2,2) size 56x16
                text run at (2,2) width 56: "TBODY"
            LayoutTableCell {TD} at (308,0) size 472x20 [border: (1px inset #808080)] [r=0 c=1 rs=1 cs=1]
              RenderText {#text} at (2,2) size 56x16
                text run at (2,2) width 56: "TBODY"
        LayoutTableSection {TBODY} at (1,47) size 782x0
