layer at (0,0) size 800x600
  RenderView at (0,0) size 800x600
layer at (0,0) size 800x270
  RenderBlock {html} at (0,0) size 800x270
    RenderBody {body} at (8,16) size 784x246
      RenderBlock {p} at (0,0) size 784x16
        RenderText {#text} at (0,0) size 169x16
          text run at (0,0) width 169: "COL VALIGN=MIDDLE"
      LayoutTable {table} at (0,32) size 720x214 [border: (1px outset #808080)]
        LayoutTableCol {colgroup} at (0,0) size 0x0
          LayoutTableCol {col} at (0,0) size 0x0
          LayoutTableCol {col} at (0,0) size 0x0
        LayoutTableSection (anonymous) at (1,1) size 718x212
          LayoutTableRow {tr} at (0,2) size 718x208
            LayoutTableCell {td} at (2,2) size 204x208 [border: (1px inset #808080)] [r=0 c=0 rs=1 cs=1]
              RenderImage {img} at (2,2) size 200x200
            LayoutTableCell {td} at (208,96) size 508x20 [border: (1px inset #808080)] [r=0 c=1 rs=1 cs=1]
              RenderText {#text} at (2,2) size 504x16
                text run at (2,2) width 372: "The middle of this text should be vertically aligned to the "
                text run at (373,2) width 133: "middle of the image."
