layer at (0,0) size 800x600
  RenderView at (0,0) size 800x600
layer at (0,0) size 800x130
  RenderBlock {html} at (0,0) size 800x130
    RenderBody {body} at (8,16) size 784x106
      RenderBlock {p} at (0,0) size 784x16
        RenderText {#text} at (0,0) size 486x16
          text run at (0,0) width 408: "There should be no rules between any rows and columns in the "
          text run at (407,0) width 79: "table below."
      LayoutTable {table} at (0,32) size 179x74 [border: none]
        LayoutTableCol {colgroup} at (0,0) size 0x0
          LayoutTableCol {col} at (0,0) size 0x0
        LayoutTableCol {colgroup} at (0,0) size 0x0
          LayoutTableCol {col} at (0,0) size 0x0
        LayoutTableCol {colgroup} at (0,0) size 0x0
          LayoutTableCol {col} at (0,0) size 0x0
        LayoutTableSection {thead} at (0,0) size 178x19
          LayoutTableRow {tr} at (0,0) size 178x19
            LayoutTableCell {th} at (0,0) size 60x19 [border: (1px none #000000)] [r=0 c=0 rs=1 cs=1]
              RenderText {#text} at (2,2) size 57x16
                text run at (2,2) width 57: "THEAD"
            LayoutTableCell {th} at (60,0) size 59x19 [border: (1px none #000000)] [r=0 c=1 rs=1 cs=1]
              RenderText {#text} at (1,2) size 57x16
                text run at (1,2) width 57: "THEAD"
            LayoutTableCell {th} at (119,0) size 59x19 [border: (1px none #000000)] [r=0 c=2 rs=1 cs=1]
              RenderText {#text} at (1,2) size 57x16
                text run at (1,2) width 57: "THEAD"
        LayoutTableSection {tfoot} at (0,55) size 178x18
          LayoutTableRow {tr} at (0,0) size 178x18
            LayoutTableCell {td} at (0,0) size 60x18 [border: none] [r=0 c=0 rs=1 cs=1]
              RenderText {#text} at (2,1) size 52x16
                text run at (2,1) width 52: "TFOOT"
            LayoutTableCell {td} at (60,0) size 59x18 [r=0 c=1 rs=1 cs=1]
              RenderText {#text} at (1,1) size 52x16
                text run at (1,1) width 52: "TFOOT"
            LayoutTableCell {td} at (119,0) size 59x18 [r=0 c=2 rs=1 cs=1]
              RenderText {#text} at (1,1) size 52x16
                text run at (1,1) width 52: "TFOOT"
        LayoutTableSection {tbody} at (0,19) size 178x36
          LayoutTableRow {tr} at (0,0) size 178x18
            LayoutTableCell {td} at (0,0) size 60x18 [border: none] [r=0 c=0 rs=1 cs=1]
              RenderText {#text} at (2,1) size 56x16
                text run at (2,1) width 56: "TBODY"
            LayoutTableCell {td} at (60,0) size 59x18 [r=0 c=1 rs=1 cs=1]
              RenderText {#text} at (1,1) size 56x16
                text run at (1,1) width 56: "TBODY"
            LayoutTableCell {td} at (119,0) size 59x18 [r=0 c=2 rs=1 cs=1]
              RenderText {#text} at (1,1) size 56x16
                text run at (1,1) width 56: "TBODY"
          LayoutTableRow {tr} at (0,18) size 178x18
            LayoutTableCell {td} at (0,18) size 60x18 [border: none] [r=1 c=0 rs=1 cs=1]
              RenderText {#text} at (2,1) size 56x16
                text run at (2,1) width 56: "TBODY"
            LayoutTableCell {td} at (60,18) size 59x18 [r=1 c=1 rs=1 cs=1]
              RenderText {#text} at (1,1) size 56x16
                text run at (1,1) width 56: "TBODY"
            LayoutTableCell {td} at (119,18) size 59x18 [r=1 c=2 rs=1 cs=1]
              RenderText {#text} at (1,1) size 56x16
                text run at (1,1) width 56: "TBODY"
