layer at (0,0) size 800x600
  RenderView at (0,0) size 800x600
layer at (0,0) size 800x132
  RenderBlock {html} at (0,0) size 800x132
    RenderBody {body} at (8,16) size 784x108
      RenderBlock {p} at (0,0) size 784x16
        RenderText {#text} at (0,0) size 492x16
          text run at (0,0) width 414: "There should be rules around each row and column group in the "
          text run at (413,0) width 79: "table below."
      LayoutTable {table} at (0,32) size 181x76 [border: none]
        LayoutTableCol {colgroup} at (0,0) size 0x0 [border: none (1px solid #000000) none (1px solid #000000)]
          LayoutTableCol {col} at (0,0) size 0x0
        LayoutTableCol {colgroup} at (0,0) size 0x0 [border: none (1px solid #000000) none (1px solid #000000)]
          LayoutTableCol {col} at (0,0) size 0x0
        LayoutTableCol {colgroup} at (0,0) size 0x0 [border: none (1px solid #000000) none (1px solid #000000)]
          LayoutTableCol {col} at (0,0) size 0x0
        LayoutTableSection {thead} at (0,0) size 180x19 [border: (1px solid #808080) none (1px solid #808080) none]
          LayoutTableRow {tr} at (0,0) size 180x19
            LayoutTableCell {th} at (0,0) size 60x19 [border: (1px none #000000)] [r=0 c=0 rs=1 cs=1]
              RenderText {#text} at (2,2) size 57x16
                text run at (2,2) width 57: "THEAD"
            LayoutTableCell {th} at (60,0) size 60x19 [border: (1px none #000000)] [r=0 c=1 rs=1 cs=1]
              RenderText {#text} at (2,2) size 57x16
                text run at (2,2) width 57: "THEAD"
            LayoutTableCell {th} at (120,0) size 60x19 [border: (1px none #000000)] [r=0 c=2 rs=1 cs=1]
              RenderText {#text} at (2,2) size 57x16
                text run at (2,2) width 57: "THEAD"
        LayoutTableSection {tfoot} at (0,56) size 180x19 [border: (1px solid #808080) none (1px solid #808080) none]
          LayoutTableRow {tr} at (0,0) size 180x19
            LayoutTableCell {td} at (0,0) size 60x19 [border: (1px none #000000)] [r=0 c=0 rs=1 cs=1]
              RenderText {#text} at (2,2) size 52x16
                text run at (2,2) width 52: "TFOOT"
            LayoutTableCell {td} at (60,0) size 60x19 [border: (1px none #000000)] [r=0 c=1 rs=1 cs=1]
              RenderText {#text} at (2,2) size 52x16
                text run at (2,2) width 52: "TFOOT"
            LayoutTableCell {td} at (120,0) size 60x19 [border: (1px none #000000)] [r=0 c=2 rs=1 cs=1]
              RenderText {#text} at (2,2) size 52x16
                text run at (2,2) width 52: "TFOOT"
        LayoutTableSection {tbody} at (0,19) size 180x37 [border: (1px solid #808080) none (1px solid #808080) none]
          LayoutTableRow {tr} at (0,0) size 180x19
            LayoutTableCell {td} at (0,0) size 60x19 [border: (1px none #000000)] [r=0 c=0 rs=1 cs=1]
              RenderText {#text} at (2,2) size 56x16
                text run at (2,2) width 56: "TBODY"
            LayoutTableCell {td} at (60,0) size 60x19 [border: (1px none #000000)] [r=0 c=1 rs=1 cs=1]
              RenderText {#text} at (2,2) size 56x16
                text run at (2,2) width 56: "TBODY"
            LayoutTableCell {td} at (120,0) size 60x19 [border: (1px none #000000)] [r=0 c=2 rs=1 cs=1]
              RenderText {#text} at (2,2) size 56x16
                text run at (2,2) width 56: "TBODY"
          LayoutTableRow {tr} at (0,19) size 180x18
            LayoutTableCell {td} at (0,19) size 60x18 [border: none] [r=1 c=0 rs=1 cs=1]
              RenderText {#text} at (2,1) size 56x16
                text run at (2,1) width 56: "TBODY"
            LayoutTableCell {td} at (60,19) size 60x18 [border: none] [r=1 c=1 rs=1 cs=1]
              RenderText {#text} at (2,1) size 56x16
                text run at (2,1) width 56: "TBODY"
            LayoutTableCell {td} at (120,19) size 60x18 [border: none] [r=1 c=2 rs=1 cs=1]
              RenderText {#text} at (2,1) size 56x16
                text run at (2,1) width 56: "TBODY"
