layer at (0,0) size 800x600
  RenderView at (0,0) size 800x600
layer at (0,0) size 800x106
  RenderBlock {html} at (0,0) size 800x106
    RenderBody {body} at (8,8) size 784x90
      LayoutTable {table} at (0,0) size 600x90 [border: (1px outset #808080)]
        LayoutTableSection (anonymous) at (1,1) size 598x88
          LayoutTableRow {tr} at (0,2) size 598x84
            LayoutTableCell {td} at (2,2) size 296x84 [border: (1px inset #808080)] [r=0 c=0 rs=1 cs=1]
              RenderText {#text} at (2,2) size 292x80
                text run at (2,2) width 292: "Cell text should be justified which means"
                text run at (2,18) width 114: "that the right and "
                text run at (115,18) width 179: "left margins should line up,"
                text run at (2,34) width 292: "no matter how long the content becomes"
                text run at (2,50) width 292: "(except the last line which should be left"
                text run at (2,66) width 57: "aligned)."
            LayoutTableCell {td} at (300,2) size 296x84 [border: (1px inset #808080)] [r=0 c=1 rs=1 cs=1]
              RenderText {#text} at (2,2) size 292x80
                text run at (2,2) width 292: "Cell text should be justified which means"
                text run at (2,18) width 114: "that the right and "
                text run at (115,18) width 179: "left margins should line up,"
                text run at (2,34) width 292: "no matter how long the content becomes"
                text run at (2,50) width 292: "(except the last line which should be left"
                text run at (2,66) width 57: "aligned)."
