layer at (0,0) size 800x600
  RenderView at (0,0) size 800x600
layer at (0,0) size 800x302
  RenderBlock {HTML} at (0,0) size 800x302
    RenderBody {BODY} at (8,16) size 784x278
      RenderBlock {P} at (0,0) size 784x16
        RenderInline {A} at (0,0) size 85x16 [color=#0000EE]
          RenderText {#text} at (0,0) size 85x16
            text run at (0,0) width 85: "Issue 449638"
        RenderText {#text} at (84,0) size 669x16
          text run at (84,0) width 669: " - [CSS Masking][CSS Shapes] Large corner radii use with inset() clip-path are not properly constrained"
      RenderBlock {P} at (0,32) size 784x32
        RenderText {#text} at (0,0) size 770x32
          text run at (0,0) width 770: "The radii for this inset should be constrained in the same way that border-radii are constrained. If this happens correctly,"
          text run at (0,16) width 188: "you should see a blue ellipse."
      RenderBlock {P} at (0,80) size 784x32
        RenderText {#text} at (0,0) size 770x32
          text run at (0,0) width 770: "NOTE: we should have a reftest but currently comparing this clip-path with a border-radius expectation will show small"
          text run at (0,16) width 223: "pixel differences around the curve."
layer at (8,144) size 200x150
  RenderBlock {DIV} at (0,128) size 200x150 [bgcolor=#0000FF]
