layer at (0,0) size 800x600
  LayoutView at (0,0) size 800x600
layer at (0,0) size 800x600
  LayoutBlockFlow {HTML} at (0,0) size 800x600
    LayoutBlockFlow {BODY} at (8,8) size 784x584
      LayoutBlockFlow {DIV} at (0,0) size 784x20
        LayoutText {#text} at (0,0) size 33x19
          text run at (0,0) width 33: "Both "
        LayoutText {#text} at (0,0) size 0x0
layer at (8,8) size 50x23
  LayoutInline (relative positioned) {A} at (0,0) size 50x23 [color=#0000EE] [border: (2px solid #FF0000)]
    LayoutText {#text} at (35,0) size 46x19
      text run at (35,0) width 46: "this and"
layer at (43,168) size 268x24
  LayoutBlockFlow (positioned) {SPAN} at (2,162) size 268x24 [border: (2px solid #0000FF)]
    LayoutText {#text} at (2,2) size 264x19
      text run at (2,2) width 264: "this should have correctly placed focus rings"
