layer at (0,0) size 800x600
  LayoutView at (0,0) size 800x600
layer at (0,0) size 800x600
  LayoutBlockFlow {HTML} at (0,0) size 800x600
    LayoutBlockFlow {BODY} at (8,8) size 784x576
      LayoutBlockFlow {P} at (0,0) size 784x105
        LayoutText {#text} at (0,85) size 92x19
          text run at (0,85) width 92: "Layout test for "
        LayoutInline {A} at (0,0) size 40x19 [color=#0000EE]
          LayoutText {#text} at (92,85) size 40x19
            text run at (92,85) width 40: "11760"
        LayoutText {#text} at (132,85) size 195x19
          text run at (132,85) width 8: ". "
          text run at (140,85) width 187: "If it doesn't crash, we're good. "
        LayoutImage {IMG} at (327,0) size 100x100
        LayoutText {#text} at (0,0) size 0x0
