layer at (0,0) size 800x600 clip at (0,0) size 785x600 scrollHeight 3424
  LayoutView at (0,0) size 800x600
layer at (0,0) size 785x3424 backgroundClip at (0,0) size 785x600 clip at (0,0) size 785x600 outlineClip at (0,0) size 785x600
  LayoutBlockFlow {HTML} at (0,0) size 785x3423.69
    LayoutBlockFlow {BODY} at (8,16) size 769x3391.69
layer at (8,16) size 760x401
  LayoutBlockFlow {DIV} at (0,0) size 760x400.81 [border: (5px solid #800000)]
    LayoutMultiColumnSpannerPlaceholder (anonymous) at (5,24.91) size 0x27
    LayoutMultiColumnSet (anonymous) at (5,71.81) size 750x324
layer at (13,21) size 367x630 backgroundClip at (0,0) size 785x600 clip at (0,0) size 785x600 outlineClip at (0,0) size 785x600
  LayoutMultiColumnFlowThread (anonymous) at (5,5) size 367x630
    LayoutBlockFlow {H2} at (5,24.91) size 750x27 [bgcolor=#EEEEEE]
      LayoutText {#text} at (0,0) size 666x26
        text run at (0,0) width 666: "This is a spanning element at the beginning of the columns block."
    LayoutBlockFlow (anonymous) at (0,0) size 367x630
      LayoutText {#text} at (0,0) size 367x629
        text run at (0,0) width 364: "Lorem ipsum dolor sit amet, consectetuer adipiscing elit."
        text run at (0,18) width 362: "Nulla varius enim ac mi. Curabitur sollicitudin felis quis"
        text run at (0,36) width 332: "lectus. Quisque adipiscing rhoncus sem. Proin nulla"
        text run at (0,54) width 367: "purus, vulputate vel, varius ut, euismod et, nisi. Sed vitae"
        text run at (0,72) width 354: "felis vel orci sagittis aliquam. Cras convallis adipiscing"
        text run at (0,90) width 347: "sem. Nam nonummy enim. Nullam bibendum lobortis"
        text run at (0,108) width 353: "neque. Vestibulum velit orci, tempus euismod, pretium"
        text run at (0,126) width 353: "quis, interdum vitae, nulla. Phasellus eget ante et tortor"
        text run at (0,144) width 351: "condimentum vestibulum. Suspendisse hendrerit quam"
        text run at (0,162) width 333: "nec felis. Sed varius turpis vitae pede. Lorem ipsum"
        text run at (0,180) width 279: "dolor sit amet, consectetuer adipiscing elit. "
        text run at (278,180) width 86: "Lorem ipsum"
        text run at (0,198) width 357: "dolor sit amet, consectetuer adipiscing elit. Nulla varius"
        text run at (0,216) width 324: "enim ac mi. Curabitur sollicitudin felis quis lectus."
        text run at (0,234) width 330: "Quisque adipiscing rhoncus sem. Proin nulla purus,"
        text run at (0,252) width 355: "vulputate vel, varius ut, euismod et, nisi. Sed vitae felis"
        text run at (0,270) width 356: "vel orci sagittis aliquam. Cras convallis adipiscing sem."
        text run at (0,288) width 360: "Nam nonummy enim. Nullam bibendum lobortis neque."
        text run at (0,306) width 341: "Vestibulum velit orci, tempus euismod, pretium quis,"
        text run at (0,324) width 318: "interdum vitae, nulla. Phasellus eget ante et tortor"
        text run at (0,342) width 351: "condimentum vestibulum. Suspendisse hendrerit quam"
        text run at (0,360) width 333: "nec felis. Sed varius turpis vitae pede. Lorem ipsum"
        text run at (0,378) width 279: "dolor sit amet, consectetuer adipiscing elit. "
        text run at (278,378) width 86: "Lorem ipsum"
        text run at (0,396) width 357: "dolor sit amet, consectetuer adipiscing elit. Nulla varius"
        text run at (0,414) width 324: "enim ac mi. Curabitur sollicitudin felis quis lectus."
        text run at (0,432) width 330: "Quisque adipiscing rhoncus sem. Proin nulla purus,"
        text run at (0,450) width 355: "vulputate vel, varius ut, euismod et, nisi. Sed vitae felis"
        text run at (0,468) width 356: "vel orci sagittis aliquam. Cras convallis adipiscing sem."
        text run at (0,486) width 360: "Nam nonummy enim. Nullam bibendum lobortis neque."
        text run at (0,504) width 341: "Vestibulum velit orci, tempus euismod, pretium quis,"
        text run at (0,522) width 318: "interdum vitae, nulla. Phasellus eget ante et tortor"
        text run at (0,540) width 351: "condimentum vestibulum. Suspendisse hendrerit quam"
        text run at (0,558) width 333: "nec felis. Sed varius turpis vitae pede. Lorem ipsum"
        text run at (0,576) width 279: "dolor sit amet, consectetuer adipiscing elit. "
        text run at (278,576) width 86: "Lorem ipsum"
        text run at (0,594) width 357: "dolor sit amet, consectetuer adipiscing elit. Nulla varius"
        text run at (0,612) width 76: "enim ac mi."
layer at (8,433) size 760x401 backgroundClip at (0,0) size 785x600 clip at (0,0) size 785x600 outlineClip at (0,0) size 785x600
  LayoutBlockFlow {DIV} at (0,416.81) size 760x400.81 [border: (5px solid #800000)]
    LayoutMultiColumnSet (anonymous) at (5,5) size 750x324
    LayoutMultiColumnSpannerPlaceholder (anonymous) at (5,348.91) size 0x27
layer at (13,438) size 367x648 backgroundClip at (0,0) size 785x600 clip at (0,0) size 785x600 outlineClip at (0,0) size 785x600
  LayoutMultiColumnFlowThread (anonymous) at (5,5) size 367x648
    LayoutBlockFlow (anonymous) at (0,0) size 367x630
      LayoutText {#text} at (0,0) size 367x629
        text run at (0,0) width 364: "Lorem ipsum dolor sit amet, consectetuer adipiscing elit."
        text run at (0,18) width 362: "Nulla varius enim ac mi. Curabitur sollicitudin felis quis"
        text run at (0,36) width 332: "lectus. Quisque adipiscing rhoncus sem. Proin nulla"
        text run at (0,54) width 367: "purus, vulputate vel, varius ut, euismod et, nisi. Sed vitae"
        text run at (0,72) width 354: "felis vel orci sagittis aliquam. Cras convallis adipiscing"
        text run at (0,90) width 347: "sem. Nam nonummy enim. Nullam bibendum lobortis"
        text run at (0,108) width 353: "neque. Vestibulum velit orci, tempus euismod, pretium"
        text run at (0,126) width 353: "quis, interdum vitae, nulla. Phasellus eget ante et tortor"
        text run at (0,144) width 351: "condimentum vestibulum. Suspendisse hendrerit quam"
        text run at (0,162) width 333: "nec felis. Sed varius turpis vitae pede. Lorem ipsum"
        text run at (0,180) width 279: "dolor sit amet, consectetuer adipiscing elit. "
        text run at (278,180) width 86: "Lorem ipsum"
        text run at (0,198) width 357: "dolor sit amet, consectetuer adipiscing elit. Nulla varius"
        text run at (0,216) width 324: "enim ac mi. Curabitur sollicitudin felis quis lectus."
        text run at (0,234) width 330: "Quisque adipiscing rhoncus sem. Proin nulla purus,"
        text run at (0,252) width 355: "vulputate vel, varius ut, euismod et, nisi. Sed vitae felis"
        text run at (0,270) width 356: "vel orci sagittis aliquam. Cras convallis adipiscing sem."
        text run at (0,288) width 360: "Nam nonummy enim. Nullam bibendum lobortis neque."
        text run at (0,306) width 341: "Vestibulum velit orci, tempus euismod, pretium quis,"
        text run at (0,324) width 318: "interdum vitae, nulla. Phasellus eget ante et tortor"
        text run at (0,342) width 351: "condimentum vestibulum. Suspendisse hendrerit quam"
        text run at (0,360) width 333: "nec felis. Sed varius turpis vitae pede. Lorem ipsum"
        text run at (0,378) width 279: "dolor sit amet, consectetuer adipiscing elit. "
        text run at (278,378) width 86: "Lorem ipsum"
        text run at (0,396) width 357: "dolor sit amet, consectetuer adipiscing elit. Nulla varius"
        text run at (0,414) width 324: "enim ac mi. Curabitur sollicitudin felis quis lectus."
        text run at (0,432) width 330: "Quisque adipiscing rhoncus sem. Proin nulla purus,"
        text run at (0,450) width 355: "vulputate vel, varius ut, euismod et, nisi. Sed vitae felis"
        text run at (0,468) width 356: "vel orci sagittis aliquam. Cras convallis adipiscing sem."
        text run at (0,486) width 360: "Nam nonummy enim. Nullam bibendum lobortis neque."
        text run at (0,504) width 341: "Vestibulum velit orci, tempus euismod, pretium quis,"
        text run at (0,522) width 318: "interdum vitae, nulla. Phasellus eget ante et tortor"
        text run at (0,540) width 351: "condimentum vestibulum. Suspendisse hendrerit quam"
        text run at (0,558) width 333: "nec felis. Sed varius turpis vitae pede. Lorem ipsum"
        text run at (0,576) width 279: "dolor sit amet, consectetuer adipiscing elit. "
        text run at (278,576) width 86: "Lorem ipsum"
        text run at (0,594) width 357: "dolor sit amet, consectetuer adipiscing elit. Nulla varius"
        text run at (0,612) width 76: "enim ac mi."
    LayoutBlockFlow {H2} at (5,348.91) size 750x27 [bgcolor=#EEEEEE]
      LayoutText {#text} at (0,0) size 602x26
        text run at (0,0) width 602: "This is a spanning element at the end of the columns block."
layer at (8,850) size 760x400 backgroundClip at (0,0) size 785x600 clip at (0,0) size 785x600 outlineClip at (0,0) size 785x600
  LayoutBlockFlow {DIV} at (0,833.63) size 760x400.81 [border: (5px solid #800000)]
    LayoutMultiColumnSet (anonymous) at (5,5) size 750x126
    LayoutMultiColumnSpannerPlaceholder (anonymous) at (5,150.91) size 0x27
    LayoutMultiColumnSet (anonymous) at (5,197.81) size 750x198
layer at (13,855) size 367x648 backgroundClip at (0,0) size 785x600 clip at (0,0) size 785x600 outlineClip at (0,0) size 785x600
  LayoutMultiColumnFlowThread (anonymous) at (5,5) size 367x648
    LayoutBlockFlow (anonymous) at (0,0) size 367x234
      LayoutText {#text} at (0,0) size 367x233
        text run at (0,0) width 364: "Lorem ipsum dolor sit amet, consectetuer adipiscing elit."
        text run at (0,18) width 362: "Nulla varius enim ac mi. Curabitur sollicitudin felis quis"
        text run at (0,36) width 332: "lectus. Quisque adipiscing rhoncus sem. Proin nulla"
        text run at (0,54) width 367: "purus, vulputate vel, varius ut, euismod et, nisi. Sed vitae"
        text run at (0,72) width 354: "felis vel orci sagittis aliquam. Cras convallis adipiscing"
        text run at (0,90) width 347: "sem. Nam nonummy enim. Nullam bibendum lobortis"
        text run at (0,108) width 353: "neque. Vestibulum velit orci, tempus euismod, pretium"
        text run at (0,126) width 353: "quis, interdum vitae, nulla. Phasellus eget ante et tortor"
        text run at (0,144) width 351: "condimentum vestibulum. Suspendisse hendrerit quam"
        text run at (0,162) width 333: "nec felis. Sed varius turpis vitae pede. Lorem ipsum"
        text run at (0,180) width 279: "dolor sit amet, consectetuer adipiscing elit. "
        text run at (278,180) width 86: "Lorem ipsum"
        text run at (0,198) width 357: "dolor sit amet, consectetuer adipiscing elit. Nulla varius"
        text run at (0,216) width 76: "enim ac mi."
    LayoutBlockFlow {H2} at (5,150.91) size 750x27 [bgcolor=#EEEEEE]
      LayoutText {#text} at (0,0) size 635x26
        text run at (0,0) width 635: "This is a spanning element in the middle of the columns block."
    LayoutBlockFlow (anonymous) at (0,252) size 367x396
      LayoutText {#text} at (0,0) size 367x395
        text run at (0,0) width 364: "Lorem ipsum dolor sit amet, consectetuer adipiscing elit."
        text run at (0,18) width 362: "Nulla varius enim ac mi. Curabitur sollicitudin felis quis"
        text run at (0,36) width 332: "lectus. Quisque adipiscing rhoncus sem. Proin nulla"
        text run at (0,54) width 367: "purus, vulputate vel, varius ut, euismod et, nisi. Sed vitae"
        text run at (0,72) width 354: "felis vel orci sagittis aliquam. Cras convallis adipiscing"
        text run at (0,90) width 347: "sem. Nam nonummy enim. Nullam bibendum lobortis"
        text run at (0,108) width 353: "neque. Vestibulum velit orci, tempus euismod, pretium"
        text run at (0,126) width 353: "quis, interdum vitae, nulla. Phasellus eget ante et tortor"
        text run at (0,144) width 351: "condimentum vestibulum. Suspendisse hendrerit quam"
        text run at (0,162) width 333: "nec felis. Sed varius turpis vitae pede. Lorem ipsum"
        text run at (0,180) width 279: "dolor sit amet, consectetuer adipiscing elit. "
        text run at (278,180) width 86: "Lorem ipsum"
        text run at (0,198) width 357: "dolor sit amet, consectetuer adipiscing elit. Nulla varius"
        text run at (0,216) width 324: "enim ac mi. Curabitur sollicitudin felis quis lectus."
        text run at (0,234) width 330: "Quisque adipiscing rhoncus sem. Proin nulla purus,"
        text run at (0,252) width 355: "vulputate vel, varius ut, euismod et, nisi. Sed vitae felis"
        text run at (0,270) width 356: "vel orci sagittis aliquam. Cras convallis adipiscing sem."
        text run at (0,288) width 360: "Nam nonummy enim. Nullam bibendum lobortis neque."
        text run at (0,306) width 341: "Vestibulum velit orci, tempus euismod, pretium quis,"
        text run at (0,324) width 318: "interdum vitae, nulla. Phasellus eget ante et tortor"
        text run at (0,342) width 351: "condimentum vestibulum. Suspendisse hendrerit quam"
        text run at (0,360) width 333: "nec felis. Sed varius turpis vitae pede. Lorem ipsum"
        text run at (0,378) width 275: "dolor sit amet, consectetuer adipiscing elit."
layer at (8,1266) size 760x361 backgroundClip at (0,0) size 785x600 clip at (0,0) size 785x600 outlineClip at (0,0) size 785x600
  LayoutBlockFlow {DIV} at (0,1250.44) size 760x361 [border: (5px solid #800000)]
    LayoutMultiColumnSet (anonymous) at (5,5) size 750x351
layer at (13,1271) size 367x693 backgroundClip at (0,0) size 785x600 clip at (0,0) size 785x600 outlineClip at (0,0) size 785x600
  LayoutMultiColumnFlowThread (anonymous) at (5,5) size 367x693
    LayoutText {#text} at (0,0) size 367x240
      text run at (0,0) width 364: "Lorem ipsum dolor sit amet, consectetuer adipiscing elit."
      text run at (0,18) width 362: "Nulla varius enim ac mi. Curabitur sollicitudin felis quis"
      text run at (0,36) width 332: "lectus. Quisque adipiscing rhoncus sem. Proin nulla"
      text run at (0,54) width 367: "purus, vulputate vel, varius ut, euismod et, nisi. Sed vitae"
      text run at (0,72) width 354: "felis vel orci sagittis aliquam. Cras convallis adipiscing"
      text run at (0,90) width 347: "sem. Nam nonummy enim. Nullam bibendum lobortis"
      text run at (0,108) width 353: "neque. Vestibulum velit orci, tempus euismod, pretium"
      text run at (0,126) width 353: "quis, interdum vitae, nulla. Phasellus eget ante et tortor"
      text run at (0,144) width 351: "condimentum vestibulum. Suspendisse hendrerit quam"
      text run at (0,162) width 333: "nec felis. Sed varius turpis vitae pede. Lorem ipsum"
      text run at (0,180) width 279: "dolor sit amet, consectetuer adipiscing elit. "
      text run at (278,180) width 86: "Lorem ipsum"
      text run at (0,198) width 357: "dolor sit amet, consectetuer adipiscing elit. Nulla varius"
      text run at (0,223) width 80: "enim ac mi. "
    LayoutInline {H2} at (0,0) size 358x80 [bgcolor=#EEEEEE]
      LayoutText {#text} at (79,216) size 358x80
        text run at (79,216) width 271: "This is a spanning element"
        text run at (0,243) width 358: "with an original display of inline in"
        text run at (0,270) width 333: "the middle of the columns block."
    LayoutText {#text} at (0,297) size 367x395
      text run at (0,297) width 364: "Lorem ipsum dolor sit amet, consectetuer adipiscing elit."
      text run at (0,315) width 362: "Nulla varius enim ac mi. Curabitur sollicitudin felis quis"
      text run at (0,333) width 332: "lectus. Quisque adipiscing rhoncus sem. Proin nulla"
      text run at (0,351) width 367: "purus, vulputate vel, varius ut, euismod et, nisi. Sed vitae"
      text run at (0,369) width 354: "felis vel orci sagittis aliquam. Cras convallis adipiscing"
      text run at (0,387) width 347: "sem. Nam nonummy enim. Nullam bibendum lobortis"
      text run at (0,405) width 353: "neque. Vestibulum velit orci, tempus euismod, pretium"
      text run at (0,423) width 353: "quis, interdum vitae, nulla. Phasellus eget ante et tortor"
      text run at (0,441) width 351: "condimentum vestibulum. Suspendisse hendrerit quam"
      text run at (0,459) width 333: "nec felis. Sed varius turpis vitae pede. Lorem ipsum"
      text run at (0,477) width 279: "dolor sit amet, consectetuer adipiscing elit. "
      text run at (278,477) width 86: "Lorem ipsum"
      text run at (0,495) width 357: "dolor sit amet, consectetuer adipiscing elit. Nulla varius"
      text run at (0,513) width 324: "enim ac mi. Curabitur sollicitudin felis quis lectus."
      text run at (0,531) width 330: "Quisque adipiscing rhoncus sem. Proin nulla purus,"
      text run at (0,549) width 355: "vulputate vel, varius ut, euismod et, nisi. Sed vitae felis"
      text run at (0,567) width 356: "vel orci sagittis aliquam. Cras convallis adipiscing sem."
      text run at (0,585) width 360: "Nam nonummy enim. Nullam bibendum lobortis neque."
      text run at (0,603) width 341: "Vestibulum velit orci, tempus euismod, pretium quis,"
      text run at (0,621) width 318: "interdum vitae, nulla. Phasellus eget ante et tortor"
      text run at (0,639) width 351: "condimentum vestibulum. Suspendisse hendrerit quam"
      text run at (0,657) width 333: "nec felis. Sed varius turpis vitae pede. Lorem ipsum"
      text run at (0,675) width 275: "dolor sit amet, consectetuer adipiscing elit."
layer at (8,1643) size 760x383 backgroundClip at (0,0) size 785x600 clip at (0,0) size 785x600 outlineClip at (0,0) size 785x600
  LayoutBlockFlow {DIV} at (0,1627.44) size 760x382.81 [border: (5px solid #800000)]
    LayoutMultiColumnSet (anonymous) at (5,5) size 750x372.81
layer at (13,1648) size 367x733 backgroundClip at (0,0) size 785x600 clip at (0,0) size 785x600 outlineClip at (0,0) size 785x600
  LayoutMultiColumnFlowThread (anonymous) at (5,5) size 367x732.81
    LayoutText {#text} at (0,0) size 367x233
      text run at (0,0) width 364: "Lorem ipsum dolor sit amet, consectetuer adipiscing elit."
      text run at (0,18) width 362: "Nulla varius enim ac mi. Curabitur sollicitudin felis quis"
      text run at (0,36) width 332: "lectus. Quisque adipiscing rhoncus sem. Proin nulla"
      text run at (0,54) width 367: "purus, vulputate vel, varius ut, euismod et, nisi. Sed vitae"
      text run at (0,72) width 354: "felis vel orci sagittis aliquam. Cras convallis adipiscing"
      text run at (0,90) width 347: "sem. Nam nonummy enim. Nullam bibendum lobortis"
      text run at (0,108) width 353: "neque. Vestibulum velit orci, tempus euismod, pretium"
      text run at (0,126) width 353: "quis, interdum vitae, nulla. Phasellus eget ante et tortor"
      text run at (0,144) width 351: "condimentum vestibulum. Suspendisse hendrerit quam"
      text run at (0,162) width 333: "nec felis. Sed varius turpis vitae pede. Lorem ipsum"
      text run at (0,180) width 279: "dolor sit amet, consectetuer adipiscing elit. "
      text run at (278,180) width 86: "Lorem ipsum"
      text run at (0,198) width 357: "dolor sit amet, consectetuer adipiscing elit. Nulla varius"
      text run at (0,216) width 80: "enim ac mi. "
    LayoutBlockFlow (floating) {H2} at (0,253.91) size 367x81 [bgcolor=#EEEEEE]
      LayoutText {#text} at (0,0) size 340x80
        text run at (0,0) width 323: "This element specifies a column"
        text run at (0,27) width 340: "span, but it is also floating, so the"
        text run at (0,54) width 327: "column-span should be ignored."
    LayoutText {#text} at (79,216) size 367x516
      text run at (79,216) width 266: "Lorem ipsum dolor sit amet, consectetuer"
      text run at (0,355) width 322: "adipiscing elit. Nulla varius enim ac mi. Curabitur"
      text run at (0,373) width 362: "sollicitudin felis quis lectus. Quisque adipiscing rhoncus"
      text run at (0,391) width 361: "sem. Proin nulla purus, vulputate vel, varius ut, euismod"
      text run at (0,409) width 336: "et, nisi. Sed vitae felis vel orci sagittis aliquam. Cras"
      text run at (0,427) width 358: "convallis adipiscing sem. Nam nonummy enim. Nullam"
      text run at (0,445) width 358: "bibendum lobortis neque. Vestibulum velit orci, tempus"
      text run at (0,463) width 352: "euismod, pretium quis, interdum vitae, nulla. Phasellus"
      text run at (0,481) width 366: "eget ante et tortor condimentum vestibulum. Suspendisse"
      text run at (0,499) width 344: "hendrerit quam nec felis. Sed varius turpis vitae pede."
      text run at (0,517) width 364: "Lorem ipsum dolor sit amet, consectetuer adipiscing elit."
      text run at (0,535) width 364: "Lorem ipsum dolor sit amet, consectetuer adipiscing elit."
      text run at (0,553) width 362: "Nulla varius enim ac mi. Curabitur sollicitudin felis quis"
      text run at (0,571) width 332: "lectus. Quisque adipiscing rhoncus sem. Proin nulla"
      text run at (0,589) width 367: "purus, vulputate vel, varius ut, euismod et, nisi. Sed vitae"
      text run at (0,607) width 354: "felis vel orci sagittis aliquam. Cras convallis adipiscing"
      text run at (0,625) width 347: "sem. Nam nonummy enim. Nullam bibendum lobortis"
      text run at (0,643) width 353: "neque. Vestibulum velit orci, tempus euismod, pretium"
      text run at (0,661) width 353: "quis, interdum vitae, nulla. Phasellus eget ante et tortor"
      text run at (0,679) width 351: "condimentum vestibulum. Suspendisse hendrerit quam"
      text run at (0,697) width 333: "nec felis. Sed varius turpis vitae pede. Lorem ipsum"
      text run at (0,715) width 275: "dolor sit amet, consectetuer adipiscing elit."
layer at (8,2042) size 760x442 backgroundClip at (0,0) size 785x600 clip at (0,0) size 785x600 outlineClip at (0,0) size 785x600
  LayoutBlockFlow {DIV} at (0,2026.25) size 760x441.81 [border: (5px solid #800000)]
    LayoutMultiColumnSpannerPlaceholder (anonymous) at (5,24.91) size 0x54
    LayoutMultiColumnSet (anonymous) at (5,98.81) size 750x338
layer at (13,2047) size 367x658 backgroundClip at (0,0) size 785x600 clip at (0,0) size 785x600 outlineClip at (0,0) size 785x600
  LayoutMultiColumnFlowThread (anonymous) at (5,5) size 367x658
    LayoutBlockFlow {H2} at (5,24.91) size 750x54 [bgcolor=#EEEEEE]
      LayoutText {#text} at (0,0) size 711x53
        text run at (0,0) width 711: "This is a spanning element at the beginning of the columns block with"
        text run at (0,27) width 146: "block siblings."
    LayoutBlockFlow {P} at (0,16) size 367x198
      LayoutText {#text} at (0,0) size 367x197
        text run at (0,0) width 364: "Lorem ipsum dolor sit amet, consectetuer adipiscing elit."
        text run at (0,18) width 362: "Nulla varius enim ac mi. Curabitur sollicitudin felis quis"
        text run at (0,36) width 332: "lectus. Quisque adipiscing rhoncus sem. Proin nulla"
        text run at (0,54) width 367: "purus, vulputate vel, varius ut, euismod et, nisi. Sed vitae"
        text run at (0,72) width 354: "felis vel orci sagittis aliquam. Cras convallis adipiscing"
        text run at (0,90) width 347: "sem. Nam nonummy enim. Nullam bibendum lobortis"
        text run at (0,108) width 353: "neque. Vestibulum velit orci, tempus euismod, pretium"
        text run at (0,126) width 353: "quis, interdum vitae, nulla. Phasellus eget ante et tortor"
        text run at (0,144) width 351: "condimentum vestibulum. Suspendisse hendrerit quam"
        text run at (0,162) width 333: "nec felis. Sed varius turpis vitae pede. Lorem ipsum"
        text run at (0,180) width 275: "dolor sit amet, consectetuer adipiscing elit."
    LayoutBlockFlow {P} at (0,230) size 367x198
      LayoutText {#text} at (0,0) size 367x197
        text run at (0,0) width 364: "Lorem ipsum dolor sit amet, consectetuer adipiscing elit."
        text run at (0,18) width 362: "Nulla varius enim ac mi. Curabitur sollicitudin felis quis"
        text run at (0,36) width 332: "lectus. Quisque adipiscing rhoncus sem. Proin nulla"
        text run at (0,54) width 367: "purus, vulputate vel, varius ut, euismod et, nisi. Sed vitae"
        text run at (0,72) width 354: "felis vel orci sagittis aliquam. Cras convallis adipiscing"
        text run at (0,90) width 347: "sem. Nam nonummy enim. Nullam bibendum lobortis"
        text run at (0,108) width 353: "neque. Vestibulum velit orci, tempus euismod, pretium"
        text run at (0,126) width 353: "quis, interdum vitae, nulla. Phasellus eget ante et tortor"
        text run at (0,144) width 351: "condimentum vestibulum. Suspendisse hendrerit quam"
        text run at (0,162) width 333: "nec felis. Sed varius turpis vitae pede. Lorem ipsum"
        text run at (0,180) width 275: "dolor sit amet, consectetuer adipiscing elit."
    LayoutBlockFlow {P} at (0,444) size 367x198
      LayoutText {#text} at (0,0) size 367x197
        text run at (0,0) width 364: "Lorem ipsum dolor sit amet, consectetuer adipiscing elit."
        text run at (0,18) width 362: "Nulla varius enim ac mi. Curabitur sollicitudin felis quis"
        text run at (0,36) width 332: "lectus. Quisque adipiscing rhoncus sem. Proin nulla"
        text run at (0,54) width 367: "purus, vulputate vel, varius ut, euismod et, nisi. Sed vitae"
        text run at (0,72) width 354: "felis vel orci sagittis aliquam. Cras convallis adipiscing"
        text run at (0,90) width 347: "sem. Nam nonummy enim. Nullam bibendum lobortis"
        text run at (0,108) width 353: "neque. Vestibulum velit orci, tempus euismod, pretium"
        text run at (0,126) width 353: "quis, interdum vitae, nulla. Phasellus eget ante et tortor"
        text run at (0,144) width 351: "condimentum vestibulum. Suspendisse hendrerit quam"
        text run at (0,162) width 333: "nec felis. Sed varius turpis vitae pede. Lorem ipsum"
        text run at (0,180) width 275: "dolor sit amet, consectetuer adipiscing elit."
layer at (8,2500) size 760x442 backgroundClip at (0,0) size 785x600 clip at (0,0) size 785x600 outlineClip at (0,0) size 785x600
  LayoutBlockFlow {DIV} at (0,2484.06) size 760x441.81 [border: (5px solid #800000)]
    LayoutMultiColumnSet (anonymous) at (5,5) size 750x338
    LayoutMultiColumnSpannerPlaceholder (anonymous) at (5,362.91) size 0x54
layer at (13,2505) size 367x676 backgroundClip at (0,0) size 785x600 clip at (0,0) size 785x600 outlineClip at (0,0) size 785x600
  LayoutMultiColumnFlowThread (anonymous) at (5,5) size 367x676
    LayoutBlockFlow {P} at (0,16) size 367x198
      LayoutText {#text} at (0,0) size 367x197
        text run at (0,0) width 364: "Lorem ipsum dolor sit amet, consectetuer adipiscing elit."
        text run at (0,18) width 362: "Nulla varius enim ac mi. Curabitur sollicitudin felis quis"
        text run at (0,36) width 332: "lectus. Quisque adipiscing rhoncus sem. Proin nulla"
        text run at (0,54) width 367: "purus, vulputate vel, varius ut, euismod et, nisi. Sed vitae"
        text run at (0,72) width 354: "felis vel orci sagittis aliquam. Cras convallis adipiscing"
        text run at (0,90) width 347: "sem. Nam nonummy enim. Nullam bibendum lobortis"
        text run at (0,108) width 353: "neque. Vestibulum velit orci, tempus euismod, pretium"
        text run at (0,126) width 353: "quis, interdum vitae, nulla. Phasellus eget ante et tortor"
        text run at (0,144) width 351: "condimentum vestibulum. Suspendisse hendrerit quam"
        text run at (0,162) width 333: "nec felis. Sed varius turpis vitae pede. Lorem ipsum"
        text run at (0,180) width 275: "dolor sit amet, consectetuer adipiscing elit."
    LayoutBlockFlow {P} at (0,230) size 367x198
      LayoutText {#text} at (0,0) size 367x197
        text run at (0,0) width 364: "Lorem ipsum dolor sit amet, consectetuer adipiscing elit."
        text run at (0,18) width 362: "Nulla varius enim ac mi. Curabitur sollicitudin felis quis"
        text run at (0,36) width 332: "lectus. Quisque adipiscing rhoncus sem. Proin nulla"
        text run at (0,54) width 367: "purus, vulputate vel, varius ut, euismod et, nisi. Sed vitae"
        text run at (0,72) width 354: "felis vel orci sagittis aliquam. Cras convallis adipiscing"
        text run at (0,90) width 347: "sem. Nam nonummy enim. Nullam bibendum lobortis"
        text run at (0,108) width 353: "neque. Vestibulum velit orci, tempus euismod, pretium"
        text run at (0,126) width 353: "quis, interdum vitae, nulla. Phasellus eget ante et tortor"
        text run at (0,144) width 351: "condimentum vestibulum. Suspendisse hendrerit quam"
        text run at (0,162) width 333: "nec felis. Sed varius turpis vitae pede. Lorem ipsum"
        text run at (0,180) width 275: "dolor sit amet, consectetuer adipiscing elit."
    LayoutBlockFlow {P} at (0,444) size 367x198
      LayoutText {#text} at (0,0) size 367x197
        text run at (0,0) width 364: "Lorem ipsum dolor sit amet, consectetuer adipiscing elit."
        text run at (0,18) width 362: "Nulla varius enim ac mi. Curabitur sollicitudin felis quis"
        text run at (0,36) width 332: "lectus. Quisque adipiscing rhoncus sem. Proin nulla"
        text run at (0,54) width 367: "purus, vulputate vel, varius ut, euismod et, nisi. Sed vitae"
        text run at (0,72) width 354: "felis vel orci sagittis aliquam. Cras convallis adipiscing"
        text run at (0,90) width 347: "sem. Nam nonummy enim. Nullam bibendum lobortis"
        text run at (0,108) width 353: "neque. Vestibulum velit orci, tempus euismod, pretium"
        text run at (0,126) width 353: "quis, interdum vitae, nulla. Phasellus eget ante et tortor"
        text run at (0,144) width 351: "condimentum vestibulum. Suspendisse hendrerit quam"
        text run at (0,162) width 333: "nec felis. Sed varius turpis vitae pede. Lorem ipsum"
        text run at (0,180) width 275: "dolor sit amet, consectetuer adipiscing elit."
    LayoutBlockFlow {H2} at (5,362.91) size 750x54 [bgcolor=#EEEEEE]
      LayoutText {#text} at (0,0) size 709x53
        text run at (0,0) width 709: "This is a spanning element at the end of the columns block with block"
        text run at (0,27) width 84: "siblings."
layer at (8,2958) size 760x450 backgroundClip at (0,0) size 785x600 clip at (0,0) size 785x600 outlineClip at (0,0) size 785x600
  LayoutBlockFlow {DIV} at (0,2941.88) size 760x449.81 [border: (5px solid #800000)]
    LayoutMultiColumnSet (anonymous) at (5,5) size 750x222
    LayoutMultiColumnSpannerPlaceholder (anonymous) at (5,246.91) size 0x54
    LayoutMultiColumnSet (anonymous) at (5,320.81) size 750x124
layer at (13,2963) size 367x674 backgroundClip at (0,0) size 785x600 clip at (0,0) size 785x600 outlineClip at (0,0) size 785x600
  LayoutMultiColumnFlowThread (anonymous) at (5,5) size 367x674
    LayoutBlockFlow {P} at (0,16) size 367x198
      LayoutText {#text} at (0,0) size 367x197
        text run at (0,0) width 364: "Lorem ipsum dolor sit amet, consectetuer adipiscing elit."
        text run at (0,18) width 362: "Nulla varius enim ac mi. Curabitur sollicitudin felis quis"
        text run at (0,36) width 332: "lectus. Quisque adipiscing rhoncus sem. Proin nulla"
        text run at (0,54) width 367: "purus, vulputate vel, varius ut, euismod et, nisi. Sed vitae"
        text run at (0,72) width 354: "felis vel orci sagittis aliquam. Cras convallis adipiscing"
        text run at (0,90) width 347: "sem. Nam nonummy enim. Nullam bibendum lobortis"
        text run at (0,108) width 353: "neque. Vestibulum velit orci, tempus euismod, pretium"
        text run at (0,126) width 353: "quis, interdum vitae, nulla. Phasellus eget ante et tortor"
        text run at (0,144) width 351: "condimentum vestibulum. Suspendisse hendrerit quam"
        text run at (0,162) width 333: "nec felis. Sed varius turpis vitae pede. Lorem ipsum"
        text run at (0,180) width 275: "dolor sit amet, consectetuer adipiscing elit."
    LayoutBlockFlow {P} at (0,222) size 367x198
      LayoutText {#text} at (0,0) size 367x197
        text run at (0,0) width 364: "Lorem ipsum dolor sit amet, consectetuer adipiscing elit."
        text run at (0,18) width 362: "Nulla varius enim ac mi. Curabitur sollicitudin felis quis"
        text run at (0,36) width 332: "lectus. Quisque adipiscing rhoncus sem. Proin nulla"
        text run at (0,54) width 367: "purus, vulputate vel, varius ut, euismod et, nisi. Sed vitae"
        text run at (0,72) width 354: "felis vel orci sagittis aliquam. Cras convallis adipiscing"
        text run at (0,90) width 347: "sem. Nam nonummy enim. Nullam bibendum lobortis"
        text run at (0,108) width 353: "neque. Vestibulum velit orci, tempus euismod, pretium"
        text run at (0,126) width 353: "quis, interdum vitae, nulla. Phasellus eget ante et tortor"
        text run at (0,144) width 351: "condimentum vestibulum. Suspendisse hendrerit quam"
        text run at (0,162) width 333: "nec felis. Sed varius turpis vitae pede. Lorem ipsum"
        text run at (0,180) width 275: "dolor sit amet, consectetuer adipiscing elit."
    LayoutBlockFlow {H2} at (5,246.91) size 750x54 [bgcolor=#EEEEEE]
      LayoutText {#text} at (0,0) size 743x53
        text run at (0,0) width 743: "This is a spanning element in the middle of the columns block with block"
        text run at (0,27) width 84: "siblings."
    LayoutBlockFlow {P} at (0,460) size 367x198
      LayoutText {#text} at (0,0) size 367x197
        text run at (0,0) width 364: "Lorem ipsum dolor sit amet, consectetuer adipiscing elit."
        text run at (0,18) width 362: "Nulla varius enim ac mi. Curabitur sollicitudin felis quis"
        text run at (0,36) width 332: "lectus. Quisque adipiscing rhoncus sem. Proin nulla"
        text run at (0,54) width 367: "purus, vulputate vel, varius ut, euismod et, nisi. Sed vitae"
        text run at (0,72) width 354: "felis vel orci sagittis aliquam. Cras convallis adipiscing"
        text run at (0,90) width 347: "sem. Nam nonummy enim. Nullam bibendum lobortis"
        text run at (0,108) width 353: "neque. Vestibulum velit orci, tempus euismod, pretium"
        text run at (0,126) width 353: "quis, interdum vitae, nulla. Phasellus eget ante et tortor"
        text run at (0,144) width 351: "condimentum vestibulum. Suspendisse hendrerit quam"
        text run at (0,162) width 333: "nec felis. Sed varius turpis vitae pede. Lorem ipsum"
        text run at (0,180) width 275: "dolor sit amet, consectetuer adipiscing elit."
