layer at (0,0) size 800x600 clip at (0,0) size 785x600 scrollHeight 1322
  LayoutView at (0,0) size 800x600
layer at (0,0) size 785x1322 backgroundClip at (0,0) size 785x600 clip at (0,0) size 785x600 outlineClip at (0,0) size 785x600
  LayoutBlockFlow {HTML} at (0,0) size 785x1322.44
    LayoutBlockFlow {BODY} at (8,16) size 769x1290.44
layer at (8,16) size 760x417
  LayoutBlockFlow {DIV} at (0,0) size 760x416.81 [border: (5px solid #800000)]
    LayoutMultiColumnSet (anonymous) at (5,5) size 750x16
    LayoutMultiColumnSpannerPlaceholder (anonymous) at (5,40.91) size 0x27
    LayoutMultiColumnSet (anonymous) at (5,87.81) size 750x324
layer at (13,21) size 367x680 backgroundClip at (0,0) size 785x600 clip at (0,0) size 785x600 outlineClip at (0,0) size 785x600
  LayoutMultiColumnFlowThread (anonymous) at (5,5) size 367x680
    LayoutBlockFlow {SPAN} at (0,16) size 367x214 [color=#FFFFFF] [bgcolor=#000000]
      LayoutBlockFlow {H2} at (5,40.91) size 750x27 [color=#000000] [bgcolor=#EEEEEE]
        LayoutText {#text} at (0,0) size 277x26
          text run at (0,0) width 277: "This is a spanning element."
      LayoutBlockFlow (anonymous) at (0,16) size 367x198
        LayoutText {#text} at (0,0) size 367x197
          text run at (0,0) width 364: "Lorem ipsum dolor sit amet, consectetuer adipiscing elit."
          text run at (0,18) width 362: "Nulla varius enim ac mi. Curabitur sollicitudin felis quis"
          text run at (0,36) width 332: "lectus. Quisque adipiscing rhoncus sem. Proin nulla"
          text run at (0,54) width 367: "purus, vulputate vel, varius ut, euismod et, nisi. Sed vitae"
          text run at (0,72) width 354: "felis vel orci sagittis aliquam. Cras convallis adipiscing"
          text run at (0,90) width 347: "sem. Nam nonummy enim. Nullam bibendum lobortis"
          text run at (0,108) width 353: "neque. Vestibulum velit orci, tempus euismod, pretium"
          text run at (0,126) width 353: "quis, interdum vitae, nulla. Phasellus eget ante et tortor"
          text run at (0,144) width 351: "condimentum vestibulum. Suspendisse hendrerit quam"
          text run at (0,162) width 333: "nec felis. Sed varius turpis vitae pede. Lorem ipsum"
          text run at (0,180) width 275: "dolor sit amet, consectetuer adipiscing elit."
    LayoutBlockFlow (anonymous) at (0,246) size 367x434
      LayoutText {#text} at (0,0) size 367x199
        text run at (0,0) width 364: "Lorem ipsum dolor sit amet, consectetuer adipiscing elit."
        text run at (0,18) width 362: "Nulla varius enim ac mi. Curabitur sollicitudin felis quis"
        text run at (0,36) width 332: "lectus. Quisque adipiscing rhoncus sem. Proin nulla"
        text run at (0,54) width 367: "purus, vulputate vel, varius ut, euismod et, nisi. Sed vitae"
        text run at (0,72) width 354: "felis vel orci sagittis aliquam. Cras convallis adipiscing"
        text run at (0,90) width 347: "sem. Nam nonummy enim. Nullam bibendum lobortis"
        text run at (0,110) width 353: "neque. Vestibulum velit orci, tempus euismod, pretium"
        text run at (0,128) width 353: "quis, interdum vitae, nulla. Phasellus eget ante et tortor"
        text run at (0,146) width 351: "condimentum vestibulum. Suspendisse hendrerit quam"
        text run at (0,164) width 333: "nec felis. Sed varius turpis vitae pede. Lorem ipsum"
        text run at (0,182) width 279: "dolor sit amet, consectetuer adipiscing elit. "
      LayoutInline {SPAN} at (0,0) size 43x17
        LayoutText {#text} at (278,182) size 43x17
          text run at (278,182) width 43: "Lorem"
      LayoutText {#text} at (320,182) size 364x251
        text run at (320,182) width 44: " ipsum"
        text run at (0,200) width 357: "dolor sit amet, consectetuer adipiscing elit. Nulla varius"
        text run at (0,218) width 324: "enim ac mi. Curabitur sollicitudin felis quis lectus."
        text run at (0,236) width 330: "Quisque adipiscing rhoncus sem. Proin nulla purus,"
        text run at (0,254) width 355: "vulputate vel, varius ut, euismod et, nisi. Sed vitae felis"
        text run at (0,272) width 356: "vel orci sagittis aliquam. Cras convallis adipiscing sem."
        text run at (0,290) width 360: "Nam nonummy enim. Nullam bibendum lobortis neque."
        text run at (0,308) width 341: "Vestibulum velit orci, tempus euismod, pretium quis,"
        text run at (0,326) width 318: "interdum vitae, nulla. Phasellus eget ante et tortor"
        text run at (0,344) width 351: "condimentum vestibulum. Suspendisse hendrerit quam"
        text run at (0,362) width 333: "nec felis. Sed varius turpis vitae pede. Lorem ipsum"
        text run at (0,380) width 279: "dolor sit amet, consectetuer adipiscing elit. "
        text run at (278,380) width 86: "Lorem ipsum"
        text run at (0,398) width 357: "dolor sit amet, consectetuer adipiscing elit. Nulla varius"
        text run at (0,416) width 76: "enim ac mi."
layer at (8,449) size 760x401 backgroundClip at (0,0) size 785x600 clip at (0,0) size 785x600 outlineClip at (0,0) size 785x600
  LayoutBlockFlow {DIV} at (0,432.81) size 760x400.81 [border: (5px solid #800000)]
    LayoutMultiColumnSet (anonymous) at (5,5) size 750x324
    LayoutMultiColumnSpannerPlaceholder (anonymous) at (5,348.91) size 0x27
layer at (13,454) size 367x664 backgroundClip at (0,0) size 785x600 clip at (0,0) size 785x600 outlineClip at (0,0) size 785x600
  LayoutMultiColumnFlowThread (anonymous) at (5,5) size 367x664
    LayoutBlockFlow (anonymous) at (0,0) size 367x594
      LayoutText {#text} at (0,0) size 367x593
        text run at (0,0) width 364: "Lorem ipsum dolor sit amet, consectetuer adipiscing elit."
        text run at (0,18) width 362: "Nulla varius enim ac mi. Curabitur sollicitudin felis quis"
        text run at (0,36) width 332: "lectus. Quisque adipiscing rhoncus sem. Proin nulla"
        text run at (0,54) width 367: "purus, vulputate vel, varius ut, euismod et, nisi. Sed vitae"
        text run at (0,72) width 354: "felis vel orci sagittis aliquam. Cras convallis adipiscing"
        text run at (0,90) width 347: "sem. Nam nonummy enim. Nullam bibendum lobortis"
        text run at (0,108) width 353: "neque. Vestibulum velit orci, tempus euismod, pretium"
        text run at (0,126) width 353: "quis, interdum vitae, nulla. Phasellus eget ante et tortor"
        text run at (0,144) width 351: "condimentum vestibulum. Suspendisse hendrerit quam"
        text run at (0,162) width 333: "nec felis. Sed varius turpis vitae pede. Lorem ipsum"
        text run at (0,180) width 279: "dolor sit amet, consectetuer adipiscing elit. "
        text run at (278,180) width 86: "Lorem ipsum"
        text run at (0,198) width 357: "dolor sit amet, consectetuer adipiscing elit. Nulla varius"
        text run at (0,216) width 324: "enim ac mi. Curabitur sollicitudin felis quis lectus."
        text run at (0,234) width 330: "Quisque adipiscing rhoncus sem. Proin nulla purus,"
        text run at (0,252) width 355: "vulputate vel, varius ut, euismod et, nisi. Sed vitae felis"
        text run at (0,270) width 356: "vel orci sagittis aliquam. Cras convallis adipiscing sem."
        text run at (0,288) width 360: "Nam nonummy enim. Nullam bibendum lobortis neque."
        text run at (0,306) width 341: "Vestibulum velit orci, tempus euismod, pretium quis,"
        text run at (0,324) width 318: "interdum vitae, nulla. Phasellus eget ante et tortor"
        text run at (0,342) width 351: "condimentum vestibulum. Suspendisse hendrerit quam"
        text run at (0,360) width 333: "nec felis. Sed varius turpis vitae pede. Lorem ipsum"
        text run at (0,378) width 279: "dolor sit amet, consectetuer adipiscing elit. "
        text run at (278,378) width 86: "Lorem ipsum"
        text run at (0,396) width 357: "dolor sit amet, consectetuer adipiscing elit. Nulla varius"
        text run at (0,414) width 324: "enim ac mi. Curabitur sollicitudin felis quis lectus."
        text run at (0,432) width 330: "Quisque adipiscing rhoncus sem. Proin nulla purus,"
        text run at (0,450) width 355: "vulputate vel, varius ut, euismod et, nisi. Sed vitae felis"
        text run at (0,468) width 356: "vel orci sagittis aliquam. Cras convallis adipiscing sem."
        text run at (0,486) width 360: "Nam nonummy enim. Nullam bibendum lobortis neque."
        text run at (0,504) width 341: "Vestibulum velit orci, tempus euismod, pretium quis,"
        text run at (0,522) width 318: "interdum vitae, nulla. Phasellus eget ante et tortor"
        text run at (0,540) width 351: "condimentum vestibulum. Suspendisse hendrerit quam"
        text run at (0,558) width 333: "nec felis. Sed varius turpis vitae pede. Lorem ipsum"
        text run at (0,576) width 275: "dolor sit amet, consectetuer adipiscing elit."
    LayoutBlockFlow {SPAN} at (0,610) size 367x38 [color=#FFFFFF] [bgcolor=#000000]
      LayoutBlockFlow (anonymous) at (0,0) size 367x36
        LayoutText {#text} at (0,0) size 364x35
          text run at (0,0) width 364: "Lorem ipsum dolor sit amet, consectetuer adipiscing elit."
          text run at (0,18) width 158: "Nulla varius enim ac mi."
      LayoutBlockFlow {H2} at (5,348.91) size 750x27 [color=#000000] [bgcolor=#EEEEEE]
        LayoutText {#text} at (0,0) size 277x26
          text run at (0,0) width 277: "This is a spanning element."
layer at (8,866) size 760x440 backgroundClip at (0,0) size 785x600 clip at (0,0) size 785x600 outlineClip at (0,0) size 785x600
  LayoutBlockFlow {DIV} at (0,849.63) size 760x440.81 [border: (5px solid #800000)]
    LayoutMultiColumnSet (anonymous) at (5,5) size 750x142
    LayoutMultiColumnSpannerPlaceholder (anonymous) at (5,166.91) size 0x27
    LayoutMultiColumnSet (anonymous) at (5,213.81) size 750x222
layer at (13,871) size 367x720 backgroundClip at (0,0) size 785x600 clip at (0,0) size 785x600 outlineClip at (0,0) size 785x600
  LayoutMultiColumnFlowThread (anonymous) at (5,5) size 367x720
    LayoutBlockFlow {P} at (0,16) size 367x198
      LayoutText {#text} at (0,0) size 367x197
        text run at (0,0) width 364: "Lorem ipsum dolor sit amet, consectetuer adipiscing elit."
        text run at (0,18) width 362: "Nulla varius enim ac mi. Curabitur sollicitudin felis quis"
        text run at (0,36) width 332: "lectus. Quisque adipiscing rhoncus sem. Proin nulla"
        text run at (0,54) width 367: "purus, vulputate vel, varius ut, euismod et, nisi. Sed vitae"
        text run at (0,72) width 354: "felis vel orci sagittis aliquam. Cras convallis adipiscing"
        text run at (0,90) width 347: "sem. Nam nonummy enim. Nullam bibendum lobortis"
        text run at (0,108) width 353: "neque. Vestibulum velit orci, tempus euismod, pretium"
        text run at (0,126) width 353: "quis, interdum vitae, nulla. Phasellus eget ante et tortor"
        text run at (0,144) width 351: "condimentum vestibulum. Suspendisse hendrerit quam"
        text run at (0,162) width 333: "nec felis. Sed varius turpis vitae pede. Lorem ipsum"
        text run at (0,180) width 275: "dolor sit amet, consectetuer adipiscing elit."
    LayoutBlockFlow {SPAN} at (0,230) size 367x268 [color=#FFFFFF] [bgcolor=#000000]
      LayoutBlockFlow (anonymous) at (0,0) size 367x36
        LayoutText {#text} at (0,0) size 364x35
          text run at (0,0) width 364: "Lorem ipsum dolor sit amet, consectetuer adipiscing elit."
          text run at (0,18) width 158: "Nulla varius enim ac mi."
      LayoutBlockFlow {H2} at (5,166.91) size 750x27 [color=#000000] [bgcolor=#EEEEEE]
        LayoutText {#text} at (0,0) size 277x26
          text run at (0,0) width 277: "This is a spanning element."
      LayoutBlockFlow {P} at (0,70) size 367x198
        LayoutText {#text} at (0,0) size 367x197
          text run at (0,0) width 364: "Lorem ipsum dolor sit amet, consectetuer adipiscing elit."
          text run at (0,18) width 362: "Nulla varius enim ac mi. Curabitur sollicitudin felis quis"
          text run at (0,36) width 332: "lectus. Quisque adipiscing rhoncus sem. Proin nulla"
          text run at (0,54) width 367: "purus, vulputate vel, varius ut, euismod et, nisi. Sed vitae"
          text run at (0,72) width 354: "felis vel orci sagittis aliquam. Cras convallis adipiscing"
          text run at (0,90) width 347: "sem. Nam nonummy enim. Nullam bibendum lobortis"
          text run at (0,108) width 353: "neque. Vestibulum velit orci, tempus euismod, pretium"
          text run at (0,126) width 353: "quis, interdum vitae, nulla. Phasellus eget ante et tortor"
          text run at (0,144) width 351: "condimentum vestibulum. Suspendisse hendrerit quam"
          text run at (0,162) width 333: "nec felis. Sed varius turpis vitae pede. Lorem ipsum"
          text run at (0,180) width 275: "dolor sit amet, consectetuer adipiscing elit."
    LayoutBlockFlow (anonymous) at (0,506) size 367x198
      LayoutText {#text} at (0,0) size 367x197
        text run at (0,0) width 364: "Lorem ipsum dolor sit amet, consectetuer adipiscing elit."
        text run at (0,18) width 362: "Nulla varius enim ac mi. Curabitur sollicitudin felis quis"
        text run at (0,36) width 332: "lectus. Quisque adipiscing rhoncus sem. Proin nulla"
        text run at (0,54) width 367: "purus, vulputate vel, varius ut, euismod et, nisi. Sed vitae"
        text run at (0,72) width 354: "felis vel orci sagittis aliquam. Cras convallis adipiscing"
        text run at (0,90) width 347: "sem. Nam nonummy enim. Nullam bibendum lobortis"
        text run at (0,108) width 353: "neque. Vestibulum velit orci, tempus euismod, pretium"
        text run at (0,126) width 353: "quis, interdum vitae, nulla. Phasellus eget ante et tortor"
        text run at (0,144) width 351: "condimentum vestibulum. Suspendisse hendrerit quam"
        text run at (0,162) width 333: "nec felis. Sed varius turpis vitae pede. Lorem ipsum"
        text run at (0,180) width 275: "dolor sit amet, consectetuer adipiscing elit."
    LayoutBlockFlow {P} at (0,720) size 367x0
