layer at (0,0) size 800x600
  LayoutView at (0,0) size 800x600
layer at (0,0) size 800x600
  LayoutBlockFlow {HTML} at (0,0) size 800x600
    LayoutBlockFlow {BODY} at (8,8) size 784x584
layer at (8,8) size 138x98 clip at (18,18) size 118x78
  LayoutBlockFlow (floating) {DIV} at (0,0) size 138x98 [border: (10px solid #FF0000)]
    LayoutBlockFlow (floating) {IMG} at (10,10) size 86x66
    LayoutBlockFlow {DIV} at (10,10) size 118x12
      LayoutText {#text} at (92,0) size 5x12
        text run at (92,0) width 5: "x"
    LayoutBlockFlow {DIV} at (10,22) size 118x66
      LayoutText {#text} at (92,0) size 108x66
        text run at (92,0) width 16: "Ted"
        text run at (92,12) width 14: "and"
        text run at (92,24) width 12: "the"
        text run at (0,54) width 67: "miniature Teddy"
layer at (18,18) size 86x66 clip at (19,19) size 84x64
  LayoutBlockFlow {DIV} at (0,0) size 86x66 [border: (1px solid #C0C0C0)]
layer at (20,20) size 82x0
  LayoutBlockFlow {DIV} at (2,2) size 82x0
