layer at (0,0) size 800x600
  RenderView at (0,0) size 800x600
layer at (0,0) size 800x600
  RenderBlock {HTML} at (0,0) size 800x600
    RenderBody {BODY} at (8,8) size 784x584
      RenderBlock {P} at (0,0) size 784x18
        RenderText {#text} at (0,0) size 55x17
          text run at (0,0) width 55: "Test for "
        RenderInline {I} at (0,0) size 640x17
          RenderInline {A} at (0,0) size 306x17 [color=#0000EE]
            RenderText {#text} at (54,0) size 306x17
              text run at (54,0) width 306: "http://bugs.webkit.org/show_bug.cgi?id=15362"
          RenderText {#text} at (359,0) size 335x17
            text run at (359,0) width 5: " "
            text run at (363,0) width 331: "Safari Crashes when opening a JS TreeGrid widget"
        RenderText {#text} at (693,0) size 5x17
          text run at (693,0) width 5: "."
      RenderBlock {P} at (0,34) size 784x72
        RenderText {#text} at (0,0) size 778x71
          text run at (0,0) width 771: "The test sets up an inline parent with a child that is some kind of table part. The child gets broken off into a continuation"
          text run at (0,18) width 778: "and anonymous table parts get created below and/or above the table parts. Then the test tries to insert a new child into the"
          text run at (0,36) width 760: "inline, specifying the table part as the \"before child\". The resulting render tree should look just like it would look if the"
          text run at (0,54) width 124: "parent was a block."
      RenderBlock {DIV} at (0,122) size 784x18
        RenderInline {SPAN} at (0,0) size 235x17
          RenderText {#text} at (0,0) size 42x17
            text run at (0,0) width 42: "Text..."
          RenderText {#text} at (41,0) size 89x17
            text run at (41,0) width 89: "goes here and"
          LayoutTable at (129.28,0) size 105x18
            LayoutTableSection (anonymous) at (0,0) size 105x18
              LayoutTableRow (anonymous) at (0,0) size 105x18
                LayoutTableCell {DIV} at (0,0) size 105x18 [r=0 c=0 rs=1 cs=1]
                  RenderText {#text} at (0,0) size 105x17
                    text run at (0,0) width 105: "...continues here"
      RenderBlock {DIV} at (0,140) size 784x18
        RenderInline {SPAN} at (0,0) size 148x17
          RenderText {#text} at (0,0) size 42x17
            text run at (0,0) width 42: "Text..."
          LayoutTable at (41.31,0) size 106x18
            LayoutTableSection (anonymous) at (0,0) size 106x18
              LayoutTableRow (anonymous) at (0,0) size 106x18
                LayoutTableCell {TD} at (0,0) size 0x0 [r=0 c=0 rs=1 cs=1]
                LayoutTableCell {DIV} at (0,0) size 106x18 [r=0 c=1 rs=1 cs=1]
                  RenderText {#text} at (0,0) size 105x17
                    text run at (0,0) width 105: "...continues here"
      RenderBlock {DIV} at (0,158) size 784x22
        RenderInline {SPAN} at (0,0) size 147x17
          RenderText {#text} at (0,4) size 42x17
            text run at (0,4) width 42: "Text..."
          LayoutTable at (41.31,0) size 105x18
            LayoutTableSection (anonymous) at (0,0) size 105x18
              LayoutTableRow {TR} at (0,0) size 105x0
              LayoutTableRow (anonymous) at (0,0) size 105x18
                LayoutTableCell {DIV} at (0,0) size 105x18 [r=1 c=0 rs=1 cs=1]
                  RenderText {#text} at (0,0) size 105x17
                    text run at (0,0) width 105: "...continues here"
      RenderBlock {DIV} at (0,180) size 784x18
        RenderInline {SPAN} at (0,0) size 147x17
          RenderText {#text} at (0,0) size 42x17
            text run at (0,0) width 42: "Text..."
          RenderInline {SPAN} at (0,0) size 1x17
          LayoutTable at (41.31,0) size 105x18
            LayoutTableSection (anonymous) at (0,0) size 105x18
              LayoutTableRow (anonymous) at (0,0) size 105x18
                LayoutTableCell {DIV} at (0,0) size 105x18 [r=0 c=0 rs=1 cs=1]
                  RenderText {#text} at (0,0) size 105x17
                    text run at (0,0) width 105: "...continues here"
      RenderBlock {DIV} at (0,198) size 784x36
        RenderBlock (anonymous) at (0,0) size 784x18
          RenderInline {SPAN} at (0,0) size 42x17
            RenderText {#text} at (0,0) size 42x17
              text run at (0,0) width 42: "Text..."
        RenderBlock (anonymous) at (0,18) size 784x18
          RenderBlock {DIV} at (0,0) size 784x0
          LayoutTable at (0,0) size 105x18
            LayoutTableSection (anonymous) at (0,0) size 105x18
              LayoutTableRow (anonymous) at (0,0) size 105x18
                LayoutTableCell {DIV} at (0,0) size 105x18 [r=0 c=0 rs=1 cs=1]
                  RenderText {#text} at (0,0) size 105x17
                    text run at (0,0) width 105: "...continues here"
        RenderBlock (anonymous) at (0,36) size 784x0
          RenderInline {SPAN} at (0,0) size 0x0
      RenderBlock {DIV} at (0,234) size 784x18
        RenderInline {SPAN} at (0,0) size 235x17
          RenderText {#text} at (0,0) size 42x17
            text run at (0,0) width 42: "Text..."
          RenderText {#text} at (41,0) size 89x17
            text run at (41,0) width 89: "goes here and"
          LayoutTable at (129.28,0) size 105x18
            LayoutTableSection (anonymous) at (0,0) size 105x18
              LayoutTableRow {DIV} at (0,0) size 105x18
                LayoutTableCell (anonymous) at (0,0) size 105x18 [r=0 c=0 rs=1 cs=1]
                  RenderText {#text} at (0,0) size 105x17
                    text run at (0,0) width 105: "...continues here"
      RenderBlock {DIV} at (0,252) size 784x22
        RenderInline {SPAN} at (0,0) size 147x17
          RenderText {#text} at (0,4) size 42x17
            text run at (0,4) width 42: "Text..."
          LayoutTable at (41.31,0) size 105x18
            LayoutTableSection (anonymous) at (0,0) size 105x18
              LayoutTableRow (anonymous) at (0,0) size 105x0
                LayoutTableCell {TD} at (0,0) size 105x0 [r=0 c=0 rs=1 cs=1]
              LayoutTableRow {DIV} at (0,0) size 105x18
                LayoutTableCell (anonymous) at (0,0) size 105x18 [r=1 c=0 rs=1 cs=1]
                  RenderText {#text} at (0,0) size 105x17
                    text run at (0,0) width 105: "...continues here"
      RenderBlock {DIV} at (0,274) size 784x22
        RenderInline {SPAN} at (0,0) size 147x17
          RenderText {#text} at (0,4) size 42x17
            text run at (0,4) width 42: "Text..."
          LayoutTable at (41.31,0) size 105x18
            LayoutTableSection (anonymous) at (0,0) size 105x18
              LayoutTableRow {TR} at (0,0) size 105x0
              LayoutTableRow {DIV} at (0,0) size 105x18
                LayoutTableCell (anonymous) at (0,0) size 105x18 [r=1 c=0 rs=1 cs=1]
                  RenderText {#text} at (0,0) size 105x17
                    text run at (0,0) width 105: "...continues here"
      RenderBlock {DIV} at (0,296) size 784x18
        RenderInline {SPAN} at (0,0) size 147x17
          RenderText {#text} at (0,0) size 42x17
            text run at (0,0) width 42: "Text..."
          RenderInline {SPAN} at (0,0) size 1x17
          LayoutTable at (41.31,0) size 105x18
            LayoutTableSection (anonymous) at (0,0) size 105x18
              LayoutTableRow {DIV} at (0,0) size 105x18
                LayoutTableCell (anonymous) at (0,0) size 105x18 [r=0 c=0 rs=1 cs=1]
                  RenderText {#text} at (0,0) size 105x17
                    text run at (0,0) width 105: "...continues here"
      RenderBlock {DIV} at (0,314) size 784x36
        RenderBlock (anonymous) at (0,0) size 784x18
          RenderInline {SPAN} at (0,0) size 42x17
            RenderText {#text} at (0,0) size 42x17
              text run at (0,0) width 42: "Text..."
        RenderBlock (anonymous) at (0,18) size 784x18
          RenderBlock {DIV} at (0,0) size 784x0
          LayoutTable at (0,0) size 105x18
            LayoutTableSection (anonymous) at (0,0) size 105x18
              LayoutTableRow {DIV} at (0,0) size 105x18
                LayoutTableCell (anonymous) at (0,0) size 105x18 [r=0 c=0 rs=1 cs=1]
                  RenderText {#text} at (0,0) size 105x17
                    text run at (0,0) width 105: "...continues here"
        RenderBlock (anonymous) at (0,36) size 784x0
          RenderInline {SPAN} at (0,0) size 0x0
      RenderBlock {DIV} at (0,350) size 784x18
        RenderInline {SPAN} at (0,0) size 235x17
          RenderText {#text} at (0,0) size 42x17
            text run at (0,0) width 42: "Text..."
          RenderText {#text} at (41,0) size 89x17
            text run at (41,0) width 89: "goes here and"
          LayoutTable at (129.28,0) size 105x18
            LayoutTableSection {DIV} at (0,0) size 105x18
              LayoutTableRow (anonymous) at (0,0) size 105x18
                LayoutTableCell (anonymous) at (0,0) size 105x18 [r=0 c=0 rs=1 cs=1]
                  RenderText {#text} at (0,0) size 105x17
                    text run at (0,0) width 105: "...continues here"
      RenderBlock {DIV} at (0,368) size 784x22
        RenderInline {SPAN} at (0,0) size 147x17
          RenderText {#text} at (0,4) size 42x17
            text run at (0,4) width 42: "Text..."
          LayoutTable at (41.31,0) size 105x18
            LayoutTableSection (anonymous) at (0,0) size 105x0
              LayoutTableRow (anonymous) at (0,0) size 105x0
                LayoutTableCell {TD} at (0,0) size 105x0 [r=0 c=0 rs=1 cs=1]
            LayoutTableSection {DIV} at (0,0) size 105x18
              LayoutTableRow (anonymous) at (0,0) size 105x18
                LayoutTableCell (anonymous) at (0,0) size 105x18 [r=0 c=0 rs=1 cs=1]
                  RenderText {#text} at (0,0) size 105x17
                    text run at (0,0) width 105: "...continues here"
      RenderBlock {DIV} at (0,390) size 784x22
        RenderInline {SPAN} at (0,0) size 147x17
          RenderText {#text} at (0,4) size 42x17
            text run at (0,4) width 42: "Text..."
          LayoutTable at (41.31,0) size 105x18
            LayoutTableSection (anonymous) at (0,0) size 105x0
              LayoutTableRow {TR} at (0,0) size 105x0
            LayoutTableSection {DIV} at (0,0) size 105x18
              LayoutTableRow (anonymous) at (0,0) size 105x18
                LayoutTableCell (anonymous) at (0,0) size 105x18 [r=0 c=0 rs=1 cs=1]
                  RenderText {#text} at (0,0) size 105x17
                    text run at (0,0) width 105: "...continues here"
      RenderBlock {DIV} at (0,412) size 784x18
        RenderInline {SPAN} at (0,0) size 147x17
          RenderText {#text} at (0,0) size 42x17
            text run at (0,0) width 42: "Text..."
          RenderInline {SPAN} at (0,0) size 1x17
          LayoutTable at (41.31,0) size 105x18
            LayoutTableSection {DIV} at (0,0) size 105x18
              LayoutTableRow (anonymous) at (0,0) size 105x18
                LayoutTableCell (anonymous) at (0,0) size 105x18 [r=0 c=0 rs=1 cs=1]
                  RenderText {#text} at (0,0) size 105x17
                    text run at (0,0) width 105: "...continues here"
      RenderBlock {DIV} at (0,430) size 784x36
        RenderBlock (anonymous) at (0,0) size 784x18
          RenderInline {SPAN} at (0,0) size 42x17
            RenderText {#text} at (0,0) size 42x17
              text run at (0,0) width 42: "Text..."
        RenderBlock (anonymous) at (0,18) size 784x18
          RenderBlock {DIV} at (0,0) size 784x0
          LayoutTable at (0,0) size 105x18
            LayoutTableSection {DIV} at (0,0) size 105x18
              LayoutTableRow (anonymous) at (0,0) size 105x18
                LayoutTableCell (anonymous) at (0,0) size 105x18 [r=0 c=0 rs=1 cs=1]
                  RenderText {#text} at (0,0) size 105x17
                    text run at (0,0) width 105: "...continues here"
        RenderBlock (anonymous) at (0,36) size 784x0
          RenderInline {SPAN} at (0,0) size 0x0
