layer at (0,0) size 800x600
  LayoutView at (0,0) size 800x600
layer at (0,0) size 800x600
  LayoutBlockFlow {HTML} at (0,0) size 800x600
    LayoutBlockFlow {BODY} at (8,8) size 784x584
layer at (8,8) size 784x179
  LayoutBlockFlow {DIV} at (0,0) size 784x179 [border: (2px solid #800000)]
    LayoutBlockFlow {DIV} at (2,2) size 382x110
    LayoutBlockFlow {DIV} at (2,177) size 379x160 [bgcolor=#00FF00] [border: (2px solid #000000)]
      LayoutBlockFlow {DIV} at (12,2) size 355x156 [bgcolor=#008000] [border: (2px solid #0000FF)]
        LayoutInline {SPAN} at (0,0) size 190x149
          LayoutText {#text} at (2,3) size 190x149
            text run at (2,3) width 164: "In 2nd"
            text run at (2,79) width 190: "column"
        LayoutText {#text} at (0,0) size 0x0
