layer at (0,0) size 800x600
  LayoutView at (0,0) size 800x600
layer at (0,0) size 800x274
  LayoutBlockFlow {HTML} at (0,0) size 800x273.53
    LayoutBlockFlow {BODY} at (88,25.27) size 648x223 [bgcolor=#FFFFF5]
      LayoutTable {TABLE} at (0,0) size 376x84
        LayoutTableSection {TBODY} at (0,0) size 376x84
          LayoutTableRow {TR} at (0,2) size 376x22
            LayoutTableCell {TH} at (2,2) size 203x22 [color=#CC0000] [r=0 c=0 rs=1 cs=1]
              LayoutText {#text} at (0,3) size 32x16
                text run at (0,3) width 32: "17.6 "
              LayoutInline {A} at (0,0) size 172x20 [color=#3333FF]
                LayoutText {#text} at (31,0) size 172x20
                  text run at (31,0) width 172: "Table Border Test 2"
            LayoutTableCell {TD} at (207,2) size 21x21 [color=#FFFF00] [bgcolor=#CC0000] [r=0 c=1 rs=1 cs=1]
              LayoutText {#text} at (0,0) size 12x20
                text run at (0,0) width 12: "B"
            LayoutTableCell {TD} at (230,2) size 13x21 [color=#FFFFFF] [bgcolor=#000099] [r=0 c=2 rs=1 cs=1]
              LayoutText {#text} at (0,0) size 13x20
                text run at (0,0) width 13: "N"
            LayoutTableCell {TD} at (245,2) size 21x21 [color=#FFFFFF] [bgcolor=#000099] [r=0 c=3 rs=1 cs=1]
              LayoutText {#text} at (0,0) size 13x20
                text run at (0,0) width 13: "N"
            LayoutTableCell {TD} at (268,2) size 21x21 [color=#FFFFFF] [bgcolor=#000099] [r=0 c=4 rs=1 cs=1]
              LayoutText {#text} at (0,0) size 13x20
                text run at (0,0) width 13: "N"
            LayoutTableCell {TD} at (291,2) size 21x21 [color=#FFFFFF] [bgcolor=#000099] [r=0 c=5 rs=1 cs=1]
              LayoutText {#text} at (0,0) size 13x20
                text run at (0,0) width 13: "N"
            LayoutTableCell {TD} at (314,2) size 13x21 [bgcolor=#CCCCCC] [r=0 c=6 rs=1 cs=1]
              LayoutText {#text} at (0,0) size 13x20
                text run at (0,0) width 13: "U"
            LayoutTableCell {TD} at (329,2) size 45x21 [r=0 c=7 rs=1 cs=1]
              LayoutText {#text} at (0,0) size 45x20
                text run at (0,0) width 45: "CSS2"
          LayoutTableRow {TR} at (0,26) size 376x33
            LayoutTableCell {TH} at (2,26) size 203x33 [color=#CC0000] [border: (12px solid #FFFFF5) none] [r=1 c=0 rs=1 cs=1]
              LayoutText {#text} at (120,14) size 83x16
                text run at (120,14) width 83: "Tests Y (+1)"
            LayoutTableCell {TD} at (207,26) size 21x33 [color=#FFFFFF] [bgcolor=#009900] [border: (12px solid #FFFFF5) none] [r=1 c=1 rs=1 cs=1]
              LayoutText {#text} at (0,12) size 21x20
                text run at (0,12) width 21: "31"
            LayoutTableCell {TD} at (230,26) size 13x33 [color=#FFFFFF] [bgcolor=#009900] [border: (12px solid #FFFFF5) none] [r=1 c=2 rs=1 cs=1]
              LayoutText {#text} at (0,12) size 6x20
                text run at (0,12) width 6: " "
            LayoutTableCell {TD} at (245,26) size 21x33 [color=#FFFFFF] [bgcolor=#009900] [border: (12px solid #FFFFF5) none] [r=1 c=3 rs=1 cs=1]
              LayoutText {#text} at (0,12) size 21x20
                text run at (0,12) width 21: "16"
            LayoutTableCell {TD} at (268,26) size 21x33 [color=#FFFFFF] [bgcolor=#009900] [border: (12px solid #FFFFF5) none] [r=1 c=4 rs=1 cs=1]
              LayoutText {#text} at (0,12) size 21x20
                text run at (0,12) width 21: "16"
            LayoutTableCell {TD} at (291,26) size 21x33 [color=#FFFFFF] [bgcolor=#009900] [border: (12px solid #FFFFF5) none] [r=1 c=5 rs=1 cs=1]
              LayoutText {#text} at (0,12) size 11x20
                text run at (0,12) width 11: "2"
            LayoutTableCell {TD} at (314,26) size 13x33 [color=#FFFFFF] [bgcolor=#009900] [border: (12px solid #FFFFF5) none] [r=1 c=6 rs=1 cs=1]
              LayoutText {#text} at (0,12) size 13x20
                text run at (0,12) width 13: "U"
            LayoutTableCell {TD} at (329,36) size 45x12 [border: (12px solid #FFFFF5) none] [r=1 c=7 rs=1 cs=1]
          LayoutTableRow {TR} at (0,61) size 376x21
            LayoutTableCell {TH} at (2,61) size 203x21 [color=#CC0000] [r=2 c=0 rs=1 cs=1]
              LayoutText {#text} at (125,2) size 78x16
                text run at (125,2) width 78: "Tests N (0)"
            LayoutTableCell {TD} at (207,61) size 21x21 [color=#FFFFFF] [bgcolor=#000099] [r=2 c=1 rs=1 cs=1]
              LayoutText {#text} at (0,0) size 11x20
                text run at (0,0) width 11: "4"
            LayoutTableCell {TD} at (230,61) size 13x21 [color=#FFFFFF] [bgcolor=#000099] [r=2 c=2 rs=1 cs=1]
              LayoutText {#text} at (0,0) size 6x20
                text run at (0,0) width 6: " "
            LayoutTableCell {TD} at (245,61) size 21x21 [color=#FFFFFF] [bgcolor=#000099] [r=2 c=3 rs=1 cs=1]
              LayoutText {#text} at (0,0) size 21x20
                text run at (0,0) width 21: "21"
            LayoutTableCell {TD} at (268,61) size 21x21 [color=#FFFFFF] [bgcolor=#000099] [r=2 c=4 rs=1 cs=1]
              LayoutText {#text} at (0,0) size 21x20
                text run at (0,0) width 21: "14"
            LayoutTableCell {TD} at (291,61) size 21x21 [color=#FFFFFF] [bgcolor=#000099] [r=2 c=5 rs=1 cs=1]
              LayoutText {#text} at (0,0) size 21x20
                text run at (0,0) width 21: "18"
            LayoutTableCell {TD} at (314,61) size 13x21 [color=#FFFFFF] [bgcolor=#000099] [r=2 c=6 rs=1 cs=1]
              LayoutText {#text} at (0,0) size 13x20
                text run at (0,0) width 13: "U"
            LayoutTableCell {TD} at (329,71) size 45x0 [r=2 c=7 rs=1 cs=1]
      LayoutBlockFlow {HR} at (0,96) size 648x1
      LayoutBlockFlow {P} at (0,109) size 648x38
        LayoutInline {A} at (0,0) size 88x18 [color=#3333FF] [bgcolor=#FFFFF5]
          LayoutImage {IMG} at (0,0) size 88x31
      LayoutBlockFlow {P} at (0,159) size 648x26
        LayoutText {#text} at (0,2) size 78x21
          text run at (0,2) width 78: "(Back to "
        LayoutInline {A} at (0,0) size 215x18 [color=#3333FF] [bgcolor=#FFFFF5]
          LayoutText {#text} at (77,4) size 215x18
            text run at (77,4) width 215: "CSS Testing Information"
        LayoutText {#text} at (291,2) size 13x21
          text run at (291,2) width 13: ", "
        LayoutInline {A} at (0,0) size 108x18 [color=#3333FF] [bgcolor=#FFFFF5]
          LayoutText {#text} at (303,4) size 108x18
            text run at (303,4) width 108: "David Baron"
        LayoutText {#text} at (410,2) size 9x21
          text run at (410,2) width 9: ")"
      LayoutBlockFlow {P} at (0,197) size 648x26
        LayoutInline {A} at (0,0) size 35x18 [color=#3333FF] [bgcolor=#FFFFF5]
          LayoutText {#text} at (0,4) size 35x18
            text run at (0,4) width 35: "LDB"
        LayoutText {#text} at (35,2) size 13x21
          text run at (35,2) width 13: ", "
        LayoutInline {A} at (0,0) size 221x18 [color=#3333FF] [bgcolor=#FFFFF5]
          LayoutText {#text} at (47,4) size 221x18
            text run at (47,4) width 221: "dbaron@fas.harvard.edu"
