layer at (0,0) size 800x600
  LayoutView at (0,0) size 800x600
layer at (0,0) size 800x332
  LayoutBlockFlow {HTML} at (0,0) size 800x332
    LayoutBlockFlow {BODY} at (8,8) size 784x316
      LayoutBlockFlow (anonymous) at (0,0) size 784x244
        LayoutText {#text} at (0,0) size 0x0
      LayoutBlockFlow {DIV} at (0,244) size 784x72
        LayoutInline {SPAN} at (0,0) size 272x18
          LayoutText {#text} at (0,0) size 272x18
            text run at (0,0) width 272: "Rendering horizontal line-positioned cues."
          LayoutBR {BR} at (271,0) size 1x18
        LayoutInline {SPAN} at (0,0) size 163x18
          LayoutText {#text} at (0,18) size 163x18
            text run at (0,18) width 163: "EVENT(canplaythrough)"
          LayoutBR {BR} at (162,18) size 1x18
        LayoutInline {SPAN} at (0,0) size 107x18
          LayoutText {#text} at (0,36) size 107x18
            text run at (0,36) width 107: "EVENT(seeked)"
          LayoutBR {BR} at (106,36) size 1x18
        LayoutInline {SPAN} at (0,0) size 100x18
          LayoutText {#text} at (0,54) size 100x18
            text run at (0,54) width 100: "END OF TEST"
          LayoutBR {BR} at (99,54) size 1x18
layer at (8,8) size 320x240
  LayoutVideo {VIDEO} at (0,0) size 320x240
layer at (8,8) size 320x240
  LayoutFlexibleBox {DIV} at (0,0) size 320x240
    LayoutBlockFlow {DIV} at (0,205) size 320x35
layer at (8,8) size 320x205
  LayoutFlexibleBox {DIV} at (0,0) size 320x205
layer at (8,8) size 320x205
  LayoutBlockFlow (relative positioned) {DIV} at (0,0) size 320x205 [color=#FFFFFF]
layer at (8,8) size 320x14 scrollHeight 16
  LayoutBlockFlow (positioned) {DIV} at (0,0) size 320x14
    LayoutInline {DIV} at (0,0) size 276x18 [bgcolor=#000000CC]
      LayoutText {#text} at (24,0) size 272x14
        text run at (24,0) width 272: "Cue 1: should be positioned at the top of the video."
layer at (8,26) size 320x14 scrollHeight 16
  LayoutBlockFlow (positioned) {DIV} at (0,18) size 320x14
    LayoutInline {DIV} at (0,0) size 302x18 [bgcolor=#000000CC]
      LayoutText {#text} at (11,0) size 298x14
        text run at (11,0) width 298: "Cue 2: should be the second cue and not overlap cue 1."
layer at (8,44) size 320x14 scrollHeight 16
  LayoutBlockFlow (positioned) {DIV} at (0,36) size 320x14
    LayoutInline {DIV} at (0,0) size 298x18 [bgcolor=#000000CC]
      LayoutText {#text} at (13,0) size 294x14
        text run at (13,0) width 294: "Cue 3: should become the third line from top to bottom."
layer at (8,98) size 320x14 scrollHeight 16
  LayoutBlockFlow (positioned) {DIV} at (0,90) size 320x14
    LayoutInline {DIV} at (0,0) size 286x18 [bgcolor=#000000CC]
      LayoutText {#text} at (19,0) size 282x14
        text run at (19,0) width 282: "Cue 4: should be fixed positioned around the middle."
layer at (8,195) size 320x14 scrollHeight 16
  LayoutBlockFlow (positioned) {DIV} at (0,187) size 320x14
    LayoutInline {DIV} at (0,0) size 292x18 [bgcolor=#000000CC]
      LayoutText {#text} at (16,0) size 288x14
        text run at (16,0) width 288: "Cue 5: should be displayed at the bottom of the video."
layer at (8,177) size 320x14 scrollHeight 16
  LayoutBlockFlow (positioned) {DIV} at (0,169) size 320x14
    LayoutInline {DIV} at (0,0) size 280x18 [bgcolor=#000000CC]
      LayoutText {#text} at (22,0) size 276x14
        text run at (22,0) width 276: "Cue 6: should be on top of bottom positioned cue 5."
layer at (13,213) size 310x30
  LayoutFlexibleBox {DIV} at (5,0) size 310x30 [bgcolor=#141414CC]
    LayoutButton {INPUT} at (9,0) size 30x30
    LayoutSlider {INPUT} at (48,11) size 72.97x8
      LayoutFlexibleBox {DIV} at (0,0) size 72.97x8 [border: (1px solid #E6E6E659)]
        LayoutBlockFlow {DIV} at (1,-8) size 84.97x24
          LayoutBlockFlow {DIV} at (-4.81,0) size 32x24
    LayoutFlexibleBox {DIV} at (135.97,0) size 26.03x30 [color=#FFFFFF]
      LayoutBlockFlow (anonymous) at (0,0) size 26.03x30
        LayoutText {#text} at (0,7) size 27x15
          text run at (0,7) width 27: "0:00"
    LayoutButton {INPUT} at (171,0) size 35x30
    LayoutSlider {INPUT} at (212,11) size 15x8
      LayoutFlexibleBox {DIV} at (0,0) size 15x8 [border: (1px solid #E6E6E659)]
        LayoutBlockFlow {DIV} at (1,-8) size 27x24
          LayoutBlockFlow {DIV} at (-4,0) size 24x24
    LayoutButton {INPUT} at (237,0) size 30x30
    LayoutButton {INPUT} at (271,0) size 30x30
