layer at (0,0) size 800x600
  RenderView at (0,0) size 800x600
layer at (0,0) size 800x600
  RenderBlock {HTML} at (0,0) size 800x600
    RenderBody {BODY} at (8,8) size 784x576
      RenderBlock {UL} at (0,0) size 784x60
        LayoutListItem {LI} at (40,0) size 744x20
          LayoutListMarker at (-14,8) size 7x7
          RenderText {#text} at (0,0) size 57x19
            text run at (0,0) width 57: "Item One"
        LayoutListItem {LI} at (40,20) size 744x20
          LayoutListMarker at (-14,8) size 7x7
          RenderText {#text} at (0,0) size 59x19
            text run at (0,0) width 59: "Item Two"
        LayoutListItem {LI} at (40,40) size 744x20
          LayoutListMarker at (-14,8) size 7x7
          RenderText {#text} at (0,0) size 66x19
            text run at (0,0) width 66: "Item Three"
