CONSOLE ERROR: line 4: Uncaught TypeError: Cannot read property 'focus' of null
layer at (0,0) size 800x600
  LayoutView at (0,0) size 800x600
layer at (0,0) size 800x224
  LayoutBlockFlow {HTML} at (0,0) size 800x224
    LayoutBlockFlow {BODY} at (8,16) size 784x200
      LayoutBlockFlow {P} at (0,0) size 784x20
        LayoutText {#text} at (0,0) size 765x35
          text run at (0,0) width 471: "This test is verifying that when the focus is removed from an element we "
          text run at (470,0) width 295: "correctly invalidate continuations and remove"
          text run at (0,18) width 92: "the focus ring."
      LayoutBlockFlow {P} at (0,36) size 784x20
        LayoutText {#text} at (0,0) size 305x17
          text run at (0,0) width 305: "If this test passes, you should see no focus ring."
layer at (8,88) size 84x20
  LayoutBlockFlow (positioned) {DIV} at (8,88) size 83.56x20
    LayoutBlockFlow (anonymous) at (0,0) size 83.56x0
      LayoutInline {SPAN} at (0,0) size 0x0
        LayoutText {#text} at (0,0) size 0x0
    LayoutBlockFlow (anonymous) at (0,0) size 83.56x20
      LayoutBlockFlow {DIV} at (0,0) size 83.56x20
        LayoutText {#text} at (0,0) size 84x17
          text run at (0,0) width 84: "CONTENTS"
    LayoutBlockFlow (anonymous) at (0,20) size 83.56x0
      LayoutInline {SPAN} at (0,0) size 0x0
      LayoutText {#text} at (0,0) size 0x0
