layer at (0,0) size 0x0
  LayoutView at (0,0) size 0x0
layer at (0,0) size 785x789
  LayoutBlockFlow {HTML} at (0,0) size 785x789
    LayoutBlockFlow {BODY} at (0,0) size 785x789
      LayoutBlockFlow {DIV} at (0,0) size 800x749 [border: (1px solid #008000)]
        LayoutText {#text} at (1,1) size 221x19
          text run at (1,1) width 221: "This test case should output 2 pages."
      LayoutBlockFlow (anonymous) at (0,749) size 785x40
        LayoutText {#text} at (0,0) size 747x39
          text run at (0,0) width 747: "There should be a blue line above this test. This line is the boundary of 2 pages. As the height of green box is shorter than the"
          text run at (0,20) width 589: "height of a page by one pixel, there should be a white line between the green box and the blue line."
