layer at (0,0) size 800x600
  RenderView at (0,0) size 800x600
layer at (0,0) size 800x600
  RenderBlock {HTML} at (0,0) size 800x600
    RenderBody {BODY} at (8,8) size 784x584
      LayoutTable {TABLE} at (0,0) size 160x142 [border: (2px outset #808080)]
        LayoutTableCol {COLGROUP} at (0,0) size 0x0
          LayoutTableCol {COL} at (0,0) size 0x0
          LayoutTableCol {COL} at (0,0) size 0x0
        LayoutTableSection {TBODY} at (2,2) size 156x138
          LayoutTableRow {TR} at (0,2) size 156x36
            LayoutTableCell {TH} at (2,2) size 50x36 [border: (1px inset #808080)] [r=0 c=0 rs=1 cs=1]
              RenderText {#text} at (15,2) size 38x32
                text run at (15,2) width 20: "La"
                text run at (6,18) width 38: "Mesa"
            LayoutTableCell {TD} at (54,10) size 100x20 [border: (1px inset #808080)] [r=0 c=1 rs=1 cs=1]
              RenderText {#text} at (2,2) size 12x16
                text run at (2,2) width 12: "X"
          LayoutTableRow {TR} at (0,40) size 156x36
            LayoutTableCell {TH} at (2,40) size 50x36 [border: (1px inset #808080)] [r=1 c=0 rs=1 cs=1]
              RenderText {#text} at (17,2) size 42x32
                text run at (17,2) width 16: "El"
                text run at (4,18) width 42: "Cajon"
            LayoutTableCell {TD} at (54,48) size 100x20 [border: (1px inset #808080)] [r=1 c=1 rs=1 cs=1]
              RenderText {#text} at (2,2) size 12x16
                text run at (2,2) width 12: "X"
          LayoutTableRow {TR} at (0,78) size 156x36
            LayoutTableCell {TH} at (2,78) size 50x36 [border: (1px inset #808080)] [r=2 c=0 rs=1 cs=1]
              RenderText {#text} at (4,2) size 42x32
                text run at (4,2) width 42: "Chula"
                text run at (7,18) width 36: "Vista"
            LayoutTableCell {TD} at (54,86) size 100x20 [border: (1px inset #808080)] [r=2 c=1 rs=1 cs=1]
              RenderText {#text} at (2,2) size 12x16
                text run at (2,2) width 12: "X"
          LayoutTableRow {TR} at (0,116) size 156x20
            LayoutTableCell {TH} at (2,116) size 50x20 [border: (1px inset #808080)] [r=3 c=0 rs=1 cs=1]
              RenderText {#text} at (2,2) size 46x16
                text run at (2,2) width 46: "Bonita"
            LayoutTableCell {TD} at (54,116) size 100x20 [border: (1px inset #808080)] [r=3 c=1 rs=1 cs=1]
              RenderText {#text} at (2,2) size 28x16
                text run at (2,2) width 28: "N/A"
