layer at (0,0) size 800x600
  RenderView at (0,0) size 800x600
layer at (0,0) size 800x600
  RenderBlock {HTML} at (0,0) size 800x600
    RenderBody {BODY} at (8,8) size 784x584
      RenderBlock (anonymous) at (0,0) size 784x16
        RenderText {#text} at (0,0) size 273x16
          text run at (0,0) width 273: "This table should have cell padding of 5px"
      LayoutTable {TABLE} at (0,16) size 110x64 [border: (1px outset #808080)]
        LayoutTableSection {TBODY} at (1,1) size 108x62
          LayoutTableRow {TR} at (0,2) size 108x28
            LayoutTableCell {TD} at (2,2) size 47x28 [border: (1px inset #808080)] [r=0 c=0 rs=1 cs=1]
              RenderText {#text} at (6,6) size 35x16
                text run at (6,6) width 35: "AAA"
            LayoutTableCell {TD} at (51,2) size 55x28 [border: (1px inset #808080)] [r=0 c=1 rs=1 cs=1]
              RenderText {#text} at (6,6) size 43x16
                text run at (6,6) width 43: "BBBB"
          LayoutTableRow {TR} at (0,32) size 108x28
            LayoutTableCell {TD} at (2,32) size 47x28 [border: (1px inset #808080)] [r=1 c=0 rs=1 cs=1]
              RenderText {#text} at (6,6) size 35x16
                text run at (6,6) width 35: "AAA"
            LayoutTableCell {TD} at (51,32) size 55x28 [border: (1px inset #808080)] [r=1 c=1 rs=1 cs=1]
              RenderText {#text} at (6,6) size 43x16
                text run at (6,6) width 43: "BBBB"
      RenderBlock (anonymous) at (0,80) size 784x32
        RenderBR {BR} at (0,0) size 0x16
        RenderText {#text} at (0,16) size 273x16
          text run at (0,16) width 273: "This table should have cell padding of 5px"
      LayoutTable {TABLE} at (0,112) size 110x64 [border: (1px outset #808080)]
        LayoutTableSection {TBODY} at (1,1) size 108x62
          LayoutTableRow {TR} at (0,2) size 108x28
            LayoutTableCell {TD} at (2,2) size 47x28 [border: (1px inset #808080)] [r=0 c=0 rs=1 cs=1]
              RenderText {#text} at (6,6) size 35x16
                text run at (6,6) width 35: "AAA"
            LayoutTableCell {TD} at (51,2) size 55x28 [border: (1px inset #808080)] [r=0 c=1 rs=1 cs=1]
              RenderText {#text} at (6,6) size 43x16
                text run at (6,6) width 43: "BBBB"
          LayoutTableRow {TR} at (0,32) size 108x28
            LayoutTableCell {TD} at (2,32) size 47x28 [border: (1px inset #808080)] [r=1 c=0 rs=1 cs=1]
              RenderText {#text} at (6,6) size 35x16
                text run at (6,6) width 35: "AAA"
            LayoutTableCell {TD} at (51,32) size 55x28 [border: (1px inset #808080)] [r=1 c=1 rs=1 cs=1]
              RenderText {#text} at (6,6) size 43x16
                text run at (6,6) width 43: "BBBB"
      RenderBlock (anonymous) at (0,176) size 784x32
        RenderBR {BR} at (0,0) size 0x16
        RenderText {#text} at (0,16) size 273x16
          text run at (0,16) width 273: "This table should have cell padding of 5px"
      LayoutTable {TABLE} at (0,208) size 110x64 [border: (1px outset #808080)]
        LayoutTableSection {TBODY} at (1,1) size 108x62
          LayoutTableRow {TR} at (0,2) size 108x28
            LayoutTableCell {TD} at (2,2) size 47x28 [border: (1px inset #808080)] [r=0 c=0 rs=1 cs=1]
              RenderText {#text} at (6,6) size 35x16
                text run at (6,6) width 35: "AAA"
            LayoutTableCell {TD} at (51,2) size 55x28 [border: (1px inset #808080)] [r=0 c=1 rs=1 cs=1]
              RenderText {#text} at (6,6) size 43x16
                text run at (6,6) width 43: "BBBB"
          LayoutTableRow {TR} at (0,32) size 108x28
            LayoutTableCell {TD} at (2,32) size 47x28 [border: (1px inset #808080)] [r=1 c=0 rs=1 cs=1]
              RenderText {#text} at (6,6) size 35x16
                text run at (6,6) width 35: "AAA"
            LayoutTableCell {TD} at (51,32) size 55x28 [border: (1px inset #808080)] [r=1 c=1 rs=1 cs=1]
              RenderText {#text} at (6,6) size 43x16
                text run at (6,6) width 43: "BBBB"
      RenderBlock (anonymous) at (0,272) size 784x32
        RenderBR {BR} at (0,0) size 0x16
        RenderText {#text} at (0,16) size 542x16
          text run at (0,16) width 542: "This table should have cell padding of 5px except the 1st cell's left padding will be 0"
      LayoutTable {TABLE} at (0,304) size 110x64 [border: (1px outset #808080)]
        LayoutTableSection {TBODY} at (1,1) size 108x62
          LayoutTableRow {TR} at (0,2) size 108x28
            LayoutTableCell {TD} at (2,2) size 47x28 [border: (1px inset #808080)] [r=0 c=0 rs=1 cs=1]
              RenderText {#text} at (1,6) size 35x16
                text run at (1,6) width 35: "AAA"
            LayoutTableCell {TD} at (51,2) size 55x28 [border: (1px inset #808080)] [r=0 c=1 rs=1 cs=1]
              RenderText {#text} at (6,6) size 43x16
                text run at (6,6) width 43: "BBBB"
          LayoutTableRow {TR} at (0,32) size 108x28
            LayoutTableCell {TD} at (2,32) size 47x28 [border: (1px inset #808080)] [r=1 c=0 rs=1 cs=1]
              RenderText {#text} at (6,6) size 35x16
                text run at (6,6) width 35: "AAA"
            LayoutTableCell {TD} at (51,32) size 55x28 [border: (1px inset #808080)] [r=1 c=1 rs=1 cs=1]
              RenderText {#text} at (6,6) size 43x16
                text run at (6,6) width 43: "BBBB"
      RenderBlock (anonymous) at (0,368) size 784x32
        RenderBR {BR} at (0,0) size 0x16
        RenderText {#text} at (0,16) size 553x16
          text run at (0,16) width 553: "This table should have cell padding of 5px except the last cell's left padding will be 30"
      LayoutTable {TABLE} at (0,400) size 135x64 [border: (1px outset #808080)]
        LayoutTableSection {TBODY} at (1,1) size 133x62
          LayoutTableRow {TR} at (0,2) size 133x28
            LayoutTableCell {TD} at (2,2) size 47x28 [border: (1px inset #808080)] [r=0 c=0 rs=1 cs=1]
              RenderText {#text} at (6,6) size 35x16
                text run at (6,6) width 35: "AAA"
            LayoutTableCell {TD} at (51,2) size 80x28 [border: (1px inset #808080)] [r=0 c=1 rs=1 cs=1]
              RenderText {#text} at (6,6) size 43x16
                text run at (6,6) width 43: "BBBB"
          LayoutTableRow {TR} at (0,32) size 133x28
            LayoutTableCell {TD} at (2,32) size 47x28 [border: (1px inset #808080)] [r=1 c=0 rs=1 cs=1]
              RenderText {#text} at (6,6) size 35x16
                text run at (6,6) width 35: "AAA"
            LayoutTableCell {TD} at (51,32) size 80x28 [border: (1px inset #808080)] [r=1 c=1 rs=1 cs=1]
              RenderText {#text} at (31,6) size 43x16
                text run at (31,6) width 43: "BBBB"
