layer at (0,0) size 800x600
  LayoutView at (0,0) size 800x600
layer at (0,0) size 800x193
  LayoutBlockFlow {HTML} at (0,0) size 800x193.44
    LayoutBlockFlow {BODY} at (8,18.72) size 784x166.72
      LayoutBlockFlow {H3} at (0,0) size 784x22
        LayoutText {#text} at (0,0) size 759x22
          text run at (0,0) width 759: "The glyph for JHA should look different for Nepali and Hindi, depending on the lang attribute."
      LayoutBlockFlow {P} at (0,40.72) size 784x21
        LayoutText {#text} at (0,0) size 87x21
          text run at (0,0) width 87: "Hindi:JHA \x{91D}"
      LayoutBlockFlow (anonymous) at (0,77.72) size 784x18
        LayoutBR {BR} at (0,0) size 0x18
      LayoutBlockFlow {P} at (0,111.72) size 784x21
        LayoutText {#text} at (0,0) size 99x21
          text run at (0,0) width 99: "Nepali:JHA \x{91D}"
      LayoutBlockFlow (anonymous) at (0,148.72) size 784x18
        LayoutBR {BR} at (0,0) size 0x18
