layer at (0,0) size 800x600
  LayoutView at (0,0) size 800x600
layer at (0,0) size 800x271
  LayoutBlockFlow {HTML} at (0,0) size 800x270.53
    LayoutBlockFlow {BODY} at (88,25.27) size 648x220 [bgcolor=#FFFFF5]
      LayoutTable {TABLE} at (0,0) size 369x84
        LayoutTableSection {TBODY} at (0,0) size 369x84
          LayoutTableRow {TR} at (0,2) size 369x22
            LayoutTableCell {TH} at (2,2) size 191x22 [color=#CC0000] [r=0 c=0 rs=1 cs=1]
              LayoutText {#text} at (0,4) size 30x15
                text run at (0,4) width 30: "17.6 "
              LayoutInline {A} at (0,0) size 162x19 [color=#3333FF]
                LayoutText {#text} at (29,1) size 162x19
                  text run at (29,1) width 162: "Table Border Test 2"
            LayoutTableCell {TD} at (195,2) size 22x21 [color=#FFFF00] [bgcolor=#CC0000] [r=0 c=1 rs=1 cs=1]
              LayoutText {#text} at (0,0) size 12x21
                text run at (0,0) width 12: "B"
            LayoutTableCell {TD} at (219,2) size 13x21 [color=#FFFFFF] [bgcolor=#000099] [r=0 c=2 rs=1 cs=1]
              LayoutText {#text} at (0,0) size 13x21
                text run at (0,0) width 13: "N"
            LayoutTableCell {TD} at (234,2) size 22x21 [color=#FFFFFF] [bgcolor=#000099] [r=0 c=3 rs=1 cs=1]
              LayoutText {#text} at (0,0) size 13x21
                text run at (0,0) width 13: "N"
            LayoutTableCell {TD} at (258,2) size 22x21 [color=#FFFFFF] [bgcolor=#000099] [r=0 c=4 rs=1 cs=1]
              LayoutText {#text} at (0,0) size 13x21
                text run at (0,0) width 13: "N"
            LayoutTableCell {TD} at (282,2) size 22x21 [color=#FFFFFF] [bgcolor=#000099] [r=0 c=5 rs=1 cs=1]
              LayoutText {#text} at (0,0) size 13x21
                text run at (0,0) width 13: "N"
            LayoutTableCell {TD} at (306,2) size 13x21 [bgcolor=#CCCCCC] [r=0 c=6 rs=1 cs=1]
              LayoutText {#text} at (0,0) size 13x21
                text run at (0,0) width 13: "U"
            LayoutTableCell {TD} at (321,2) size 46x21 [r=0 c=7 rs=1 cs=1]
              LayoutText {#text} at (0,0) size 46x21
                text run at (0,0) width 46: "CSS2"
          LayoutTableRow {TR} at (0,26) size 369x33
            LayoutTableCell {TH} at (2,26) size 191x33 [color=#CC0000] [border: (12px solid #FFFFF5) none] [r=1 c=0 rs=1 cs=1]
              LayoutText {#text} at (114,15) size 77x15
                text run at (114,15) width 77: "Tests Y (+1)"
            LayoutTableCell {TD} at (195,26) size 22x33 [color=#FFFFFF] [bgcolor=#009900] [border: (12px solid #FFFFF5) none] [r=1 c=1 rs=1 cs=1]
              LayoutText {#text} at (0,12) size 22x21
                text run at (0,12) width 22: "31"
            LayoutTableCell {TD} at (219,26) size 13x33 [color=#FFFFFF] [bgcolor=#009900] [border: (12px solid #FFFFF5) none] [r=1 c=2 rs=1 cs=1]
              LayoutText {#text} at (0,12) size 6x21
                text run at (0,12) width 6: " "
            LayoutTableCell {TD} at (234,26) size 22x33 [color=#FFFFFF] [bgcolor=#009900] [border: (12px solid #FFFFF5) none] [r=1 c=3 rs=1 cs=1]
              LayoutText {#text} at (0,12) size 22x21
                text run at (0,12) width 22: "16"
            LayoutTableCell {TD} at (258,26) size 22x33 [color=#FFFFFF] [bgcolor=#009900] [border: (12px solid #FFFFF5) none] [r=1 c=4 rs=1 cs=1]
              LayoutText {#text} at (0,12) size 22x21
                text run at (0,12) width 22: "16"
            LayoutTableCell {TD} at (282,26) size 22x33 [color=#FFFFFF] [bgcolor=#009900] [border: (12px solid #FFFFF5) none] [r=1 c=5 rs=1 cs=1]
              LayoutText {#text} at (0,12) size 11x21
                text run at (0,12) width 11: "2"
            LayoutTableCell {TD} at (306,26) size 13x33 [color=#FFFFFF] [bgcolor=#009900] [border: (12px solid #FFFFF5) none] [r=1 c=6 rs=1 cs=1]
              LayoutText {#text} at (0,12) size 13x21
                text run at (0,12) width 13: "U"
            LayoutTableCell {TD} at (321,36) size 46x12 [border: (12px solid #FFFFF5) none] [r=1 c=7 rs=1 cs=1]
          LayoutTableRow {TR} at (0,61) size 369x21
            LayoutTableCell {TH} at (2,61) size 191x21 [color=#CC0000] [r=2 c=0 rs=1 cs=1]
              LayoutText {#text} at (118,3) size 73x15
                text run at (118,3) width 73: "Tests N (0)"
            LayoutTableCell {TD} at (195,61) size 22x21 [color=#FFFFFF] [bgcolor=#000099] [r=2 c=1 rs=1 cs=1]
              LayoutText {#text} at (0,0) size 11x21
                text run at (0,0) width 11: "4"
            LayoutTableCell {TD} at (219,61) size 13x21 [color=#FFFFFF] [bgcolor=#000099] [r=2 c=2 rs=1 cs=1]
              LayoutText {#text} at (0,0) size 6x21
                text run at (0,0) width 6: " "
            LayoutTableCell {TD} at (234,61) size 22x21 [color=#FFFFFF] [bgcolor=#000099] [r=2 c=3 rs=1 cs=1]
              LayoutText {#text} at (0,0) size 22x21
                text run at (0,0) width 22: "21"
            LayoutTableCell {TD} at (258,61) size 22x21 [color=#FFFFFF] [bgcolor=#000099] [r=2 c=4 rs=1 cs=1]
              LayoutText {#text} at (0,0) size 22x21
                text run at (0,0) width 22: "14"
            LayoutTableCell {TD} at (282,61) size 22x21 [color=#FFFFFF] [bgcolor=#000099] [r=2 c=5 rs=1 cs=1]
              LayoutText {#text} at (0,0) size 22x21
                text run at (0,0) width 22: "18"
            LayoutTableCell {TD} at (306,61) size 13x21 [color=#FFFFFF] [bgcolor=#000099] [r=2 c=6 rs=1 cs=1]
              LayoutText {#text} at (0,0) size 13x21
                text run at (0,0) width 13: "U"
            LayoutTableCell {TD} at (321,71) size 46x0 [r=2 c=7 rs=1 cs=1]
      LayoutBlockFlow {HR} at (0,96) size 648x1
      LayoutBlockFlow {P} at (0,109) size 648x37
        LayoutInline {A} at (0,0) size 88x19 [color=#3333FF] [bgcolor=#FFFFF5]
          LayoutImage {IMG} at (0,0) size 88x31
      LayoutBlockFlow {P} at (0,158) size 648x25
        LayoutText {#text} at (0,2) size 78x21
          text run at (0,2) width 78: "(Back to "
        LayoutInline {A} at (0,0) size 220x19 [color=#3333FF] [bgcolor=#FFFFF5]
          LayoutText {#text} at (77,3) size 220x19
            text run at (77,3) width 220: "CSS Testing Information"
        LayoutText {#text} at (296,2) size 13x21
          text run at (296,2) width 13: ", "
        LayoutInline {A} at (0,0) size 110x19 [color=#3333FF] [bgcolor=#FFFFF5]
          LayoutText {#text} at (308,3) size 110x19
            text run at (308,3) width 110: "David Baron"
        LayoutText {#text} at (417,2) size 9x21
          text run at (417,2) width 9: ")"
      LayoutBlockFlow {P} at (0,195) size 648x25
        LayoutInline {A} at (0,0) size 36x19 [color=#3333FF] [bgcolor=#FFFFF5]
          LayoutText {#text} at (0,3) size 36x19
            text run at (0,3) width 36: "LDB"
        LayoutText {#text} at (35,2) size 13x21
          text run at (35,2) width 13: ", "
        LayoutInline {A} at (0,0) size 221x19 [color=#3333FF] [bgcolor=#FFFFF5]
          LayoutText {#text} at (47,3) size 221x19
            text run at (47,3) width 221: "dbaron@fas.harvard.edu"
