layer at (0,0) size 800x600 clip at (0,0) size 785x600 scrollHeight 2889
  LayoutView at (0,0) size 800x600
layer at (0,0) size 785x2889 backgroundClip at (0,0) size 785x600 clip at (0,0) size 785x600 outlineClip at (0,0) size 785x600
  LayoutBlockFlow {HTML} at (0,0) size 785x2888.88
    LayoutBlockFlow {BODY} at (8,16) size 769x2856.88
layer at (8,16) size 760x437
  LayoutBlockFlow {DIV} at (0,0) size 760x436.81 [border: (5px solid #800000)]
    LayoutMultiColumnSet (anonymous) at (5,5) size 750x20
    LayoutMultiColumnSpannerPlaceholder (anonymous) at (5,44.91) size 0x27
    LayoutMultiColumnSet (anonymous) at (5,91.81) size 750x340
layer at (13,21) size 367x680 backgroundClip at (0,0) size 785x600 clip at (0,0) size 785x600 outlineClip at (0,0) size 785x600
  LayoutMultiColumnFlowThread (anonymous) at (5,5) size 367x680
    LayoutBlockFlow {<pseudo:before>} at (0,0) size 367x20 [bgcolor=#FFFF00]
      LayoutTextFragment (anonymous) at (0,0) size 160x19
        text run at (0,0) width 160: "Before Generated Content"
    LayoutBlockFlow {H2} at (5,44.91) size 750x27 [bgcolor=#EEEEEE]
      LayoutText {#text} at (0,0) size 274x26
        text run at (0,0) width 274: "This is a spanning element."
    LayoutBlockFlow (anonymous) at (0,20) size 367x640
      LayoutText {#text} at (0,0) size 367x639
        text run at (0,0) width 337: "Lorem ipsum dolor sit amet, consectetuer adipiscing elit."
        text run at (0,20) width 367: "Nulla varius enim ac mi. Curabitur sollicitudin felis quis lectus."
        text run at (0,40) width 362: "Quisque adipiscing rhoncus sem. Proin nulla purus, vulputate"
        text run at (0,60) width 358: "vel, varius ut, euismod et, nisi. Sed vitae felis vel orci sagittis"
        text run at (0,80) width 365: "aliquam. Cras convallis adipiscing sem. Nam nonummy enim."
        text run at (0,100) width 329: "Nullam bibendum lobortis neque. Vestibulum velit orci,"
        text run at (0,120) width 309: "tempus euismod, pretium quis, interdum vitae, nulla."
        text run at (0,140) width 321: "Phasellus eget ante et tortor condimentum vestibulum."
        text run at (0,160) width 360: "Suspendisse hendrerit quam nec felis. Sed varius turpis vitae"
        text run at (0,180) width 350: "pede. Lorem ipsum dolor sit amet, consectetuer adipiscing"
        text run at (0,200) width 25: "elit. "
        text run at (25,200) width 337: "Lorem ipsum dolor sit amet, consectetuer adipiscing elit."
        text run at (0,220) width 367: "Nulla varius enim ac mi. Curabitur sollicitudin felis quis lectus."
        text run at (0,240) width 362: "Quisque adipiscing rhoncus sem. Proin nulla purus, vulputate"
        text run at (0,260) width 358: "vel, varius ut, euismod et, nisi. Sed vitae felis vel orci sagittis"
        text run at (0,280) width 365: "aliquam. Cras convallis adipiscing sem. Nam nonummy enim."
        text run at (0,300) width 329: "Nullam bibendum lobortis neque. Vestibulum velit orci,"
        text run at (0,320) width 309: "tempus euismod, pretium quis, interdum vitae, nulla."
        text run at (0,340) width 321: "Phasellus eget ante et tortor condimentum vestibulum."
        text run at (0,360) width 360: "Suspendisse hendrerit quam nec felis. Sed varius turpis vitae"
        text run at (0,380) width 350: "pede. Lorem ipsum dolor sit amet, consectetuer adipiscing"
        text run at (0,400) width 25: "elit. "
        text run at (25,400) width 337: "Lorem ipsum dolor sit amet, consectetuer adipiscing elit."
        text run at (0,420) width 367: "Nulla varius enim ac mi. Curabitur sollicitudin felis quis lectus."
        text run at (0,440) width 362: "Quisque adipiscing rhoncus sem. Proin nulla purus, vulputate"
        text run at (0,460) width 358: "vel, varius ut, euismod et, nisi. Sed vitae felis vel orci sagittis"
        text run at (0,480) width 365: "aliquam. Cras convallis adipiscing sem. Nam nonummy enim."
        text run at (0,500) width 329: "Nullam bibendum lobortis neque. Vestibulum velit orci,"
        text run at (0,520) width 309: "tempus euismod, pretium quis, interdum vitae, nulla."
        text run at (0,540) width 321: "Phasellus eget ante et tortor condimentum vestibulum."
        text run at (0,560) width 360: "Suspendisse hendrerit quam nec felis. Sed varius turpis vitae"
        text run at (0,580) width 350: "pede. Lorem ipsum dolor sit amet, consectetuer adipiscing"
        text run at (0,600) width 25: "elit. "
        text run at (25,600) width 337: "Lorem ipsum dolor sit amet, consectetuer adipiscing elit."
        text run at (0,620) width 143: "Nulla varius enim ac mi."
    LayoutBlockFlow {<pseudo:after>} at (0,660) size 367x20 [bgcolor=#FFFF00]
      LayoutTextFragment (anonymous) at (0,0) size 150x19
        text run at (0,0) width 150: "After Generated Content"
layer at (8,469) size 760x437 backgroundClip at (0,0) size 785x600 clip at (0,0) size 785x600 outlineClip at (0,0) size 785x600
  LayoutBlockFlow {DIV} at (0,452.81) size 760x436.81 [border: (5px solid #800000)]
    LayoutMultiColumnSet (anonymous) at (5,5) size 750x340
    LayoutMultiColumnSpannerPlaceholder (anonymous) at (5,364.91) size 0x27
    LayoutMultiColumnSet (anonymous) at (5,411.81) size 750x20
layer at (13,474) size 367x700 backgroundClip at (0,0) size 785x600 clip at (0,0) size 785x600 outlineClip at (0,0) size 785x600
  LayoutMultiColumnFlowThread (anonymous) at (5,5) size 367x700
    LayoutBlockFlow {<pseudo:before>} at (0,0) size 367x20 [bgcolor=#FFFF00]
      LayoutTextFragment (anonymous) at (0,0) size 160x19
        text run at (0,0) width 160: "Before Generated Content"
    LayoutBlockFlow (anonymous) at (0,20) size 367x640
      LayoutText {#text} at (0,0) size 367x639
        text run at (0,0) width 337: "Lorem ipsum dolor sit amet, consectetuer adipiscing elit."
        text run at (0,20) width 367: "Nulla varius enim ac mi. Curabitur sollicitudin felis quis lectus."
        text run at (0,40) width 362: "Quisque adipiscing rhoncus sem. Proin nulla purus, vulputate"
        text run at (0,60) width 358: "vel, varius ut, euismod et, nisi. Sed vitae felis vel orci sagittis"
        text run at (0,80) width 365: "aliquam. Cras convallis adipiscing sem. Nam nonummy enim."
        text run at (0,100) width 329: "Nullam bibendum lobortis neque. Vestibulum velit orci,"
        text run at (0,120) width 309: "tempus euismod, pretium quis, interdum vitae, nulla."
        text run at (0,140) width 321: "Phasellus eget ante et tortor condimentum vestibulum."
        text run at (0,160) width 360: "Suspendisse hendrerit quam nec felis. Sed varius turpis vitae"
        text run at (0,180) width 350: "pede. Lorem ipsum dolor sit amet, consectetuer adipiscing"
        text run at (0,200) width 25: "elit. "
        text run at (25,200) width 337: "Lorem ipsum dolor sit amet, consectetuer adipiscing elit."
        text run at (0,220) width 367: "Nulla varius enim ac mi. Curabitur sollicitudin felis quis lectus."
        text run at (0,240) width 362: "Quisque adipiscing rhoncus sem. Proin nulla purus, vulputate"
        text run at (0,260) width 358: "vel, varius ut, euismod et, nisi. Sed vitae felis vel orci sagittis"
        text run at (0,280) width 365: "aliquam. Cras convallis adipiscing sem. Nam nonummy enim."
        text run at (0,300) width 329: "Nullam bibendum lobortis neque. Vestibulum velit orci,"
        text run at (0,320) width 309: "tempus euismod, pretium quis, interdum vitae, nulla."
        text run at (0,340) width 321: "Phasellus eget ante et tortor condimentum vestibulum."
        text run at (0,360) width 360: "Suspendisse hendrerit quam nec felis. Sed varius turpis vitae"
        text run at (0,380) width 350: "pede. Lorem ipsum dolor sit amet, consectetuer adipiscing"
        text run at (0,400) width 25: "elit. "
        text run at (25,400) width 337: "Lorem ipsum dolor sit amet, consectetuer adipiscing elit."
        text run at (0,420) width 367: "Nulla varius enim ac mi. Curabitur sollicitudin felis quis lectus."
        text run at (0,440) width 362: "Quisque adipiscing rhoncus sem. Proin nulla purus, vulputate"
        text run at (0,460) width 358: "vel, varius ut, euismod et, nisi. Sed vitae felis vel orci sagittis"
        text run at (0,480) width 365: "aliquam. Cras convallis adipiscing sem. Nam nonummy enim."
        text run at (0,500) width 329: "Nullam bibendum lobortis neque. Vestibulum velit orci,"
        text run at (0,520) width 309: "tempus euismod, pretium quis, interdum vitae, nulla."
        text run at (0,540) width 321: "Phasellus eget ante et tortor condimentum vestibulum."
        text run at (0,560) width 360: "Suspendisse hendrerit quam nec felis. Sed varius turpis vitae"
        text run at (0,580) width 350: "pede. Lorem ipsum dolor sit amet, consectetuer adipiscing"
        text run at (0,600) width 25: "elit. "
        text run at (25,600) width 337: "Lorem ipsum dolor sit amet, consectetuer adipiscing elit."
        text run at (0,620) width 143: "Nulla varius enim ac mi."
    LayoutBlockFlow {H2} at (5,364.91) size 750x27 [bgcolor=#EEEEEE]
      LayoutText {#text} at (0,0) size 274x26
        text run at (0,0) width 274: "This is a spanning element."
    LayoutBlockFlow {<pseudo:after>} at (0,680) size 367x20 [bgcolor=#FFFF00]
      LayoutTextFragment (anonymous) at (0,0) size 150x19
        text run at (0,0) width 150: "After Generated Content"
layer at (8,922) size 760x468 backgroundClip at (0,0) size 785x600 clip at (0,0) size 785x600 outlineClip at (0,0) size 785x600
  LayoutBlockFlow {DIV} at (0,905.63) size 760x468.81 [border: (5px solid #800000)]
    LayoutMultiColumnSet (anonymous) at (5,5) size 750x156
    LayoutMultiColumnSpannerPlaceholder (anonymous) at (5,180.91) size 0x27
    LayoutMultiColumnSet (anonymous) at (5,227.81) size 750x236
layer at (13,927) size 367x784 backgroundClip at (0,0) size 785x600 clip at (0,0) size 785x600 outlineClip at (0,0) size 785x600
  LayoutMultiColumnFlowThread (anonymous) at (5,5) size 367x784
    LayoutBlockFlow {<pseudo:before>} at (0,0) size 367x20 [bgcolor=#FFFF00]
      LayoutTextFragment (anonymous) at (0,0) size 160x19
        text run at (0,0) width 160: "Before Generated Content"
    LayoutBlockFlow {P} at (0,36) size 367x240
      LayoutText {#text} at (0,0) size 367x239
        text run at (0,0) width 337: "Lorem ipsum dolor sit amet, consectetuer adipiscing elit."
        text run at (0,20) width 367: "Nulla varius enim ac mi. Curabitur sollicitudin felis quis lectus."
        text run at (0,40) width 362: "Quisque adipiscing rhoncus sem. Proin nulla purus, vulputate"
        text run at (0,60) width 358: "vel, varius ut, euismod et, nisi. Sed vitae felis vel orci sagittis"
        text run at (0,80) width 365: "aliquam. Cras convallis adipiscing sem. Nam nonummy enim."
        text run at (0,100) width 329: "Nullam bibendum lobortis neque. Vestibulum velit orci,"
        text run at (0,120) width 309: "tempus euismod, pretium quis, interdum vitae, nulla."
        text run at (0,140) width 321: "Phasellus eget ante et tortor condimentum vestibulum."
        text run at (0,160) width 360: "Suspendisse hendrerit quam nec felis. Sed varius turpis vitae"
        text run at (0,180) width 350: "pede. Lorem ipsum dolor sit amet, consectetuer adipiscing"
        text run at (0,200) width 25: "elit. "
        text run at (25,200) width 337: "Lorem ipsum dolor sit amet, consectetuer adipiscing elit."
        text run at (0,220) width 143: "Nulla varius enim ac mi."
    LayoutBlockFlow {H2} at (5,180.91) size 750x27 [bgcolor=#EEEEEE]
      LayoutText {#text} at (0,0) size 274x26
        text run at (0,0) width 274: "This is a spanning element."
    LayoutBlockFlow {P} at (0,328) size 367x420
      LayoutText {#text} at (0,0) size 367x419
        text run at (0,0) width 337: "Lorem ipsum dolor sit amet, consectetuer adipiscing elit."
        text run at (0,20) width 367: "Nulla varius enim ac mi. Curabitur sollicitudin felis quis lectus."
        text run at (0,40) width 362: "Quisque adipiscing rhoncus sem. Proin nulla purus, vulputate"
        text run at (0,60) width 358: "vel, varius ut, euismod et, nisi. Sed vitae felis vel orci sagittis"
        text run at (0,80) width 365: "aliquam. Cras convallis adipiscing sem. Nam nonummy enim."
        text run at (0,100) width 329: "Nullam bibendum lobortis neque. Vestibulum velit orci,"
        text run at (0,120) width 309: "tempus euismod, pretium quis, interdum vitae, nulla."
        text run at (0,140) width 321: "Phasellus eget ante et tortor condimentum vestibulum."
        text run at (0,160) width 360: "Suspendisse hendrerit quam nec felis. Sed varius turpis vitae"
        text run at (0,180) width 350: "pede. Lorem ipsum dolor sit amet, consectetuer adipiscing"
        text run at (0,200) width 25: "elit. "
        text run at (25,200) width 337: "Lorem ipsum dolor sit amet, consectetuer adipiscing elit."
        text run at (0,220) width 367: "Nulla varius enim ac mi. Curabitur sollicitudin felis quis lectus."
        text run at (0,240) width 362: "Quisque adipiscing rhoncus sem. Proin nulla purus, vulputate"
        text run at (0,260) width 358: "vel, varius ut, euismod et, nisi. Sed vitae felis vel orci sagittis"
        text run at (0,280) width 365: "aliquam. Cras convallis adipiscing sem. Nam nonummy enim."
        text run at (0,300) width 329: "Nullam bibendum lobortis neque. Vestibulum velit orci,"
        text run at (0,320) width 309: "tempus euismod, pretium quis, interdum vitae, nulla."
        text run at (0,340) width 321: "Phasellus eget ante et tortor condimentum vestibulum."
        text run at (0,360) width 360: "Suspendisse hendrerit quam nec felis. Sed varius turpis vitae"
        text run at (0,380) width 350: "pede. Lorem ipsum dolor sit amet, consectetuer adipiscing"
        text run at (0,400) width 21: "elit."
    LayoutBlockFlow {<pseudo:after>} at (0,764) size 367x20 [bgcolor=#FFFF00]
      LayoutTextFragment (anonymous) at (0,0) size 150x19
        text run at (0,0) width 150: "After Generated Content"
layer at (8,1406) size 760x473 backgroundClip at (0,0) size 785x600 clip at (0,0) size 785x600 outlineClip at (0,0) size 785x600
  LayoutBlockFlow {DIV} at (0,1390.44) size 760x472.81 [border: (5px solid #800000)]
    LayoutMultiColumnSet (anonymous) at (5,5) size 750x140
    LayoutMultiColumnSpannerPlaceholder (anonymous) at (5,164.91) size 0x27
    LayoutMultiColumnSet (anonymous) at (5,211.81) size 750x256
layer at (13,1411) size 367x772 backgroundClip at (0,0) size 785x600 clip at (0,0) size 785x600 outlineClip at (0,0) size 785x600
  LayoutMultiColumnFlowThread (anonymous) at (5,5) size 367x772
    LayoutBlockFlow {<pseudo:before>} at (0,0) size 367x20 [bgcolor=#FFFF00]
      LayoutTextFragment (anonymous) at (0,0) size 160x19
        text run at (0,0) width 160: "Before Generated Content"
    LayoutBlockFlow (anonymous) at (0,20) size 367x240
      LayoutText {#text} at (0,0) size 367x239
        text run at (0,0) width 337: "Lorem ipsum dolor sit amet, consectetuer adipiscing elit."
        text run at (0,20) width 367: "Nulla varius enim ac mi. Curabitur sollicitudin felis quis lectus."
        text run at (0,40) width 362: "Quisque adipiscing rhoncus sem. Proin nulla purus, vulputate"
        text run at (0,60) width 358: "vel, varius ut, euismod et, nisi. Sed vitae felis vel orci sagittis"
        text run at (0,80) width 365: "aliquam. Cras convallis adipiscing sem. Nam nonummy enim."
        text run at (0,100) width 329: "Nullam bibendum lobortis neque. Vestibulum velit orci,"
        text run at (0,120) width 309: "tempus euismod, pretium quis, interdum vitae, nulla."
        text run at (0,140) width 321: "Phasellus eget ante et tortor condimentum vestibulum."
        text run at (0,160) width 360: "Suspendisse hendrerit quam nec felis. Sed varius turpis vitae"
        text run at (0,180) width 350: "pede. Lorem ipsum dolor sit amet, consectetuer adipiscing"
        text run at (0,200) width 25: "elit. "
        text run at (25,200) width 337: "Lorem ipsum dolor sit amet, consectetuer adipiscing elit."
        text run at (0,220) width 143: "Nulla varius enim ac mi."
    LayoutBlockFlow {H2} at (5,164.91) size 750x27 [bgcolor=#EEEEEE]
      LayoutText {#text} at (0,0) size 274x26
        text run at (0,0) width 274: "This is a spanning element."
    LayoutBlockFlow (anonymous) at (0,280) size 367x220
      LayoutInline {SPAN} at (0,0) size 40x19
        LayoutText {#text} at (0,0) size 40x19
          text run at (0,0) width 40: "Lorem"
      LayoutText {#text} at (40,0) size 367x219
        text run at (40,0) width 297: " ipsum dolor sit amet, consectetuer adipiscing elit."
        text run at (0,20) width 367: "Nulla varius enim ac mi. Curabitur sollicitudin felis quis lectus."
        text run at (0,40) width 362: "Quisque adipiscing rhoncus sem. Proin nulla purus, vulputate"
        text run at (0,60) width 358: "vel, varius ut, euismod et, nisi. Sed vitae felis vel orci sagittis"
        text run at (0,80) width 365: "aliquam. Cras convallis adipiscing sem. Nam nonummy enim."
        text run at (0,100) width 329: "Nullam bibendum lobortis neque. Vestibulum velit orci,"
        text run at (0,120) width 309: "tempus euismod, pretium quis, interdum vitae, nulla."
        text run at (0,140) width 321: "Phasellus eget ante et tortor condimentum vestibulum."
        text run at (0,160) width 360: "Suspendisse hendrerit quam nec felis. Sed varius turpis vitae"
        text run at (0,180) width 350: "pede. Lorem ipsum dolor sit amet, consectetuer adipiscing"
        text run at (0,200) width 21: "elit."
    LayoutBlockFlow {P} at (0,516) size 367x220
      LayoutText {#text} at (0,0) size 367x219
        text run at (0,0) width 337: "Lorem ipsum dolor sit amet, consectetuer adipiscing elit."
        text run at (0,20) width 367: "Nulla varius enim ac mi. Curabitur sollicitudin felis quis lectus."
        text run at (0,40) width 362: "Quisque adipiscing rhoncus sem. Proin nulla purus, vulputate"
        text run at (0,60) width 358: "vel, varius ut, euismod et, nisi. Sed vitae felis vel orci sagittis"
        text run at (0,80) width 365: "aliquam. Cras convallis adipiscing sem. Nam nonummy enim."
        text run at (0,100) width 329: "Nullam bibendum lobortis neque. Vestibulum velit orci,"
        text run at (0,120) width 309: "tempus euismod, pretium quis, interdum vitae, nulla."
        text run at (0,140) width 321: "Phasellus eget ante et tortor condimentum vestibulum."
        text run at (0,160) width 360: "Suspendisse hendrerit quam nec felis. Sed varius turpis vitae"
        text run at (0,180) width 350: "pede. Lorem ipsum dolor sit amet, consectetuer adipiscing"
        text run at (0,200) width 21: "elit."
    LayoutBlockFlow {<pseudo:after>} at (0,752) size 367x20 [bgcolor=#FFFF00]
      LayoutTextFragment (anonymous) at (0,0) size 150x19
        text run at (0,0) width 150: "After Generated Content"
layer at (8,1895) size 760x473 backgroundClip at (0,0) size 785x600 clip at (0,0) size 785x600 outlineClip at (0,0) size 785x600
  LayoutBlockFlow {DIV} at (0,1879.25) size 760x472.81 [border: (5px solid #800000)]
    LayoutMultiColumnSet (anonymous) at (5,5) size 750x260
    LayoutMultiColumnSpannerPlaceholder (anonymous) at (5,284.91) size 0x27
    LayoutMultiColumnSet (anonymous) at (5,331.81) size 750x136
layer at (13,1900) size 367x792 backgroundClip at (0,0) size 785x600 clip at (0,0) size 785x600 outlineClip at (0,0) size 785x600
  LayoutMultiColumnFlowThread (anonymous) at (5,5) size 367x792
    LayoutBlockFlow {<pseudo:before>} at (0,0) size 367x20 [bgcolor=#FFFF00]
      LayoutTextFragment (anonymous) at (0,0) size 160x19
        text run at (0,0) width 160: "Before Generated Content"
    LayoutBlockFlow (anonymous) at (0,20) size 367x220
      LayoutInline {SPAN} at (0,0) size 367x219
        LayoutText {#text} at (0,0) size 367x219
          text run at (0,0) width 337: "Lorem ipsum dolor sit amet, consectetuer adipiscing elit."
          text run at (0,20) width 367: "Nulla varius enim ac mi. Curabitur sollicitudin felis quis lectus."
          text run at (0,40) width 362: "Quisque adipiscing rhoncus sem. Proin nulla purus, vulputate"
          text run at (0,60) width 358: "vel, varius ut, euismod et, nisi. Sed vitae felis vel orci sagittis"
          text run at (0,80) width 365: "aliquam. Cras convallis adipiscing sem. Nam nonummy enim."
          text run at (0,100) width 329: "Nullam bibendum lobortis neque. Vestibulum velit orci,"
          text run at (0,120) width 309: "tempus euismod, pretium quis, interdum vitae, nulla."
          text run at (0,140) width 321: "Phasellus eget ante et tortor condimentum vestibulum."
          text run at (0,160) width 360: "Suspendisse hendrerit quam nec felis. Sed varius turpis vitae"
          text run at (0,180) width 350: "pede. Lorem ipsum dolor sit amet, consectetuer adipiscing"
          text run at (0,200) width 21: "elit."
    LayoutBlockFlow (anonymous) at (0,240) size 367x40
      LayoutBlockFlow {SPAN} at (0,0) size 367x40
        LayoutText {#text} at (0,0) size 337x39
          text run at (0,0) width 337: "Lorem ipsum dolor sit amet, consectetuer adipiscing elit."
          text run at (0,20) width 143: "Nulla varius enim ac mi."
    LayoutBlockFlow (anonymous) at (0,280) size 367x220
      LayoutInline {SPAN} at (0,0) size 40x19
        LayoutText {#text} at (0,0) size 40x19
          text run at (0,0) width 40: "Lorem"
      LayoutText {#text} at (40,0) size 367x219
        text run at (40,0) width 297: " ipsum dolor sit amet, consectetuer adipiscing elit."
        text run at (0,20) width 367: "Nulla varius enim ac mi. Curabitur sollicitudin felis quis lectus."
        text run at (0,40) width 362: "Quisque adipiscing rhoncus sem. Proin nulla purus, vulputate"
        text run at (0,60) width 358: "vel, varius ut, euismod et, nisi. Sed vitae felis vel orci sagittis"
        text run at (0,80) width 365: "aliquam. Cras convallis adipiscing sem. Nam nonummy enim."
        text run at (0,100) width 329: "Nullam bibendum lobortis neque. Vestibulum velit orci,"
        text run at (0,120) width 309: "tempus euismod, pretium quis, interdum vitae, nulla."
        text run at (0,140) width 321: "Phasellus eget ante et tortor condimentum vestibulum."
        text run at (0,160) width 360: "Suspendisse hendrerit quam nec felis. Sed varius turpis vitae"
        text run at (0,180) width 350: "pede. Lorem ipsum dolor sit amet, consectetuer adipiscing"
        text run at (0,200) width 21: "elit."
    LayoutBlockFlow {H2} at (5,284.91) size 750x27 [bgcolor=#EEEEEE]
      LayoutText {#text} at (0,0) size 274x26
        text run at (0,0) width 274: "This is a spanning element."
    LayoutBlockFlow {P} at (0,536) size 367x220
      LayoutText {#text} at (0,0) size 367x219
        text run at (0,0) width 337: "Lorem ipsum dolor sit amet, consectetuer adipiscing elit."
        text run at (0,20) width 367: "Nulla varius enim ac mi. Curabitur sollicitudin felis quis lectus."
        text run at (0,40) width 362: "Quisque adipiscing rhoncus sem. Proin nulla purus, vulputate"
        text run at (0,60) width 358: "vel, varius ut, euismod et, nisi. Sed vitae felis vel orci sagittis"
        text run at (0,80) width 365: "aliquam. Cras convallis adipiscing sem. Nam nonummy enim."
        text run at (0,100) width 329: "Nullam bibendum lobortis neque. Vestibulum velit orci,"
        text run at (0,120) width 309: "tempus euismod, pretium quis, interdum vitae, nulla."
        text run at (0,140) width 321: "Phasellus eget ante et tortor condimentum vestibulum."
        text run at (0,160) width 360: "Suspendisse hendrerit quam nec felis. Sed varius turpis vitae"
        text run at (0,180) width 350: "pede. Lorem ipsum dolor sit amet, consectetuer adipiscing"
        text run at (0,200) width 21: "elit."
    LayoutBlockFlow {<pseudo:after>} at (0,772) size 367x20 [bgcolor=#FFFF00]
      LayoutTextFragment (anonymous) at (0,0) size 150x19
        text run at (0,0) width 150: "After Generated Content"
layer at (8,2384) size 760x489 backgroundClip at (0,0) size 785x600 clip at (0,0) size 785x600 outlineClip at (0,0) size 785x600
  LayoutBlockFlow {DIV} at (0,2368.06) size 760x488.81 [border: (5px solid #800000)]
    LayoutMultiColumnSet (anonymous) at (5,5) size 750x292
    LayoutMultiColumnSpannerPlaceholder (anonymous) at (5,316.91) size 0x27
    LayoutMultiColumnSet (anonymous) at (5,363.81) size 750x120
layer at (13,2389) size 367x824 backgroundClip at (0,0) size 785x600 clip at (0,0) size 785x600 outlineClip at (0,0) size 785x600
  LayoutMultiColumnFlowThread (anonymous) at (5,5) size 367x824
    LayoutBlockFlow {<pseudo:before>} at (0,0) size 367x20 [bgcolor=#FFFF00]
      LayoutTextFragment (anonymous) at (0,0) size 160x19
        text run at (0,0) width 160: "Before Generated Content"
    LayoutBlockFlow {P} at (0,36) size 367x220
      LayoutText {#text} at (0,0) size 367x219
        text run at (0,0) width 337: "Lorem ipsum dolor sit amet, consectetuer adipiscing elit."
        text run at (0,20) width 367: "Nulla varius enim ac mi. Curabitur sollicitudin felis quis lectus."
        text run at (0,40) width 362: "Quisque adipiscing rhoncus sem. Proin nulla purus, vulputate"
        text run at (0,60) width 358: "vel, varius ut, euismod et, nisi. Sed vitae felis vel orci sagittis"
        text run at (0,80) width 365: "aliquam. Cras convallis adipiscing sem. Nam nonummy enim."
        text run at (0,100) width 329: "Nullam bibendum lobortis neque. Vestibulum velit orci,"
        text run at (0,120) width 309: "tempus euismod, pretium quis, interdum vitae, nulla."
        text run at (0,140) width 321: "Phasellus eget ante et tortor condimentum vestibulum."
        text run at (0,160) width 360: "Suspendisse hendrerit quam nec felis. Sed varius turpis vitae"
        text run at (0,180) width 350: "pede. Lorem ipsum dolor sit amet, consectetuer adipiscing"
        text run at (0,200) width 21: "elit."
    LayoutBlockFlow {P} at (0,272) size 367x40
      LayoutText {#text} at (0,0) size 337x39
        text run at (0,0) width 337: "Lorem ipsum dolor sit amet, consectetuer adipiscing elit."
        text run at (0,20) width 143: "Nulla varius enim ac mi."
    LayoutBlockFlow {P} at (0,328) size 367x220
      LayoutText {#text} at (0,0) size 367x219
        text run at (0,0) width 337: "Lorem ipsum dolor sit amet, consectetuer adipiscing elit."
        text run at (0,20) width 367: "Nulla varius enim ac mi. Curabitur sollicitudin felis quis lectus."
        text run at (0,40) width 362: "Quisque adipiscing rhoncus sem. Proin nulla purus, vulputate"
        text run at (0,60) width 358: "vel, varius ut, euismod et, nisi. Sed vitae felis vel orci sagittis"
        text run at (0,80) width 365: "aliquam. Cras convallis adipiscing sem. Nam nonummy enim."
        text run at (0,100) width 329: "Nullam bibendum lobortis neque. Vestibulum velit orci,"
        text run at (0,120) width 309: "tempus euismod, pretium quis, interdum vitae, nulla."
        text run at (0,140) width 321: "Phasellus eget ante et tortor condimentum vestibulum."
        text run at (0,160) width 360: "Suspendisse hendrerit quam nec felis. Sed varius turpis vitae"
        text run at (0,180) width 350: "pede. Lorem ipsum dolor sit amet, consectetuer adipiscing"
        text run at (0,200) width 21: "elit."
    LayoutBlockFlow {H2} at (5,316.91) size 750x27 [bgcolor=#EEEEEE]
      LayoutText {#text} at (0,0) size 274x26
        text run at (0,0) width 274: "This is a spanning element."
    LayoutBlockFlow (anonymous) at (0,584) size 367x20
      LayoutInline {SPAN} at (0,0) size 337x19
        LayoutText {#text} at (0,0) size 337x19
          text run at (0,0) width 337: "Lorem ipsum dolor sit amet, consectetuer adipiscing elit."
    LayoutBlockFlow (anonymous) at (0,604) size 367x20
      LayoutBlockFlow {SPAN} at (0,0) size 367x20
        LayoutText {#text} at (0,0) size 143x19
          text run at (0,0) width 143: "Nulla varius enim ac mi."
    LayoutBlockFlow (anonymous) at (0,624) size 367x180
      LayoutInline {SPAN} at (0,0) size 364x179
        LayoutText {#text} at (0,0) size 364x179
          text run at (0,0) width 337: "Curabitur sollicitudin felis quis lectus. Quisque adipiscing"
          text run at (0,20) width 328: "rhoncus sem. Proin nulla purus, vulputate vel, varius ut,"
          text run at (0,40) width 362: "euismod et, nisi. Sed vitae felis vel orci sagittis aliquam. Cras"
          text run at (0,60) width 325: "convallis adipiscing sem. Nam nonummy enim. Nullam"
          text run at (0,80) width 329: "bibendum lobortis neque. Vestibulum velit orci, tempus"
          text run at (0,100) width 350: "euismod, pretium quis, interdum vitae, nulla. Phasellus eget"
          text run at (0,120) width 311: "ante et tortor condimentum vestibulum. Suspendisse"
          text run at (0,140) width 364: "hendrerit quam nec felis. Sed varius turpis vitae pede. Lorem"
          text run at (0,160) width 293: "ipsum dolor sit amet, consectetuer adipiscing elit."
      LayoutText {#text} at (0,0) size 0x0
    LayoutBlockFlow {<pseudo:after>} at (0,804) size 367x20 [bgcolor=#FFFF00]
      LayoutTextFragment (anonymous) at (0,0) size 150x19
        text run at (0,0) width 150: "After Generated Content"
