layer at (0,0) size 800x600
  LayoutView at (0,0) size 800x600
layer at (0,0) size 800x322
  LayoutBlockFlow {HTML} at (0,0) size 800x322
    LayoutBlockFlow {BODY} at (8,16) size 784x291
      LayoutBlockFlow {P} at (0,0) size 784x40
        LayoutText {#text} at (0,0) size 768x39
          text run at (0,0) width 365: "Change your window size. However the lines wrap, the blue "
          text run at (365,0) width 403: "rectanglues should always have their middles on the same alignment"
          text run at (0,20) width 17: "as "
          text run at (17,20) width 193: "other blue rectangles on the line."
      LayoutBlockFlow {P} at (15,56) size 754x235 [color=#0000FF] [bgcolor=#FFFFFF] [border: (1px solid #C0C0C0)]
        LayoutText {#text} at (8,36) size 61x16
          text run at (8,36) width 61: "\x{C9}\x{C9}\x{C9} "
        LayoutImage {IMG} at (68.50,26.50) size 30x30
        LayoutText {#text} at (98,36) size 16x16
          text run at (98,36) width 16: " "
        LayoutInline {SPAN} at (0,0) size 112x38 [color=#C0C0C0]
          LayoutText {#text} at (113,18) size 112x38
            text run at (113,18) width 112: "xxx"
        LayoutText {#text} at (224,36) size 16x16
          text run at (224,36) width 16: " "
        LayoutImage {IMG} at (239.50,16.50) size 50x50
        LayoutText {#text} at (289,36) size 76x16
          text run at (289,36) width 16: " "
          text run at (304,36) width 61: "\x{C9}\x{C9}\x{C9} "
        LayoutImage {IMG} at (364.50,36.50) size 10x10
        LayoutText {#text} at (374,36) size 16x16
          text run at (374,36) width 16: " "
        LayoutInline {SMALL} at (0,0) size 31x11 [color=#C0C0C0]
          LayoutText {#text} at (389,40) size 31x11
            text run at (389,40) width 31: "xxx"
        LayoutText {#text} at (419,36) size 16x16
          text run at (419,36) width 16: " "
        LayoutImage {IMG} at (434.50,31.50) size 20x20
        LayoutText {#text} at (454,36) size 76x16
          text run at (454,36) width 16: " "
          text run at (469,36) width 61: "\x{C9}\x{C9}\x{C9} "
        LayoutImage {IMG} at (529.50,8.50) size 65x65
        LayoutText {#text} at (594,36) size 76x16
          text run at (594,36) width 16: " "
          text run at (609,36) width 61: "\x{C9}\x{C9}\x{C9} "
        LayoutImage {IMG} at (669.50,23.50) size 35x35
        LayoutText {#text} at (0,0) size 0x0
        LayoutInline {SPAN} at (0,0) size 91x31 [color=#C0C0C0]
          LayoutText {#text} at (8,94) size 91x31
            text run at (8,94) width 91: "xxx"
        LayoutText {#text} at (98,106) size 16x16
          text run at (98,106) width 16: " "
        LayoutImage {IMG} at (113.50,86.50) size 50x50
        LayoutText {#text} at (163,106) size 16x16
          text run at (163,106) width 16: " "
        LayoutInline {SPAN} at (0,0) size 345x23 [color=#C0C0C0]
          LayoutText {#text} at (178,100) size 89x23
            text run at (178,100) width 89: "xxx "
          LayoutInline {SPAN} at (0,0) size 169x57
            LayoutText {#text} at (266,73) size 169x57
              text run at (266,73) width 169: "xxx"
          LayoutText {#text} at (434,100) size 89x23
            text run at (434,100) width 89: " xxx"
        LayoutText {#text} at (522,106) size 16x16
          text run at (522,106) width 16: " "
        LayoutImage {IMG} at (537.50,86.50) size 50x50
        LayoutText {#text} at (587,106) size 16x16
          text run at (587,106) width 16: " "
        LayoutInline {SMALL} at (0,0) size 31x11 [color=#C0C0C0]
          LayoutText {#text} at (602,110) size 31x11
            text run at (602,110) width 31: "xxx"
        LayoutText {#text} at (632,106) size 16x16
          text run at (632,106) width 16: " "
        LayoutImage {IMG} at (647.50,103.50) size 15x15
        LayoutText {#text} at (662,106) size 16x16
          text run at (662,106) width 16: " "
        LayoutInline {BIG} at (0,0) size 61x21 [color=#C0C0C0]
          LayoutText {#text} at (677,102) size 61x21
            text run at (677,102) width 61: "xxx"
        LayoutText {#text} at (0,0) size 0x0
        LayoutImage {IMG} at (8.50,136.50) size 90x90
        LayoutText {#text} at (98,176) size 61x16
          text run at (98,176) width 16: " "
          text run at (113,176) width 46: "\x{C9}\x{C9}\x{C9}"
