layer at (0,0) size 800x600
  LayoutView at (0,0) size 800x600
layer at (0,0) size 800x600
  LayoutBlockFlow {HTML} at (0,0) size 800x600
    LayoutBlockFlow {BODY} at (8,8) size 784x584
layer at (8,8) size 784x176
  LayoutBlockFlow {DIV} at (0,0) size 784x176 [border: (2px solid #800000)]
    LayoutBlockFlow {DIV} at (2,2) size 382x110
    LayoutBlockFlow {DIV} at (2,174) size 379x156 [bgcolor=#00FF00] [border: (2px solid #000000)]
      LayoutBlockFlow {DIV} at (12,2) size 355x152 [bgcolor=#008000] [border: (2px solid #0000FF)]
        LayoutInline {SPAN} at (0,0) size 192x148
          LayoutText {#text} at (2,2) size 192x148
            text run at (2,2) width 166: "In 2nd"
            text run at (2,76) width 192: "column"
        LayoutText {#text} at (0,0) size 0x0
