layer at (0,0) size 800x600
  LayoutView at (0,0) size 800x600
layer at (0,0) size 800x600
  LayoutBlockFlow {HTML} at (0,0) size 800x600
    LayoutBlockFlow {BODY} at (8,8) size 784x584
layer at (8,8) size 784x76
  LayoutBlockFlow {DIV} at (0,0) size 784x76
    LayoutText {#text} at (0,0) size 355x115
      text run at (0,0) width 65: "Filler Text "
      text run at (65,0) width 290: "Filler Text Filler Text Filler Text Filler Text Filler"
      text run at (0,20) width 226: "Text Filler Text Filler Text Filler Text "
      text run at (226,20) width 65: "Filler Text "
      text run at (291,20) width 61: "Filler Text"
      text run at (0,40) width 355: "Filler Text Filler Text Filler Text Filler Text Filler Text Filler"
      text run at (0,76) width 96: "Text Filler Text "
      text run at (96,76) width 65: "Filler Text "
      text run at (161,76) width 191: "Filler Text Filler Text Filler Text"
      text run at (0,96) width 321: "Filler Text Filler Text Filler Text Filler Text Filler Text"
    LayoutText {#text} at (0,0) size 0x0
layer at (10,126) size 153x22
  LayoutTextControl (relative positioned) {INPUT} at (2,118) size 153x22 [bgcolor=#FFFFFF] [border: (2px inset #EEEEEE)]
layer at (12,129) size 149x16
  LayoutBlockFlow {DIV} at (2,3) size 149x16
    LayoutText {#text} at (0,0) size 42x16
      text run at (0,0) width 42: "Testing"
caret: position 7 of child 0 {#text} of child 0 {DIV} of {#document-fragment} of child 1 {INPUT} of child 1 {DIV} of body
