layer at (0,0) size 800x600
  RenderView at (0,0) size 800x600
layer at (0,0) size 800x203
  RenderBlock {HTML} at (0,0) size 800x203
    RenderBody {BODY} at (8,16) size 784x171
      LayoutTable {TABLE} at (16,0) size 60x86 [border: (3px solid #FF0000)]
        LayoutTableSection {TBODY} at (3,3) size 54x80
          LayoutTableRow {TR} at (0,2) size 50x80
            LayoutTableCell {TD} at (2,2) size 50x76 [r=0 c=0 rs=1 cs=1]
              LayoutTable {TABLE} at (1,1) size 24x72 [color=#FFFFFF] [bgcolor=#800080]
                LayoutTableSection {TBODY} at (0,0) size 24x72
                  LayoutTableRow {TR} at (0,2) size 20x72
                    LayoutTableCell {TD} at (2,2) size 20x68 [r=0 c=0 rs=1 cs=1]
                      RenderText {#text} at (1,1) size 17x66
                        text run at (1,1) width 66: "Table One"
              LayoutTable {TABLE} at (25,1) size 24x74 [color=#FFFFFF] [bgcolor=#800080]
                LayoutTableSection {TBODY} at (0,0) size 24x74
                  LayoutTableRow {TR} at (0,2) size 20x74
                    LayoutTableCell {TD} at (2,2) size 20x70 [r=0 c=0 rs=1 cs=1]
                      RenderText {#text} at (1,1) size 17x68
                        text run at (1,1) width 68: "Table Two"
      LayoutTable {TABLE} at (16,102) size 48x69 [border: (3px solid #FF0000)]
        LayoutTableSection {TBODY} at (3,3) size 42x63
          LayoutTableRow {TR} at (0,2) size 38x63
            LayoutTableCell {TD} at (2,2) size 38x59 [r=0 c=0 rs=1 cs=1]
              RenderBlock {DIV} at (1,1) size 18x57 [color=#FFFFFF] [bgcolor=#800080]
                RenderText {#text} at (0,0) size 17x55
                  text run at (0,0) width 55: "Div One"
              RenderBlock {DIV} at (19,1) size 18x57 [color=#FFFFFF] [bgcolor=#800080]
                RenderText {#text} at (0,0) size 17x56
                  text run at (0,0) width 56: "Div Two"
