layer at (0,0) size 800x600
  LayoutView at (0,0) size 800x600
layer at (0,0) size 800x384
  LayoutBlockFlow {HTML} at (0,0) size 800x384.44
    LayoutBlockFlow {BODY} at (8,18.72) size 784x357.72
      LayoutBlockFlow {H3} at (0,0) size 784x21
        LayoutText {#text} at (0,0) size 87x20
          text run at (0,0) width 87: "It passes if:"
      LayoutBlockFlow {UL} at (0,39.72) size 784x40
        LayoutListItem {LI} at (40,0) size 744x20
          LayoutListMarker at (-18,0) size 7x19: bullet
          LayoutText {#text} at (0,0) size 401x19
            text run at (0,0) width 401: "the canvas content has rounded corners (top-left and bottom-right)"
        LayoutListItem {LI} at (40,20) size 744x20
          LayoutListMarker at (-18,0) size 7x19: bullet
          LayoutText {#text} at (0,0) size 179x19
            text run at (0,0) width 179: "gray background is not visible"
      LayoutBlockFlow (anonymous) at (0,95.72) size 784x262
        LayoutText {#text} at (0,0) size 0x0
        LayoutText {#text} at (0,0) size 0x0
layer at (8,114) size 257x257
  LayoutHTMLCanvas {CANVAS} at (0,0) size 257x257 [bgcolor=#808080]
