layer at (0,0) size 800x600
  LayoutView at (0,0) size 800x600
layer at (0,0) size 800x152
  LayoutBlockFlow {HTML} at (0,0) size 800x152
    LayoutBlockFlow {BODY} at (8,8) size 784x136
      LayoutBlockFlow {DIV} at (0,0) size 784x46 [color=#008000]
        LayoutBlockFlow {DIV} at (0,0) size 784x46 [color=#FF0000] [border: (3px solid #008000)]
          LayoutBlockFlow {DIV} at (3,3) size 778x40 [color=#008000]
            LayoutText {#text} at (0,0) size 748x39
              text run at (0,0) width 391: "This should have a green border, because the computed value of "
              text run at (391,0) width 345: "'border-color' set to its initial value is the computed value "
              text run at (736,0) width 12: "of"
              text run at (0,20) width 244: "'color', which is then inherited as a color."
      LayoutBlockFlow {DIV} at (0,62) size 784x26 [color=#008000]
        LayoutBlockFlow {DIV} at (0,0) size 784x26 [color=#FF0000] [border: (3px solid #008000)]
          LayoutBlockFlow {DIV} at (3,3) size 778x20 [color=#008000]
            LayoutText {#text} at (0,0) size 53x19
              text run at (0,0) width 53: "This too."
      LayoutBlockFlow {DIV} at (0,104) size 784x32 [color=#008000] [border: (3px solid #008000)]
        LayoutBlockFlow {DIV} at (3,3) size 778x26 [color=#FF0000] [border: (3px solid #008000)]
          LayoutBlockFlow {DIV} at (3,3) size 772x20 [color=#008000]
            LayoutText {#text} at (0,0) size 53x19
              text run at (0,0) width 53: "This too."
