layer at (0,0) size 800x600
  LayoutView at (0,0) size 800x600
layer at (0,0) size 800x424
  LayoutBlockFlow {HTML} at (0,0) size 800x424.44
    LayoutBlockFlow {BODY} at (8,18.72) size 784x397.72
      LayoutBlockFlow {H3} at (0,0) size 784x21
        LayoutText {#text} at (0,0) size 87x20
          text run at (0,0) width 87: "It passes if:"
      LayoutBlockFlow {UL} at (0,39.72) size 784x60
        LayoutListItem {LI} at (40,0) size 744x20
          LayoutListMarker at (-18,0) size 7x19: bullet
          LayoutText {#text} at (0,0) size 378x19
            text run at (0,0) width 378: "the canvas content has rounded corners (top-left and top-right)"
        LayoutListItem {LI} at (40,20) size 744x20
          LayoutListMarker at (-18,0) size 7x19: bullet
          LayoutText {#text} at (0,0) size 337x19
            text run at (0,0) width 337: "the 10px red border is visible around the canvas content"
        LayoutListItem {LI} at (40,40) size 744x20
          LayoutListMarker at (-18,0) size 7x19: bullet
          LayoutText {#text} at (0,0) size 148x19
            text run at (0,0) width 148: "gray border is not visible"
      LayoutBlockFlow (anonymous) at (0,115.72) size 784x282
        LayoutText {#text} at (0,0) size 0x0
        LayoutText {#text} at (0,0) size 0x0
layer at (8,134) size 277x277
  LayoutHTMLCanvas {CANVAS} at (0,0) size 277x277 [bgcolor=#808080] [border: (10px solid #FF0000)]
