layer at (0,0) size 800x600
  LayoutView at (0,0) size 800x600
layer at (0,0) size 800x392
  LayoutBlockFlow {HTML} at (0,0) size 800x392.44
    LayoutBlockFlow {BODY} at (8,18.72) size 784x365.72
      LayoutBlockFlow {H3} at (0,0) size 784x21
        LayoutText {#text} at (0,0) size 87x20
          text run at (0,0) width 87: "It passes if:"
      LayoutBlockFlow {UL} at (0,39.72) size 784x60
        LayoutListItem {LI} at (40,0) size 744x20
          LayoutListMarker at (-18,0) size 7x19: bullet
          LayoutText {#text} at (0,0) size 389x19
            text run at (0,0) width 389: "the video content has rounded corners (top left and bottom right)"
        LayoutListItem {LI} at (40,20) size 744x20
          LayoutListMarker at (-18,0) size 7x19: bullet
          LayoutText {#text} at (0,0) size 451x19
            text run at (0,0) width 451: "the remaining space is gray and has same rounded corners as video content"
        LayoutListItem {LI} at (40,40) size 744x20
          LayoutListMarker at (-18,0) size 7x19: bullet
          LayoutText {#text} at (0,0) size 253x19
            text run at (0,0) width 253: "has box shadow around the video element"
      LayoutBlockFlow (anonymous) at (0,115.72) size 784x250
        LayoutText {#text} at (0,0) size 0x0
layer at (18,144) size 500x225
  LayoutVideo {VIDEO} at (10,10) size 500x225 [bgcolor=#808080]
layer at (18,144) size 500x225
  LayoutFlexibleBox {DIV} at (0,0) size 500x225
    LayoutBlockFlow {DIV} at (0,190) size 500x35
layer at (18,144) size 500x190
  LayoutFlexibleBox {DIV} at (0,0) size 500x190
