layer at (0,0) size 800x600
  RenderView at (0,0) size 800x600
layer at (0,0) size 800x600
  RenderBlock {HTML} at (0,0) size 800x600
    RenderBody {BODY} at (8,8) size 784x584
      LayoutTable {TABLE} at (0,0) size 200x22
        LayoutTableSection {TBODY} at (0,0) size 200x22
          LayoutTableRow {TR} at (0,2) size 200x18
            LayoutTableCell {TD} at (2,2) size 60x18 [bgcolor=#FFFFCC] [r=0 c=0 rs=1 cs=1]
              RenderText {#text} at (1,1) size 58x16
                text run at (1,1) width 58: "Cell One"
            LayoutTableCell {TD} at (64,2) size 62x18 [bgcolor=#FFFFCC] [r=0 c=1 rs=1 cs=1]
              RenderText {#text} at (1,1) size 60x16
                text run at (1,1) width 60: "Cell Two"
            LayoutTableCell {TD} at (128,2) size 70x18 [bgcolor=#FFFFCC] [r=0 c=2 rs=1 cs=1]
              RenderText {#text} at (1,1) size 68x16
                text run at (1,1) width 68: "Cell Three"
