layer at (0,0) size 800x600
  RenderView at (0,0) size 800x600
layer at (0,0) size 800x600
  RenderBlock {HTML} at (0,0) size 800x600
    RenderBody {BODY} at (8,8) size 784x584
      LayoutTable {TABLE} at (0,0) size 200x200 [border: (1px outset #808080)]
        LayoutTableSection {TFOOT} at (1,199) size 198x0
        LayoutTableSection {TBODY} at (1,1) size 198x198
          LayoutTableRow {TR} at (0,0) size 198x99
            LayoutTableCell {TD} at (0,40) size 99x18 [border: (1px inset #808080)] [r=0 c=0 rs=1 cs=1]
              RenderText {#text} at (1,1) size 42x16
                text run at (1,1) width 42: "span 1"
            LayoutTableCell {TD} at (99,40) size 99x18 [border: (1px inset #808080)] [r=0 c=1 rs=1 cs=1]
              RenderText {#text} at (1,1) size 42x16
                text run at (1,1) width 42: "span 1"
          LayoutTableRow {TR} at (0,99) size 198x99
            LayoutTableCell {TD} at (0,139) size 198x18 [border: (1px inset #808080)] [r=1 c=0 rs=1 cs=2]
              RenderText {#text} at (1,1) size 88x16
                text run at (1,1) width 88: "should span 2"
