layer at (0,0) size 800x600
  LayoutView at (0,0) size 800x600
layer at (0,0) size 800x274
  LayoutBlockFlow {HTML} at (0,0) size 800x273.53
    LayoutBlockFlow {BODY} at (88,25.27) size 648x223 [bgcolor=#FFFFF5]
      LayoutTable {TABLE} at (0,0) size 359x84
        LayoutTableSection {TBODY} at (0,0) size 359x84
          LayoutTableRow {TR} at (0,2) size 359x22
            LayoutTableCell {TH} at (2,2) size 181x22 [color=#CC0000] [r=0 c=0 rs=1 cs=1]
              LayoutText {#text} at (0,3) size 31x16
                text run at (0,3) width 31: "17.6 "
              LayoutInline {A} at (0,0) size 150x18 [color=#3333FF]
                LayoutText {#text} at (31,1) size 150x18
                  text run at (31,1) width 150: "Table Border Test 2"
            LayoutTableCell {TD} at (185,2) size 22x21 [color=#FFFF00] [bgcolor=#CC0000] [r=0 c=1 rs=1 cs=1]
              LayoutText {#text} at (0,0) size 12x20
                text run at (0,0) width 12: "B"
            LayoutTableCell {TD} at (209,2) size 13x21 [color=#FFFFFF] [bgcolor=#000099] [r=0 c=2 rs=1 cs=1]
              LayoutText {#text} at (0,0) size 13x20
                text run at (0,0) width 13: "N"
            LayoutTableCell {TD} at (224,2) size 22x21 [color=#FFFFFF] [bgcolor=#000099] [r=0 c=3 rs=1 cs=1]
              LayoutText {#text} at (0,0) size 13x20
                text run at (0,0) width 13: "N"
            LayoutTableCell {TD} at (248,2) size 22x21 [color=#FFFFFF] [bgcolor=#000099] [r=0 c=4 rs=1 cs=1]
              LayoutText {#text} at (0,0) size 13x20
                text run at (0,0) width 13: "N"
            LayoutTableCell {TD} at (272,2) size 22x21 [color=#FFFFFF] [bgcolor=#000099] [r=0 c=5 rs=1 cs=1]
              LayoutText {#text} at (0,0) size 13x20
                text run at (0,0) width 13: "N"
            LayoutTableCell {TD} at (296,2) size 12x21 [bgcolor=#CCCCCC] [r=0 c=6 rs=1 cs=1]
              LayoutText {#text} at (0,0) size 12x20
                text run at (0,0) width 12: "U"
            LayoutTableCell {TD} at (310,2) size 47x21 [r=0 c=7 rs=1 cs=1]
              LayoutText {#text} at (0,0) size 47x20
                text run at (0,0) width 47: "CSS2"
          LayoutTableRow {TR} at (0,26) size 359x33
            LayoutTableCell {TH} at (2,26) size 181x33 [color=#CC0000] [border: (12px solid #FFFFF5) none] [r=1 c=0 rs=1 cs=1]
              LayoutText {#text} at (98,14) size 83x16
                text run at (98,14) width 83: "Tests Y (+1)"
            LayoutTableCell {TD} at (185,26) size 22x33 [color=#FFFFFF] [bgcolor=#009900] [border: (12px solid #FFFFF5) none] [r=1 c=1 rs=1 cs=1]
              LayoutText {#text} at (0,12) size 22x20
                text run at (0,12) width 22: "31"
            LayoutTableCell {TD} at (209,26) size 13x33 [color=#FFFFFF] [bgcolor=#009900] [border: (12px solid #FFFFF5) none] [r=1 c=2 rs=1 cs=1]
              LayoutText {#text} at (0,12) size 6x20
                text run at (0,12) width 6: " "
            LayoutTableCell {TD} at (224,26) size 22x33 [color=#FFFFFF] [bgcolor=#009900] [border: (12px solid #FFFFF5) none] [r=1 c=3 rs=1 cs=1]
              LayoutText {#text} at (0,12) size 22x20
                text run at (0,12) width 22: "16"
            LayoutTableCell {TD} at (248,26) size 22x33 [color=#FFFFFF] [bgcolor=#009900] [border: (12px solid #FFFFF5) none] [r=1 c=4 rs=1 cs=1]
              LayoutText {#text} at (0,12) size 22x20
                text run at (0,12) width 22: "16"
            LayoutTableCell {TD} at (272,26) size 22x33 [color=#FFFFFF] [bgcolor=#009900] [border: (12px solid #FFFFF5) none] [r=1 c=5 rs=1 cs=1]
              LayoutText {#text} at (0,12) size 11x20
                text run at (0,12) width 11: "2"
            LayoutTableCell {TD} at (296,26) size 12x33 [color=#FFFFFF] [bgcolor=#009900] [border: (12px solid #FFFFF5) none] [r=1 c=6 rs=1 cs=1]
              LayoutText {#text} at (0,12) size 12x20
                text run at (0,12) width 12: "U"
            LayoutTableCell {TD} at (310,36) size 47x12 [border: (12px solid #FFFFF5) none] [r=1 c=7 rs=1 cs=1]
          LayoutTableRow {TR} at (0,61) size 359x21
            LayoutTableCell {TH} at (2,61) size 181x21 [color=#CC0000] [r=2 c=0 rs=1 cs=1]
              LayoutText {#text} at (103,2) size 78x16
                text run at (103,2) width 78: "Tests N (0)"
            LayoutTableCell {TD} at (185,61) size 22x21 [color=#FFFFFF] [bgcolor=#000099] [r=2 c=1 rs=1 cs=1]
              LayoutText {#text} at (0,0) size 11x20
                text run at (0,0) width 11: "4"
            LayoutTableCell {TD} at (209,61) size 13x21 [color=#FFFFFF] [bgcolor=#000099] [r=2 c=2 rs=1 cs=1]
              LayoutText {#text} at (0,0) size 6x20
                text run at (0,0) width 6: " "
            LayoutTableCell {TD} at (224,61) size 22x21 [color=#FFFFFF] [bgcolor=#000099] [r=2 c=3 rs=1 cs=1]
              LayoutText {#text} at (0,0) size 22x20
                text run at (0,0) width 22: "21"
            LayoutTableCell {TD} at (248,61) size 22x21 [color=#FFFFFF] [bgcolor=#000099] [r=2 c=4 rs=1 cs=1]
              LayoutText {#text} at (0,0) size 22x20
                text run at (0,0) width 22: "14"
            LayoutTableCell {TD} at (272,61) size 22x21 [color=#FFFFFF] [bgcolor=#000099] [r=2 c=5 rs=1 cs=1]
              LayoutText {#text} at (0,0) size 22x20
                text run at (0,0) width 22: "18"
            LayoutTableCell {TD} at (296,61) size 12x21 [color=#FFFFFF] [bgcolor=#000099] [r=2 c=6 rs=1 cs=1]
              LayoutText {#text} at (0,0) size 12x20
                text run at (0,0) width 12: "U"
            LayoutTableCell {TD} at (310,71) size 47x0 [r=2 c=7 rs=1 cs=1]
      LayoutBlockFlow {HR} at (0,96) size 648x1
      LayoutBlockFlow {P} at (0,109) size 648x38
        LayoutInline {A} at (0,0) size 88x18 [color=#3333FF] [bgcolor=#FFFFF5]
          LayoutImage {IMG} at (0,0) size 88x31
      LayoutBlockFlow {P} at (0,159) size 648x26
        LayoutText {#text} at (0,2) size 78x20
          text run at (0,2) width 78: "(Back to "
        LayoutInline {A} at (0,0) size 214x18 [color=#3333FF] [bgcolor=#FFFFF5]
          LayoutText {#text} at (78,4) size 214x18
            text run at (78,4) width 214: "CSS Testing Information"
        LayoutText {#text} at (292,2) size 12x20
          text run at (292,2) width 12: ", "
        LayoutInline {A} at (0,0) size 107x18 [color=#3333FF] [bgcolor=#FFFFF5]
          LayoutText {#text} at (304,4) size 107x18
            text run at (304,4) width 107: "David Baron"
        LayoutText {#text} at (411,2) size 8x20
          text run at (411,2) width 8: ")"
      LayoutBlockFlow {P} at (0,197) size 648x26
        LayoutInline {A} at (0,0) size 35x18 [color=#3333FF] [bgcolor=#FFFFF5]
          LayoutText {#text} at (0,4) size 35x18
            text run at (0,4) width 35: "LDB"
        LayoutText {#text} at (35,2) size 12x20
          text run at (35,2) width 12: ", "
        LayoutInline {A} at (0,0) size 220x18 [color=#3333FF] [bgcolor=#FFFFF5]
          LayoutText {#text} at (47,4) size 220x18
            text run at (47,4) width 220: "dbaron@fas.harvard.edu"
