layer at (0,0) size 800x600
  LayoutView at (0,0) size 800x600
layer at (0,0) size 800x600
  LayoutBlockFlow {HTML} at (0,0) size 800x600
    LayoutBlockFlow {BODY} at (8,16) size 784x565.28
      LayoutBlockFlow {DIV} at (0,0) size 784x20
        LayoutText {#text} at (0,0) size 148x19
          text run at (0,0) width 148: "Outline ring painting test."
      LayoutBlockFlow {DIV} at (0,36) size 784x98.44
        LayoutBlockFlow (anonymous) at (0,0) size 784x20
          LayoutInline {SPAN} at (0,0) size 95x19
            LayoutText {#text} at (0,0) size 95x19
              text run at (0,0) width 95: "Content before."
        LayoutBlockFlow (anonymous) at (0,38.72) size 784x21
          LayoutBlockFlow {H3} at (0,0) size 784x21
            LayoutText {#text} at (0,0) size 140x20
              text run at (0,0) width 140: "Bold with margin."
        LayoutBlockFlow (anonymous) at (0,78.44) size 784x20
          LayoutInline {SPAN} at (0,0) size 79x19
            LayoutText {#text} at (0,0) size 79x19
              text run at (0,0) width 79: "Content after"
      LayoutBlockFlow {DIV} at (0,153.16) size 784x59.72
        LayoutBlockFlow (anonymous) at (0,0) size 784x0
          LayoutInline {SPAN} at (0,0) size 0x0
        LayoutBlockFlow (anonymous) at (0,0) size 784x21
          LayoutBlockFlow {H3} at (0,0) size 784x21
            LayoutText {#text} at (0,0) size 145x20
              text run at (0,0) width 145: "No content before."
        LayoutBlockFlow (anonymous) at (0,39.72) size 784x20
          LayoutInline {SPAN} at (0,0) size 83x19
            LayoutText {#text} at (0,0) size 83x19
              text run at (0,0) width 83: "Content after."
      LayoutBlockFlow {DIV} at (0,228.88) size 784x59.72
        LayoutBlockFlow (anonymous) at (0,0) size 784x20
          LayoutInline {SPAN} at (0,0) size 91x19
            LayoutText {#text} at (0,0) size 91x19
              text run at (0,0) width 91: "Content before"
        LayoutBlockFlow (anonymous) at (0,38.72) size 784x21
          LayoutBlockFlow {H3} at (0,0) size 784x21
            LayoutText {#text} at (0,0) size 169x20
              text run at (0,0) width 169: "But No Content After"
        LayoutBlockFlow (anonymous) at (0,78.44) size 784x0
          LayoutInline {SPAN} at (0,0) size 0x0
      LayoutBlockFlow {DIV} at (0,307.31) size 784x21
        LayoutBlockFlow (anonymous) at (0,0) size 784x0
          LayoutInline {SPAN} at (0,0) size 0x0
        LayoutBlockFlow (anonymous) at (0,0) size 784x21
          LayoutBlockFlow {H3} at (0,0) size 784x21
            LayoutText {#text} at (0,0) size 208x20
              text run at (0,0) width 208: "No content before or after."
        LayoutBlockFlow (anonymous) at (0,39.72) size 784x0
          LayoutInline {SPAN} at (0,0) size 0x0
