layer at (0,0) size 800x600
  RenderView at (0,0) size 800x600
layer at (0,0) size 800x600
  RenderBlock {HTML} at (0,0) size 800x600
    RenderBody {BODY} at (8,8) size 784x584
      LayoutTable {TABLE} at (0,0) size 100x106 [bgcolor=#0000FF] [border: (20px solid #000000)]
        LayoutTableSection {TBODY} at (30,30) size 40x46
          LayoutTableRow {TR} at (0,2) size 40x20
            LayoutTableCell {TD} at (2,2) size 36x20 [border: (1px inset #000000)] [r=0 c=0 rs=1 cs=1]
              RenderText {#text} at (2,2) size 22x16
                text run at (2,2) width 22: "foo"
          LayoutTableRow {TR} at (0,24) size 40x20
            LayoutTableCell {TD} at (2,24) size 36x20 [border: (1px inset #000000)] [r=1 c=0 rs=1 cs=1]
              RenderText {#text} at (2,2) size 21x16
                text run at (2,2) width 21: "bar"
      RenderBlock (anonymous) at (0,106) size 784x16
        RenderBR {BR} at (0,0) size 0x16
      LayoutTable {TABLE} at (0,122) size 100x106 [bgcolor=#0000FF] [border: (20px solid #000000)]
        LayoutTableSection {TBODY} at (30,30) size 40x46
          LayoutTableRow {TR} at (0,2) size 40x20
            LayoutTableCell {TD} at (2,2) size 36x20 [border: (1px inset #000000)] [r=0 c=0 rs=1 cs=1]
              RenderText {#text} at (2,2) size 22x16
                text run at (2,2) width 22: "foo"
          LayoutTableRow {TR} at (0,24) size 40x20
            LayoutTableCell {TD} at (2,24) size 36x20 [border: (1px inset #000000)] [r=1 c=0 rs=1 cs=1]
              RenderText {#text} at (2,2) size 21x16
                text run at (2,2) width 21: "bar"
      RenderBlock (anonymous) at (0,228) size 784x16
        RenderBR {BR} at (0,0) size 0x16
      LayoutTable {TABLE} at (0,244) size 100x106 [bgcolor=#0000FF] [border: (20px solid #000000)]
        LayoutTableSection {TBODY} at (30,30) size 40x46
          LayoutTableRow {TR} at (0,2) size 40x20
            LayoutTableCell {TD} at (2,2) size 36x20 [border: (1px inset #000000)] [r=0 c=0 rs=1 cs=1]
              RenderText {#text} at (2,2) size 22x16
                text run at (2,2) width 22: "foo"
          LayoutTableRow {TR} at (0,24) size 40x20
            LayoutTableCell {TD} at (2,24) size 36x20 [border: (1px inset #000000)] [r=1 c=0 rs=1 cs=1]
              RenderText {#text} at (2,2) size 21x16
                text run at (2,2) width 21: "bar"
