layer at (0,0) size 800x600
  LayoutView at (0,0) size 800x600
layer at (0,0) size 800x600
  LayoutBlockFlow {HTML} at (0,0) size 800x600
    LayoutBlockFlow {BODY} at (8,8) size 784x584
      LayoutBlockFlow {DIV} at (0,0) size 100x100 [color=#008000] [bgcolor=#FF0000]
        LayoutInline {SPAN} at (0,0) size 61x36
          LayoutText {#text} at (0,16) size 61x36
            text run at (0,16) width 61: "IJ"
        LayoutInline {SPAN} at (0,0) size 61x36
          LayoutText {#text} at (0,83) size 61x36
            text run at (0,83) width 61: "KL"
        LayoutText {#text} at (0,0) size 0x0
