layer at (0,0) size 800x600
  LayoutView at (0,0) size 800x600
layer at (0,0) size 800x600
  LayoutBlockFlow {HTML} at (0,0) size 800x600
    LayoutBlockFlow {BODY} at (8,8) size 784x584
      LayoutBlockFlow {P} at (0,0) size 784x54
        LayoutText {#text} at (0,0) size 764x54
          text run at (0,0) width 507: "This page ensures that WebKit can render unicode variation selector correctly. "
          text run at (506,0) width 258: "On platforms which support UVSes, the"
          text run at (0,18) width 686: "glyphs of U+845B should be different. On platforms which don't support UVSes, they should be identical. "
          text run at (685,18) width 74: "In addition,"
          text run at (0,36) width 619: "any glyphs (including the last resort glyph) should not appear after the U+845B on all platforms."
      LayoutBlockFlow {DIV} at (0,70) size 784x24
        LayoutText {#text} at (0,4) size 291x18
          text run at (0,4) width 291: "Glyph for code point U+845B without UVS: "
        LayoutInline {SPAN} at (0,0) size 17x18
          LayoutText {#text} at (290,4) size 17x18
            text run at (290,4) width 17: "\x{845B}"
        LayoutText {#text} at (0,0) size 0x0
      LayoutBlockFlow {DIV} at (0,94) size 784x24
        LayoutText {#text} at (0,4) size 270x18
          text run at (0,4) width 270: "Glyph for code point U+845B with UVS: "
        LayoutInline {SPAN} at (0,0) size 29x18
          LayoutText {#text} at (269,4) size 29x18
            text run at (269,4) width 29: "\x{845B}\x{DB40}\x{DD00}"
        LayoutText {#text} at (0,0) size 0x0
