layer at (0,0) size 800x600
  RenderView at (0,0) size 800x600
layer at (0,0) size 800x600
  RenderBlock {HTML} at (0,0) size 800x600
    RenderBody {BODY} at (8,8) size 784x584 [color=#FFFFFF]
      LayoutTable {TABLE} at (0,0) size 400x28
        LayoutTableSection {TBODY} at (0,0) size 400x28
          LayoutTableRow {TR} at (0,2) size 400x24
            LayoutTableCell {TD} at (2,2) size 396x24 [color=#800080] [bgcolor=#008000] [r=0 c=0 rs=1 cs=1]
              LayoutTable {TABLE} at (1,1) size 351x22 [color=#FFFFFF]
                LayoutTableSection {TBODY} at (0,0) size 351x22
                  LayoutTableRow {TR} at (0,2) size 351x18
                    LayoutTableCell {TD} at (2,2) size 347x18 [r=0 c=0 rs=1 cs=1]
                      RenderText {#text} at (1,1) size 345x16
                        text run at (1,1) width 345: "This text should be white, since we're in quirks mode."
