layer at (0,0) size 800x600
  RenderView at (0,0) size 800x600
layer at (0,0) size 800x148
  RenderBlock {HTML} at (0,0) size 800x148
    RenderBody {BODY} at (8,16) size 784x116
      LayoutTable {TABLE} at (16,0) size 88x56 [border: (3px solid #FF0000)]
        LayoutTableSection {TBODY} at (3,3) size 82x50
          LayoutTableRow {TR} at (0,2) size 82x46
            LayoutTableCell {TD} at (2,2) size 78x46 [r=0 c=0 rs=1 cs=1]
              LayoutTable {TABLE} at (1,1) size 74x22 [color=#FFFFFF] [bgcolor=#800080]
                LayoutTableSection {TBODY} at (0,0) size 74x22
                  LayoutTableRow {TR} at (0,2) size 74x18
                    LayoutTableCell {TD} at (2,2) size 70x18 [r=0 c=0 rs=1 cs=1]
                      RenderText {#text} at (1,1) size 68x16
                        text run at (1,1) width 68: "Table One"
              LayoutTable {TABLE} at (1,23) size 76x22 [color=#FFFFFF] [bgcolor=#800080]
                LayoutTableSection {TBODY} at (0,0) size 76x22
                  LayoutTableRow {TR} at (0,2) size 76x18
                    LayoutTableCell {TD} at (2,2) size 72x18 [r=0 c=0 rs=1 cs=1]
                      RenderText {#text} at (1,1) size 70x16
                        text run at (1,1) width 70: "Table Two"
      LayoutTable {TABLE} at (16,72) size 70x44 [border: (3px solid #FF0000)]
        LayoutTableSection {TBODY} at (3,3) size 64x38
          LayoutTableRow {TR} at (0,2) size 64x34
            LayoutTableCell {TD} at (2,2) size 60x34 [r=0 c=0 rs=1 cs=1]
              RenderBlock {DIV} at (1,1) size 58x16 [color=#FFFFFF] [bgcolor=#800080]
                RenderText {#text} at (0,0) size 55x16
                  text run at (0,0) width 55: "Div One"
              RenderBlock {DIV} at (1,17) size 58x16 [color=#FFFFFF] [bgcolor=#800080]
                RenderText {#text} at (0,0) size 58x16
                  text run at (0,0) width 58: "Div Two"
