layer at (0,0) size 800x600
  RenderView at (0,0) size 800x600
layer at (0,0) size 800x600
  RenderBlock {HTML} at (0,0) size 800x600
    RenderBody {BODY} at (8,8) size 784x584
      LayoutTable {TABLE} at (0,0) size 784x22
        LayoutTableSection {TBODY} at (0,0) size 784x22
          LayoutTableRow {TR} at (0,2) size 784x18
            LayoutTableCell {TD} at (2,2) size 62x18 [r=0 c=0 rs=1 cs=1]
            LayoutTableCell {TD} at (66,10) size 716x2 [r=0 c=1 rs=1 cs=1]
      RenderBlock {DIV} at (0,22) size 784x0
layer at (11,11) size 60x16
  RenderBlock {DIV} at (1,1) size 60x16
    RenderText {#text} at (0,0) size 56x16
      text run at (0,0) width 56: "Success!"
