layer at (0,0) size 800x600
  RenderView at (0,0) size 800x600
layer at (0,0) size 800x600
  RenderBlock {HTML} at (0,0) size 800x600
    RenderBody {BODY} at (8,8) size 784x584
      LayoutTable {TABLE} at (0,0) size 500x48 [border: (1px outset #808080)]
        LayoutTableSection {TBODY} at (1,1) size 498x46
          LayoutTableRow {TR} at (0,2) size 498x20
            LayoutTableCell {TD} at (2,2) size 246x20 [border: (1px inset #808080)] [r=0 c=0 rs=1 cs=1]
              RenderText {#text} at (2,2) size 48x16
                text run at (2,2) width 48: "cell 1,1"
            LayoutTableCell {TD} at (250,2) size 246x20 [border: (1px inset #808080)] [r=0 c=1 rs=1 cs=1]
              RenderText {#text} at (2,2) size 48x16
                text run at (2,2) width 48: "cell 1,2"
          LayoutTableRow {TR} at (0,24) size 498x20
            LayoutTableCell {TD} at (2,24) size 246x20 [border: (1px inset #808080)] [r=1 c=0 rs=1 cs=1]
              RenderText {#text} at (2,2) size 48x16
                text run at (2,2) width 48: "cell 2,1"
            LayoutTableCell {TD} at (250,24) size 246x20 [border: (1px inset #808080)] [r=1 c=1 rs=1 cs=1]
              RenderText {#text} at (2,2) size 48x16
                text run at (2,2) width 48: "cell 2,2"
