layer at (0,0) size 800x600
  RenderView at (0,0) size 800x600
layer at (0,0) size 800x600
  RenderBlock {HTML} at (0,0) size 800x600
    RenderBody {BODY} at (8,8) size 784x584
      LayoutTable {TABLE} at (0,0) size 784x32 [bgcolor=#FF0000]
        LayoutTableSection {TBODY} at (0,0) size 784x32
          LayoutTableRow {TR} at (0,2) size 784x2
            LayoutTableCell {TD} at (2,2) size 780x2 [r=0 c=0 rs=1 cs=1]
          LayoutTableRow {TR} at (0,6) size 784x24
            LayoutTableCell {TD} at (2,6) size 780x24 [r=1 c=0 rs=1 cs=1]
              LayoutTable {TABLE} at (1,1) size 778x22 [bgcolor=#008000]
                LayoutTableSection {TBODY} at (0,0) size 778x22
                  LayoutTableRow {TR} at (0,2) size 778x18
                    LayoutTableCell {TD} at (2,2) size 774x18 [r=0 c=0 rs=1 cs=1]
                      RenderText {#text} at (1,1) size 51x16
                        text run at (1,1) width 51: "Content"
