layer at (0,0) size 800x600
  RenderView at (0,0) size 800x600
layer at (0,0) size 800x600
  RenderBlock {HTML} at (0,0) size 800x600
    RenderBody {BODY} at (8,8) size 784x584
      LayoutTable {TABLE} at (0,0) size 784x56 [bgcolor=#FF0000]
        LayoutTableSection {TBODY} at (0,0) size 784x56
          LayoutTableRow {TR} at (0,2) size 784x52
            LayoutTableCell {TD} at (2,2) size 780x52 [r=0 c=0 rs=1 cs=1]
              RenderBlock {DIV} at (1,1) size 778x50
                RenderBlock (anonymous) at (0,0) size 778x16
                  RenderText {#text} at (0,0) size 24x16
                    text run at (0,0) width 24: "boo"
                LayoutTable {TABLE} at (0,16) size 100x34 [bgcolor=#800080]
                  LayoutTableSection {TBODY} at (0,0) size 100x34
                    LayoutTableRow {TR} at (0,2) size 100x30
                      LayoutTableCell {TD} at (2,2) size 96x30 [r=0 c=0 rs=1 cs=1]
                        LayoutTable {TABLE} at (1,1) size 94x28 [bgcolor=#0000FF]
                          LayoutTableSection {TBODY} at (0,0) size 94x28
                            LayoutTableRow {TR} at (0,2) size 94x24
                              LayoutTableCell {TD} at (2,2) size 90x24 [r=0 c=0 rs=1 cs=1]
                                LayoutTable {TABLE} at (1,1) size 88x22 [bgcolor=#008000]
                                  LayoutTableSection {TBODY} at (0,0) size 88x22
                                    LayoutTableRow {TR} at (0,2) size 88x18
                                      LayoutTableCell {TD} at (2,2) size 84x18 [r=0 c=0 rs=1 cs=1]
                                        RenderText {#text} at (1,1) size 51x16
                                          text run at (1,1) width 51: "Content"
