layer at (0,0) size 800x600
  RenderView at (0,0) size 800x600
layer at (0,0) size 800x600
  RenderBlock {HTML} at (0,0) size 800x600
    RenderBody {BODY} at (8,8) size 784x584
      RenderBlock (anonymous) at (0,0) size 784x16
        RenderText {#text} at (0,0) size 4x16
          text run at (0,0) width 4: " "
      LayoutTable {TABLE} at (0,16) size 392x58 [border: (1px outset #808080)]
        LayoutTableSection {TBODY} at (1,1) size 390x56
          LayoutTableRow {TR} at (0,2) size 390x52
            LayoutTableCell {TD} at (2,2) size 268x52 [border: (1px inset #808080)] [r=0 c=0 rs=1 cs=1]
              LayoutTable {TABLE} at (2,2) size 80x48 [border: (1px outset #808080)]
                LayoutTableSection {TBODY} at (1,1) size 78x46
                  LayoutTableRow {TR} at (0,2) size 78x20
                    LayoutTableCell {TD} at (2,2) size 36x20 [border: (1px inset #808080)] [r=0 c=0 rs=1 cs=1]
                      RenderText {#text} at (2,2) size 32x16
                        text run at (2,2) width 32: "hello"
                    LayoutTableCell {TD} at (40,2) size 36x20 [border: (1px inset #808080)] [r=0 c=1 rs=1 cs=1]
                      RenderText {#text} at (2,2) size 32x16
                        text run at (2,2) width 32: "hello"
                  LayoutTableRow {TR} at (0,24) size 78x20
                    LayoutTableCell {TD} at (2,24) size 36x20 [border: (1px inset #808080)] [r=1 c=0 rs=1 cs=1]
                      RenderText {#text} at (2,2) size 32x16
                        text run at (2,2) width 32: "hello"
                    LayoutTableCell {TD} at (40,24) size 36x20 [border: (1px inset #808080)] [r=1 c=1 rs=1 cs=1]
                      RenderText {#text} at (2,2) size 32x16
                        text run at (2,2) width 32: "hello"
            LayoutTableCell {TD} at (272,18) size 116x20 [border: (1px inset #808080)] [r=0 c=1 rs=1 cs=1]
              RenderText {#text} at (2,2) size 32x16
                text run at (2,2) width 32: "hello"
