layer at (0,0) size 800x600
  RenderView at (0,0) size 800x600
layer at (0,0) size 800x332
  RenderBlock {HTML} at (0,0) size 800x332
    RenderBody {BODY} at (8,8) size 784x316
      RenderBlock (anonymous) at (0,0) size 784x16
        RenderText {#text} at (0,0) size 320x16
          text run at (0,0) width 320: "There should be a ~2px shadow around the circle."
      RenderBlock {DIV} at (0,16) size 300x300
