layer at (0,0) size 800x600
  RenderView at (0,0) size 800x600
layer at (0,0) size 800x600
  RenderBlock {HTML} at (0,0) size 800x600
    RenderBody {BODY} at (8,8) size 784x584
      RenderBlock (anonymous) at (0,0) size 784x16
        RenderText {#text} at (0,0) size 218x16
          text run at (0,0) width 218: "The 2 tables should look the same"
      LayoutTable {TABLE} at (0,16) size 124x70 [bgcolor=#FFA500] [border: (1px outset #808080)]
        LayoutTableSection {TBODY} at (1,1) size 122x68
          LayoutTableRow {TR} at (0,2) size 122x20
            LayoutTableCell {TD} at (2,2) size 28x20 [border: (1px inset #808080)] [r=0 c=0 rs=1 cs=1]
              RenderText {#text} at (2,2) size 24x16
                text run at (2,2) width 24: "c11"
            LayoutTableCell {TD} at (32,2) size 28x20 [border: (1px inset #808080)] [r=0 c=1 rs=1 cs=1]
              RenderText {#text} at (2,2) size 24x16
                text run at (2,2) width 24: "c12"
            LayoutTableCell {TD} at (62,2) size 28x20 [border: (1px inset #808080)] [r=0 c=2 rs=1 cs=1]
              RenderText {#text} at (2,2) size 24x16
                text run at (2,2) width 24: "c12"
          LayoutTableRow {TR} at (0,24) size 122x20
            LayoutTableCell {TD} at (2,24) size 28x20 [border: (1px inset #808080)] [r=1 c=0 rs=1 cs=1]
              RenderText {#text} at (2,2) size 24x16
                text run at (2,2) width 24: "c21"
            LayoutTableCell {TD} at (32,24) size 28x20 [border: (1px inset #808080)] [r=1 c=1 rs=1 cs=1]
              RenderText {#text} at (2,2) size 20x16
                text run at (2,2) width 20: "X1"
            LayoutTableCell {TD} at (62,35) size 28x20 [border: (1px inset #808080)] [r=1 c=2 rs=2 cs=1]
              RenderText {#text} at (2,2) size 24x16
                text run at (2,2) width 24: "c22"
            LayoutTableCell {TD} at (92,24) size 28x20 [border: (1px inset #808080)] [r=1 c=3 rs=1 cs=1]
              RenderText {#text} at (2,2) size 24x16
                text run at (2,2) width 24: "c22"
          LayoutTableRow {TR} at (0,46) size 122x20
            LayoutTableCell {TD} at (2,46) size 28x20 [border: (1px inset #808080)] [r=2 c=0 rs=1 cs=1]
              RenderText {#text} at (2,2) size 24x16
                text run at (2,2) width 24: "c31"
            LayoutTableCell {TD} at (32,46) size 28x20 [border: (1px inset #808080)] [r=2 c=1 rs=1 cs=1]
              RenderText {#text} at (2,2) size 24x16
                text run at (2,2) width 24: "c32"
      RenderBlock (anonymous) at (0,86) size 784x16
        RenderBR {BR} at (0,0) size 0x16
      LayoutTable {TABLE} at (0,102) size 124x70 [bgcolor=#FFA500] [border: (1px outset #808080)]
        LayoutTableSection {TBODY} at (1,1) size 122x68
          LayoutTableRow {TR} at (0,2) size 122x20
            LayoutTableCell {TD} at (2,2) size 28x20 [border: (1px inset #808080)] [r=0 c=0 rs=1 cs=1]
              RenderText {#text} at (2,2) size 24x16
                text run at (2,2) width 24: "c11"
            LayoutTableCell {TD} at (32,2) size 28x20 [border: (1px inset #808080)] [r=0 c=1 rs=1 cs=1]
              RenderText {#text} at (2,2) size 24x16
                text run at (2,2) width 24: "c12"
            LayoutTableCell {TD} at (62,2) size 28x20 [border: (1px inset #808080)] [r=0 c=2 rs=1 cs=1]
              RenderText {#text} at (2,2) size 24x16
                text run at (2,2) width 24: "c12"
          LayoutTableRow {TR} at (0,24) size 122x20
            LayoutTableCell {TD} at (2,24) size 28x20 [border: (1px inset #808080)] [r=1 c=0 rs=1 cs=1]
              RenderText {#text} at (2,2) size 24x16
                text run at (2,2) width 24: "c21"
            LayoutTableCell {TD} at (32,24) size 28x20 [border: (1px inset #808080)] [r=1 c=1 rs=1 cs=1]
              RenderText {#text} at (2,2) size 20x16
                text run at (2,2) width 20: "X1"
            LayoutTableCell {TD} at (62,35) size 28x20 [border: (1px inset #808080)] [r=1 c=2 rs=2 cs=1]
              RenderText {#text} at (2,2) size 24x16
                text run at (2,2) width 24: "c22"
            LayoutTableCell {TD} at (92,24) size 28x20 [border: (1px inset #808080)] [r=1 c=3 rs=1 cs=1]
              RenderText {#text} at (2,2) size 24x16
                text run at (2,2) width 24: "c22"
          LayoutTableRow {TR} at (0,46) size 122x20
            LayoutTableCell {TD} at (2,46) size 28x20 [border: (1px inset #808080)] [r=2 c=0 rs=1 cs=1]
              RenderText {#text} at (2,2) size 24x16
                text run at (2,2) width 24: "c31"
            LayoutTableCell {TD} at (32,46) size 28x20 [border: (1px inset #808080)] [r=2 c=1 rs=1 cs=1]
              RenderText {#text} at (2,2) size 24x16
                text run at (2,2) width 24: "c32"
