layer at (0,0) size 800x600
  RenderView at (0,0) size 800x600
layer at (0,0) size 800x600
  RenderBlock {HTML} at (0,0) size 800x600
    RenderBody {BODY} at (8,8) size 784x584
      LayoutTable {TABLE} at (0,0) size 342x22
        LayoutTableSection {TBODY} at (0,0) size 342x22
          LayoutTableRow {TR} at (0,2) size 342x2
            LayoutTableCell {TD} at (2,2) size 129x2 [r=0 c=0 rs=1 cs=1]
            LayoutTableCell {TD} at (133,2) size 207x2 [r=0 c=1 rs=1 cs=1]
          LayoutTableRow {TR} at (0,6) size 342x14
            LayoutTableCell {TD} at (2,6) size 129x14 [r=1 c=0 rs=1 cs=1]
              RenderText {#text} at (1,1) size 127x12
                text run at (1,1) width 127: "[this should not overlap]"
            LayoutTableCell {TD} at (133,6) size 207x14 [r=1 c=1 rs=1 cs=1]
              RenderText {#text} at (1,1) size 205x12
                text run at (1,1) width 205: "[with this, since the table is auto width]"
      LayoutTable {TABLE} at (0,22) size 600x22
        LayoutTableSection {TBODY} at (0,0) size 600x22
          LayoutTableRow {TR} at (0,2) size 600x2
            LayoutTableCell {TD} at (2,2) size 297x2 [r=0 c=0 rs=1 cs=1]
            LayoutTableCell {TD} at (301,2) size 297x2 [r=0 c=1 rs=1 cs=1]
          LayoutTableRow {TR} at (0,6) size 600x14
            LayoutTableCell {TD} at (2,6) size 297x14 [r=1 c=0 rs=1 cs=1]
              RenderText {#text} at (1,1) size 127x12
                text run at (1,1) width 127: "[this should not overlap]"
            LayoutTableCell {TD} at (301,6) size 297x14 [r=1 c=1 rs=1 cs=1]
              RenderText {#text} at (1,1) size 51x12
                text run at (1,1) width 51: "[with this]"
      LayoutTable {TABLE} at (0,44) size 600x18
        LayoutTableSection {TBODY} at (0,0) size 600x18
          LayoutTableRow {TR} at (0,0) size 600x4
            LayoutTableCell {TD} at (0,3) size 85x1 [r=0 c=0 rs=1 cs=1]
            LayoutTableCell {TD} at (85,3) size 85x1 [r=0 c=1 rs=1 cs=1]
            LayoutTableCell {TD} at (170,3) size 86x1 [r=0 c=2 rs=1 cs=1]
            LayoutTableCell {TD} at (256,3) size 86x1 [r=0 c=3 rs=1 cs=1]
            LayoutTableCell {TD} at (342,3) size 86x1 [r=0 c=4 rs=1 cs=1]
            LayoutTableCell {TD} at (428,3) size 86x1 [r=0 c=5 rs=1 cs=1]
          LayoutTableRow {TR} at (0,4) size 600x14
            LayoutTableCell {TD} at (0,17) size 85x1 [r=1 c=0 rs=1 cs=1]
            LayoutTableCell {TD} at (85,17) size 85x1 [r=1 c=1 rs=1 cs=1]
            LayoutTableCell {TD} at (170,17) size 86x1 [r=1 c=2 rs=1 cs=1]
            LayoutTableCell {TD} at (256,5) size 86x13 [r=1 c=3 rs=1 cs=1]
              RenderText {#text} at (1,1) size 63x12
                text run at (1,1) width 63: "[should not]"
            LayoutTableCell {TD} at (342,5) size 86x13 [r=1 c=4 rs=1 cs=1]
              RenderText {#text} at (1,1) size 51x12
                text run at (1,1) width 51: "[overlap]"
            LayoutTableCell {TD} at (428,5) size 86x13 [r=1 c=5 rs=1 cs=1]
              RenderText {#text} at (1,1) size 245x12
                text run at (1,1) width 245: "[at all, since width=0 is ignored]"
            LayoutTableCell {TD} at (514,17) size 86x1 [r=1 c=6 rs=1 cs=1]
