layer at (0,0) size 800x600
  RenderView at (0,0) size 800x600
layer at (0,0) size 800x600
  RenderBlock {HTML} at (0,0) size 800x600
    RenderBody {BODY} at (8,8) size 784x584
      LayoutTable {TABLE} at (712,0) size 72x28
        LayoutTableSection {TBODY} at (0,0) size 72x28
          LayoutTableRow {TR} at (0,2) size 72x24
            LayoutTableCell {TD} at (2,2) size 68x24 [r=0 c=0 rs=1 cs=1]
              RenderBlock (floating) {DIV} at (1,1) size 66x22
                LayoutTable {TABLE} at (0,0) size 66x22
                  LayoutTableSection {TBODY} at (0,0) size 66x22
                    LayoutTableRow {TR} at (0,2) size 66x18
                      LayoutTableCell {TD} at (2,2) size 10x18 [r=0 c=0 rs=1 cs=1]
                        RenderText {#text} at (1,1) size 8x16
                          text run at (1,1) width 8: "a"
                      LayoutTableCell {TD} at (14,2) size 38x18 [r=0 c=1 rs=1 cs=1]
                        RenderText {#text} at (1,1) size 36x16
                          text run at (1,1) width 36: "Hello"
                      LayoutTableCell {TD} at (54,2) size 10x18 [r=0 c=2 rs=1 cs=1]
                        RenderText {#text} at (1,1) size 8x16
                          text run at (1,1) width 8: "c"
