layer at (0,0) size 800x600
  RenderView at (0,0) size 800x600
layer at (0,0) size 800x203
  RenderBlock {HTML} at (0,0) size 800x203
    RenderBody {BODY} at (8,16) size 784x171
      LayoutTable {TABLE} at (16,0) size 56x86 [border: (3px solid #FF0000)]
        LayoutTableSection {TBODY} at (3,3) size 50x80
          LayoutTableRow {TR} at (0,2) size 46x80
            LayoutTableCell {TD} at (2,2) size 46x76 [r=0 c=0 rs=1 cs=1]
              LayoutTable {TABLE} at (1,1) size 22x72 [color=#FFFFFF] [bgcolor=#800080]
                LayoutTableSection {TBODY} at (0,0) size 22x72
                  LayoutTableRow {TR} at (0,2) size 18x72
                    LayoutTableCell {TD} at (2,2) size 18x68 [r=0 c=0 rs=1 cs=1]
                      RenderText {#text} at (1,1) size 16x66
                        text run at (1,1) width 66: "Table One"
              LayoutTable {TABLE} at (23,1) size 22x74 [color=#FFFFFF] [bgcolor=#800080]
                LayoutTableSection {TBODY} at (0,0) size 22x74
                  LayoutTableRow {TR} at (0,2) size 18x74
                    LayoutTableCell {TD} at (2,2) size 18x70 [r=0 c=0 rs=1 cs=1]
                      RenderText {#text} at (1,1) size 16x68
                        text run at (1,1) width 68: "Table Two"
      LayoutTable {TABLE} at (16,102) size 44x69 [border: (3px solid #FF0000)]
        LayoutTableSection {TBODY} at (3,3) size 38x63
          LayoutTableRow {TR} at (0,2) size 34x63
            LayoutTableCell {TD} at (2,2) size 34x59 [r=0 c=0 rs=1 cs=1]
              RenderBlock {DIV} at (1,1) size 16x57 [color=#FFFFFF] [bgcolor=#800080]
                RenderText {#text} at (0,0) size 16x55
                  text run at (0,0) width 55: "Div One"
              RenderBlock {DIV} at (17,1) size 16x57 [color=#FFFFFF] [bgcolor=#800080]
                RenderText {#text} at (0,0) size 16x56
                  text run at (0,0) width 56: "Div Two"
