layer at (0,0) size 800x600
  RenderView at (0,0) size 800x600
layer at (0,0) size 800x600
  RenderBlock {HTML} at (0,0) size 800x600
    RenderBody {BODY} at (8,8) size 784x584
      LayoutTable {TABLE} at (0,0) size 627x18 [bgcolor=#FF0000]
        LayoutTableSection {TBODY} at (0,0) size 627x18
          LayoutTableRow {TR} at (0,0) size 627x18
            LayoutTableCell {TD} at (0,0) size 627x18 [bgcolor=#008000] [r=0 c=0 rs=1 cs=1]
              RenderText {#text} at (1,1) size 268x16
                text run at (1,1) width 268: "This line should have a green background"
