CONSOLE WARNING: The 'hspace' attribute on table is deprecated. Please use CSS margin-left and margin-right property instead.
layer at (0,0) size 800x600
  LayoutView at (0,0) size 800x600
layer at (0,0) size 800x600
  LayoutBlockFlow {HTML} at (0,0) size 800x600
    LayoutBlockFlow {BODY} at (8,8) size 784x584
      LayoutTable {TABLE} at (153,0) size 478x30 [border: (2px outset #808080)]
        LayoutTableSection {TBODY} at (2,2) size 474x26
          LayoutTableRow {TR} at (0,2) size 474x22
            LayoutTableCell {TD} at (2,2) size 470x22 [border: (1px inset #808080)] [r=0 c=0 rs=1 cs=1]
              LayoutText {#text} at (2,2) size 466x18
                text run at (2,2) width 466: "The hspace attribute should be ignored and this table should be centered."
