layer at (0,0) size 800x600 clip at (0,0) size 785x600 scrollY 600.00 scrollHeight 1200
  LayoutView at (0,0) size 800x600
    LayoutMultiColumnSet (anonymous) at (0,0) size 785x600
layer at (0,-322) size 785x922 backgroundClip at (0,0) size 785x600 clip at (0,0) size 785x600 outlineClip at (0,0) size 785x600
  LayoutPagedFlowThread (anonymous) at (0,0) size 785x922
layer at (0,-322) size 785x922 backgroundClip at (0,0) size 785x600 clip at (0,0) size 785x600 outlineClip at (0,0) size 785x600
  LayoutBlockFlow {HTML} at (0,0) size 785x922
    LayoutBlockFlow {BODY} at (8,8) size 769x906
      LayoutBlockFlow {DIV} at (0,0) size 769x906 [border: (3px solid #000000)]
        LayoutBR {BR} at (3,3) size 0x50
        LayoutBR {BR} at (3,53) size 0x50
        LayoutBR {BR} at (3,103) size 0x50
        LayoutBR {BR} at (3,153) size 0x50
        LayoutBR {BR} at (3,203) size 0x50
        LayoutBR {BR} at (3,253) size 0x50
        LayoutBR {BR} at (3,303) size 0x50
        LayoutBR {BR} at (3,353) size 0x50
        LayoutBR {BR} at (3,403) size 0x50
        LayoutBR {BR} at (3,453) size 0x50
        LayoutText {#text} at (3,503) size 250x50
          text run at (3,503) width 250: "Lorem"
        LayoutBR {BR} at (253,513) size 0x0
        LayoutInline {SPAN} at (0,0) size 250x50 [color=#FF0000]
          LayoutText {#text} at (3,592) size 250x50
            text run at (3,592) width 250: "ipsum"
          LayoutBR {BR} at (253,602) size 0x0
