layer at (0,0) size 800x600
  LayoutView at (0,0) size 800x600
layer at (0,0) size 800x94
  LayoutBlockFlow {HTML} at (0,0) size 800x94.44 [bgcolor=#666666]
    LayoutBlockFlow {BODY} at (8,18.72) size 784x59.72
      LayoutBlockFlow {H3} at (0,0) size 784x21
        LayoutText {#text} at (0,0) size 433x20
          text run at (0,0) width 433: "Test of unqualifed :hover selector in strict parsing mode"
      LayoutBlockFlow {P} at (0,39.72) size 784x20
        LayoutText {#text} at (0,0) size 655x19
          text run at (0,0) width 655: "Moving the mouse anywhere over the document should result in the background color being changed to grey."
