layer at (0,0) size 800x600
  LayoutView at (0,0) size 800x600
layer at (0,0) size 800x600
  LayoutBlockFlow {HTML} at (0,0) size 800x600
    LayoutBlockFlow {BODY} at (8,8) size 784x576
      LayoutBlockFlow {H3} at (0,0) size 784x21
        LayoutText {#text} at (0,0) size 443x20
          text run at (0,0) width 443: "Test of unqualifed :hover selector in quirks parsing mode"
      LayoutBlockFlow {P} at (0,39.72) size 784x20
        LayoutText {#text} at (0,0) size 586x19
          text run at (0,0) width 586: "Moving the mouse anywhere over the document should result no change to the background color."
