layer at (0,0) size 784x584
  LayoutView at (0,0) size 784x584
layer at (0,0) size 784x584
  LayoutBlockFlow {HTML} at (0,0) size 784x584
    LayoutBlockFlow {BODY} at (8,8) size 768x568
      LayoutBlockFlow {DIV} at (0,0) size 768x30 [bgcolor=#000000]
      LayoutBlockFlow {DIV} at (0,30) size 768x20
        LayoutText {#text} at (0,0) size 140x19
          text run at (0,0) width 140: "This test requires DRT."
