layer at (0,0) size 800x600
  LayoutView at (0,0) size 800x600
layer at (0,0) size 800x131
  LayoutBlockFlow {HTML} at (0,0) size 800x131
    LayoutBlockFlow {BODY} at (8,8) size 784x115
      LayoutBlockFlow {DIV} at (0,0) size 784x115
        LayoutTable (anonymous) at (0,0) size 207x115
          LayoutTableSection (anonymous) at (0,0) size 207x115
            LayoutTableRow {DIV} at (0,0) size 207x115
              LayoutTableCell (anonymous) at (0,0) size 73x115 [r=0 c=0 rs=1 cs=1]
                LayoutInline {<pseudo:before>} at (0,0) size 73x111 [color=#0000FF]
                  LayoutTextFragment (anonymous) at (0,2) size 73x111
                    text run at (0,2) width 73: "A"
              LayoutTableCell {DIV} at (73,0) size 67x115 [color=#008000] [r=0 c=1 rs=1 cs=1]
                LayoutText {#text} at (0,2) size 67x111
                  text run at (0,2) width 67: "B"
              LayoutTableCell (anonymous) at (140,0) size 67x115 [r=0 c=2 rs=1 cs=1]
                LayoutInline {<pseudo:after>} at (0,0) size 67x111 [color=#FFA500]
                  LayoutTextFragment (anonymous) at (0,2) size 67x111
                    text run at (0,2) width 67: "C"
