layer at (0,0) size 800x600
  RenderView at (0,0) size 800x600
layer at (0,0) size 800x600
  RenderBlock {HTML} at (0,0) size 800x600
    RenderBody {BODY} at (8,8) size 784x576
      RenderBlock {P} at (0,0) size 784x20
        RenderText {#text} at (0,0) size 371x19
          text run at (0,0) width 371: "Tests list item numbering when there are anonymous list items."
      RenderBlock {OL} at (0,36) size 784x20
        LayoutListItem {<pseudo:after>} at (40,0) size 744x20
          LayoutListMarker at (-21,0) size 16x19: "1"
          RenderTextFragment at (0,0) size 33x19
            text run at (0,0) width 33: "ONE"
      RenderBlock {OL} at (0,72) size 784x40
        LayoutListItem {LI} at (40,0) size 744x20
          LayoutListMarker at (-21,0) size 16x19: "1"
          RenderText {#text} at (0,0) size 22x19
            text run at (0,0) width 22: "one"
        LayoutListItem {<pseudo:after>} at (40,20) size 744x20
          LayoutListMarker at (-21,0) size 16x19: "2"
          RenderTextFragment at (0,0) size 36x19
            text run at (0,0) width 36: "TWO"
      RenderBlock {OL} at (0,128) size 784x20
        LayoutListItem {<pseudo:before>} at (40,0) size 744x20
          LayoutListMarker at (-21,0) size 16x19: "1"
          RenderTextFragment at (0,0) size 33x19
            text run at (0,0) width 33: "ONE"
      RenderBlock {OL} at (0,164) size 784x40
        LayoutListItem {<pseudo:before>} at (40,0) size 744x20
          LayoutListMarker at (-21,0) size 16x19: "1"
          RenderTextFragment at (0,0) size 33x19
            text run at (0,0) width 33: "ONE"
        LayoutListItem {LI} at (40,20) size 744x20
          LayoutListMarker at (-21,0) size 16x19: "2"
          RenderText {#text} at (0,0) size 23x19
            text run at (0,0) width 23: "two"
      RenderBlock {OL} at (0,220) size 784x80
        LayoutListItem {LI} at (40,0) size 744x20
          LayoutListMarker at (-21,0) size 16x19: "1"
          RenderText {#text} at (0,0) size 22x19
            text run at (0,0) width 22: "one"
        RenderBlock {DIV} at (40,20) size 744x40
          RenderBlock (anonymous) at (0,0) size 744x20
            RenderText {#text} at (0,0) size 18x19
              text run at (0,0) width 18: "div"
          LayoutListItem {<pseudo:after>} at (0,20) size 744x20
            LayoutListMarker at (-21,0) size 16x19: "2"
            RenderTextFragment at (0,0) size 36x19
              text run at (0,0) width 36: "TWO"
        LayoutListItem {LI} at (40,60) size 744x20
          LayoutListMarker at (-21,0) size 16x19: "3"
          RenderText {#text} at (0,0) size 30x19
            text run at (0,0) width 30: "three"
      RenderBlock {OL} at (0,316) size 784x80
        LayoutListItem {LI} at (40,0) size 744x20
          LayoutListMarker at (-21,0) size 16x19: "1"
          RenderText {#text} at (0,0) size 22x19
            text run at (0,0) width 22: "one"
        RenderBlock {DIV} at (40,20) size 744x40
          LayoutListItem {<pseudo:before>} at (0,0) size 744x20
            LayoutListMarker at (-21,0) size 16x19: "2"
            RenderTextFragment at (0,0) size 36x19
              text run at (0,0) width 36: "TWO"
          RenderBlock (anonymous) at (0,20) size 744x20
            RenderText {#text} at (0,0) size 18x19
              text run at (0,0) width 18: "div"
        LayoutListItem {LI} at (40,60) size 744x20
          LayoutListMarker at (-21,0) size 16x19: "3"
          RenderText {#text} at (0,0) size 30x19
            text run at (0,0) width 30: "three"
