layer at (0,0) size 800x600
  LayoutView at (0,0) size 800x600
layer at (0,0) size 800x600
  LayoutBlockFlow {HTML} at (0,0) size 800x600
    LayoutBlockFlow {BODY} at (8,8) size 784x573.28
      LayoutBlockFlow (anonymous) at (0,0) size 784x20
        LayoutText {#text} at (0,0) size 540x19
          text run at (0,0) width 540: "In this sample, the H3s should be nested. This matches Firefox, IE, and the HTML5 spec."
      LayoutBlockFlow {H3} at (0,38.72) size 784x298.97 [border: (2px solid #FF0000)]
        LayoutBlockFlow (anonymous) at (4,4) size 776x22
          LayoutInline {I} at (0,0) size 31x21
            LayoutText {#text} at (0,0) size 31x21
              text run at (0,0) width 31: "One"
        LayoutBlockFlow (anonymous) at (4,47.89) size 776x225.19
          LayoutBlockFlow {H3} at (0,0) size 776x225.19 [border: (2px solid #FF0000)]
            LayoutBlockFlow (anonymous) at (4,4) size 768x25
              LayoutInline {I} at (0,0) size 37x24
                LayoutText {#text} at (0,0) size 37x24
                  text run at (0,0) width 37: "Two"
            LayoutBlockFlow (anonymous) at (4,54.63) size 768x140.94
              LayoutBlockFlow {H3} at (0,0) size 768x140.94 [border: (2px solid #FF0000)]
                LayoutBlockFlow (anonymous) at (4,4) size 760x31
                  LayoutInline {I} at (0,0) size 61x30
                    LayoutText {#text} at (0,0) size 61x30
                      text run at (0,0) width 61: "Three"
                LayoutBlockFlow (anonymous) at (4,64.97) size 760x42
                  LayoutBlockFlow {H3} at (0,0) size 760x42 [border: (2px solid #FF0000)]
                    LayoutInline {I} at (0,0) size 61x33
                      LayoutText {#text} at (4,4) size 61x33
                        text run at (4,4) width 61: "Four"
                LayoutBlockFlow (anonymous) at (4,136.94) size 760x0
                  LayoutInline {I} at (0,0) size 0x0
            LayoutBlockFlow (anonymous) at (4,221.19) size 768x0
              LayoutInline {I} at (0,0) size 0x0
        LayoutBlockFlow (anonymous) at (4,294.97) size 776x0
          LayoutInline {I} at (0,0) size 0x0
