layer at (0,0) size 800x600 clip at (0,0) size 785x600 scrollHeight 3439
  LayoutView at (0,0) size 800x600
layer at (0,0) size 785x3439 backgroundClip at (0,0) size 785x600 clip at (0,0) size 785x600 outlineClip at (0,0) size 785x600
  LayoutBlockFlow {HTML} at (0,0) size 785x3438.88
    LayoutBlockFlow {BODY} at (8,16) size 769x3406.88
layer at (8,16) size 760x402
  LayoutBlockFlow {DIV} at (0,0) size 760x401.81 [border: (5px solid #800000)]
    LayoutMultiColumnSpannerPlaceholder (anonymous) at (5,24.91) size 0x28
    LayoutMultiColumnSet (anonymous) at (5,72.81) size 750x324
layer at (13,21) size 367x630 backgroundClip at (0,0) size 785x600 clip at (0,0) size 785x600 outlineClip at (0,0) size 785x600
  LayoutMultiColumnFlowThread (anonymous) at (5,5) size 367x630
    LayoutBlockFlow {H2} at (5,24.91) size 750x28 [bgcolor=#EEEEEE]
      LayoutText {#text} at (0,0) size 666x28
        text run at (0,0) width 666: "This is a spanning element at the beginning of the columns block."
    LayoutBlockFlow (anonymous) at (0,0) size 367x630
      LayoutText {#text} at (0,0) size 367x630
        text run at (0,0) width 364: "Lorem ipsum dolor sit amet, consectetuer adipiscing elit."
        text run at (0,18) width 362: "Nulla varius enim ac mi. Curabitur sollicitudin felis quis"
        text run at (0,36) width 332: "lectus. Quisque adipiscing rhoncus sem. Proin nulla"
        text run at (0,54) width 367: "purus, vulputate vel, varius ut, euismod et, nisi. Sed vitae"
        text run at (0,72) width 354: "felis vel orci sagittis aliquam. Cras convallis adipiscing"
        text run at (0,90) width 347: "sem. Nam nonummy enim. Nullam bibendum lobortis"
        text run at (0,108) width 353: "neque. Vestibulum velit orci, tempus euismod, pretium"
        text run at (0,126) width 353: "quis, interdum vitae, nulla. Phasellus eget ante et tortor"
        text run at (0,144) width 351: "condimentum vestibulum. Suspendisse hendrerit quam"
        text run at (0,162) width 333: "nec felis. Sed varius turpis vitae pede. Lorem ipsum"
        text run at (0,180) width 279: "dolor sit amet, consectetuer adipiscing elit. "
        text run at (278,180) width 86: "Lorem ipsum"
        text run at (0,198) width 357: "dolor sit amet, consectetuer adipiscing elit. Nulla varius"
        text run at (0,216) width 324: "enim ac mi. Curabitur sollicitudin felis quis lectus."
        text run at (0,234) width 330: "Quisque adipiscing rhoncus sem. Proin nulla purus,"
        text run at (0,252) width 355: "vulputate vel, varius ut, euismod et, nisi. Sed vitae felis"
        text run at (0,270) width 356: "vel orci sagittis aliquam. Cras convallis adipiscing sem."
        text run at (0,288) width 360: "Nam nonummy enim. Nullam bibendum lobortis neque."
        text run at (0,306) width 341: "Vestibulum velit orci, tempus euismod, pretium quis,"
        text run at (0,324) width 318: "interdum vitae, nulla. Phasellus eget ante et tortor"
        text run at (0,342) width 351: "condimentum vestibulum. Suspendisse hendrerit quam"
        text run at (0,360) width 333: "nec felis. Sed varius turpis vitae pede. Lorem ipsum"
        text run at (0,378) width 279: "dolor sit amet, consectetuer adipiscing elit. "
        text run at (278,378) width 86: "Lorem ipsum"
        text run at (0,396) width 357: "dolor sit amet, consectetuer adipiscing elit. Nulla varius"
        text run at (0,414) width 324: "enim ac mi. Curabitur sollicitudin felis quis lectus."
        text run at (0,432) width 330: "Quisque adipiscing rhoncus sem. Proin nulla purus,"
        text run at (0,450) width 355: "vulputate vel, varius ut, euismod et, nisi. Sed vitae felis"
        text run at (0,468) width 356: "vel orci sagittis aliquam. Cras convallis adipiscing sem."
        text run at (0,486) width 360: "Nam nonummy enim. Nullam bibendum lobortis neque."
        text run at (0,504) width 341: "Vestibulum velit orci, tempus euismod, pretium quis,"
        text run at (0,522) width 318: "interdum vitae, nulla. Phasellus eget ante et tortor"
        text run at (0,540) width 351: "condimentum vestibulum. Suspendisse hendrerit quam"
        text run at (0,558) width 333: "nec felis. Sed varius turpis vitae pede. Lorem ipsum"
        text run at (0,576) width 279: "dolor sit amet, consectetuer adipiscing elit. "
        text run at (278,576) width 86: "Lorem ipsum"
        text run at (0,594) width 357: "dolor sit amet, consectetuer adipiscing elit. Nulla varius"
        text run at (0,612) width 76: "enim ac mi."
layer at (8,434) size 760x402 backgroundClip at (0,0) size 785x600 clip at (0,0) size 785x600 outlineClip at (0,0) size 785x600
  LayoutBlockFlow {DIV} at (0,417.81) size 760x401.81 [border: (5px solid #800000)]
    LayoutMultiColumnSet (anonymous) at (5,5) size 750x324
    LayoutMultiColumnSpannerPlaceholder (anonymous) at (5,348.91) size 0x28
layer at (13,439) size 367x648 backgroundClip at (0,0) size 785x600 clip at (0,0) size 785x600 outlineClip at (0,0) size 785x600
  LayoutMultiColumnFlowThread (anonymous) at (5,5) size 367x648
    LayoutBlockFlow (anonymous) at (0,0) size 367x630
      LayoutText {#text} at (0,0) size 367x630
        text run at (0,0) width 364: "Lorem ipsum dolor sit amet, consectetuer adipiscing elit."
        text run at (0,18) width 362: "Nulla varius enim ac mi. Curabitur sollicitudin felis quis"
        text run at (0,36) width 332: "lectus. Quisque adipiscing rhoncus sem. Proin nulla"
        text run at (0,54) width 367: "purus, vulputate vel, varius ut, euismod et, nisi. Sed vitae"
        text run at (0,72) width 354: "felis vel orci sagittis aliquam. Cras convallis adipiscing"
        text run at (0,90) width 347: "sem. Nam nonummy enim. Nullam bibendum lobortis"
        text run at (0,108) width 353: "neque. Vestibulum velit orci, tempus euismod, pretium"
        text run at (0,126) width 353: "quis, interdum vitae, nulla. Phasellus eget ante et tortor"
        text run at (0,144) width 351: "condimentum vestibulum. Suspendisse hendrerit quam"
        text run at (0,162) width 333: "nec felis. Sed varius turpis vitae pede. Lorem ipsum"
        text run at (0,180) width 279: "dolor sit amet, consectetuer adipiscing elit. "
        text run at (278,180) width 86: "Lorem ipsum"
        text run at (0,198) width 357: "dolor sit amet, consectetuer adipiscing elit. Nulla varius"
        text run at (0,216) width 324: "enim ac mi. Curabitur sollicitudin felis quis lectus."
        text run at (0,234) width 330: "Quisque adipiscing rhoncus sem. Proin nulla purus,"
        text run at (0,252) width 355: "vulputate vel, varius ut, euismod et, nisi. Sed vitae felis"
        text run at (0,270) width 356: "vel orci sagittis aliquam. Cras convallis adipiscing sem."
        text run at (0,288) width 360: "Nam nonummy enim. Nullam bibendum lobortis neque."
        text run at (0,306) width 341: "Vestibulum velit orci, tempus euismod, pretium quis,"
        text run at (0,324) width 318: "interdum vitae, nulla. Phasellus eget ante et tortor"
        text run at (0,342) width 351: "condimentum vestibulum. Suspendisse hendrerit quam"
        text run at (0,360) width 333: "nec felis. Sed varius turpis vitae pede. Lorem ipsum"
        text run at (0,378) width 279: "dolor sit amet, consectetuer adipiscing elit. "
        text run at (278,378) width 86: "Lorem ipsum"
        text run at (0,396) width 357: "dolor sit amet, consectetuer adipiscing elit. Nulla varius"
        text run at (0,414) width 324: "enim ac mi. Curabitur sollicitudin felis quis lectus."
        text run at (0,432) width 330: "Quisque adipiscing rhoncus sem. Proin nulla purus,"
        text run at (0,450) width 355: "vulputate vel, varius ut, euismod et, nisi. Sed vitae felis"
        text run at (0,468) width 356: "vel orci sagittis aliquam. Cras convallis adipiscing sem."
        text run at (0,486) width 360: "Nam nonummy enim. Nullam bibendum lobortis neque."
        text run at (0,504) width 341: "Vestibulum velit orci, tempus euismod, pretium quis,"
        text run at (0,522) width 318: "interdum vitae, nulla. Phasellus eget ante et tortor"
        text run at (0,540) width 351: "condimentum vestibulum. Suspendisse hendrerit quam"
        text run at (0,558) width 333: "nec felis. Sed varius turpis vitae pede. Lorem ipsum"
        text run at (0,576) width 279: "dolor sit amet, consectetuer adipiscing elit. "
        text run at (278,576) width 86: "Lorem ipsum"
        text run at (0,594) width 357: "dolor sit amet, consectetuer adipiscing elit. Nulla varius"
        text run at (0,612) width 76: "enim ac mi."
    LayoutBlockFlow {H2} at (5,348.91) size 750x28 [bgcolor=#EEEEEE]
      LayoutText {#text} at (0,0) size 602x28
        text run at (0,0) width 602: "This is a spanning element at the end of the columns block."
layer at (8,852) size 760x401 backgroundClip at (0,0) size 785x600 clip at (0,0) size 785x600 outlineClip at (0,0) size 785x600
  LayoutBlockFlow {DIV} at (0,835.63) size 760x401.81 [border: (5px solid #800000)]
    LayoutMultiColumnSet (anonymous) at (5,5) size 750x126
    LayoutMultiColumnSpannerPlaceholder (anonymous) at (5,150.91) size 0x28
    LayoutMultiColumnSet (anonymous) at (5,198.81) size 750x198
layer at (13,857) size 367x648 backgroundClip at (0,0) size 785x600 clip at (0,0) size 785x600 outlineClip at (0,0) size 785x600
  LayoutMultiColumnFlowThread (anonymous) at (5,5) size 367x648
    LayoutBlockFlow (anonymous) at (0,0) size 367x234
      LayoutText {#text} at (0,0) size 367x234
        text run at (0,0) width 364: "Lorem ipsum dolor sit amet, consectetuer adipiscing elit."
        text run at (0,18) width 362: "Nulla varius enim ac mi. Curabitur sollicitudin felis quis"
        text run at (0,36) width 332: "lectus. Quisque adipiscing rhoncus sem. Proin nulla"
        text run at (0,54) width 367: "purus, vulputate vel, varius ut, euismod et, nisi. Sed vitae"
        text run at (0,72) width 354: "felis vel orci sagittis aliquam. Cras convallis adipiscing"
        text run at (0,90) width 347: "sem. Nam nonummy enim. Nullam bibendum lobortis"
        text run at (0,108) width 353: "neque. Vestibulum velit orci, tempus euismod, pretium"
        text run at (0,126) width 353: "quis, interdum vitae, nulla. Phasellus eget ante et tortor"
        text run at (0,144) width 351: "condimentum vestibulum. Suspendisse hendrerit quam"
        text run at (0,162) width 333: "nec felis. Sed varius turpis vitae pede. Lorem ipsum"
        text run at (0,180) width 279: "dolor sit amet, consectetuer adipiscing elit. "
        text run at (278,180) width 86: "Lorem ipsum"
        text run at (0,198) width 357: "dolor sit amet, consectetuer adipiscing elit. Nulla varius"
        text run at (0,216) width 76: "enim ac mi."
    LayoutBlockFlow {H2} at (5,150.91) size 750x28 [bgcolor=#EEEEEE]
      LayoutText {#text} at (0,0) size 635x28
        text run at (0,0) width 635: "This is a spanning element in the middle of the columns block."
    LayoutBlockFlow (anonymous) at (0,252) size 367x396
      LayoutText {#text} at (0,0) size 367x396
        text run at (0,0) width 364: "Lorem ipsum dolor sit amet, consectetuer adipiscing elit."
        text run at (0,18) width 362: "Nulla varius enim ac mi. Curabitur sollicitudin felis quis"
        text run at (0,36) width 332: "lectus. Quisque adipiscing rhoncus sem. Proin nulla"
        text run at (0,54) width 367: "purus, vulputate vel, varius ut, euismod et, nisi. Sed vitae"
        text run at (0,72) width 354: "felis vel orci sagittis aliquam. Cras convallis adipiscing"
        text run at (0,90) width 347: "sem. Nam nonummy enim. Nullam bibendum lobortis"
        text run at (0,108) width 353: "neque. Vestibulum velit orci, tempus euismod, pretium"
        text run at (0,126) width 353: "quis, interdum vitae, nulla. Phasellus eget ante et tortor"
        text run at (0,144) width 351: "condimentum vestibulum. Suspendisse hendrerit quam"
        text run at (0,162) width 333: "nec felis. Sed varius turpis vitae pede. Lorem ipsum"
        text run at (0,180) width 279: "dolor sit amet, consectetuer adipiscing elit. "
        text run at (278,180) width 86: "Lorem ipsum"
        text run at (0,198) width 357: "dolor sit amet, consectetuer adipiscing elit. Nulla varius"
        text run at (0,216) width 324: "enim ac mi. Curabitur sollicitudin felis quis lectus."
        text run at (0,234) width 330: "Quisque adipiscing rhoncus sem. Proin nulla purus,"
        text run at (0,252) width 355: "vulputate vel, varius ut, euismod et, nisi. Sed vitae felis"
        text run at (0,270) width 356: "vel orci sagittis aliquam. Cras convallis adipiscing sem."
        text run at (0,288) width 360: "Nam nonummy enim. Nullam bibendum lobortis neque."
        text run at (0,306) width 341: "Vestibulum velit orci, tempus euismod, pretium quis,"
        text run at (0,324) width 318: "interdum vitae, nulla. Phasellus eget ante et tortor"
        text run at (0,342) width 351: "condimentum vestibulum. Suspendisse hendrerit quam"
        text run at (0,360) width 333: "nec felis. Sed varius turpis vitae pede. Lorem ipsum"
        text run at (0,378) width 275: "dolor sit amet, consectetuer adipiscing elit."
layer at (8,1269) size 760x364 backgroundClip at (0,0) size 785x600 clip at (0,0) size 785x600 outlineClip at (0,0) size 785x600
  LayoutBlockFlow {DIV} at (0,1253.44) size 760x364 [border: (5px solid #800000)]
    LayoutMultiColumnSet (anonymous) at (5,5) size 750x354
layer at (13,1274) size 367x696 backgroundClip at (0,0) size 785x600 clip at (0,0) size 785x600 outlineClip at (0,0) size 785x600
  LayoutMultiColumnFlowThread (anonymous) at (5,5) size 367x696
    LayoutText {#text} at (0,0) size 367x242
      text run at (0,0) width 364: "Lorem ipsum dolor sit amet, consectetuer adipiscing elit."
      text run at (0,18) width 362: "Nulla varius enim ac mi. Curabitur sollicitudin felis quis"
      text run at (0,36) width 332: "lectus. Quisque adipiscing rhoncus sem. Proin nulla"
      text run at (0,54) width 367: "purus, vulputate vel, varius ut, euismod et, nisi. Sed vitae"
      text run at (0,72) width 354: "felis vel orci sagittis aliquam. Cras convallis adipiscing"
      text run at (0,90) width 347: "sem. Nam nonummy enim. Nullam bibendum lobortis"
      text run at (0,108) width 353: "neque. Vestibulum velit orci, tempus euismod, pretium"
      text run at (0,126) width 353: "quis, interdum vitae, nulla. Phasellus eget ante et tortor"
      text run at (0,144) width 351: "condimentum vestibulum. Suspendisse hendrerit quam"
      text run at (0,162) width 333: "nec felis. Sed varius turpis vitae pede. Lorem ipsum"
      text run at (0,180) width 279: "dolor sit amet, consectetuer adipiscing elit. "
      text run at (278,180) width 86: "Lorem ipsum"
      text run at (0,198) width 357: "dolor sit amet, consectetuer adipiscing elit. Nulla varius"
      text run at (0,224) width 80: "enim ac mi. "
    LayoutInline {H2} at (0,0) size 358x84 [bgcolor=#EEEEEE]
      LayoutText {#text} at (79,216) size 358x84
        text run at (79,216) width 271: "This is a spanning element"
        text run at (0,244) width 358: "with an original display of inline in"
        text run at (0,272) width 333: "the middle of the columns block."
    LayoutText {#text} at (0,300) size 367x396
      text run at (0,300) width 364: "Lorem ipsum dolor sit amet, consectetuer adipiscing elit."
      text run at (0,318) width 362: "Nulla varius enim ac mi. Curabitur sollicitudin felis quis"
      text run at (0,336) width 332: "lectus. Quisque adipiscing rhoncus sem. Proin nulla"
      text run at (0,354) width 367: "purus, vulputate vel, varius ut, euismod et, nisi. Sed vitae"
      text run at (0,372) width 354: "felis vel orci sagittis aliquam. Cras convallis adipiscing"
      text run at (0,390) width 347: "sem. Nam nonummy enim. Nullam bibendum lobortis"
      text run at (0,408) width 353: "neque. Vestibulum velit orci, tempus euismod, pretium"
      text run at (0,426) width 353: "quis, interdum vitae, nulla. Phasellus eget ante et tortor"
      text run at (0,444) width 351: "condimentum vestibulum. Suspendisse hendrerit quam"
      text run at (0,462) width 333: "nec felis. Sed varius turpis vitae pede. Lorem ipsum"
      text run at (0,480) width 279: "dolor sit amet, consectetuer adipiscing elit. "
      text run at (278,480) width 86: "Lorem ipsum"
      text run at (0,498) width 357: "dolor sit amet, consectetuer adipiscing elit. Nulla varius"
      text run at (0,516) width 324: "enim ac mi. Curabitur sollicitudin felis quis lectus."
      text run at (0,534) width 330: "Quisque adipiscing rhoncus sem. Proin nulla purus,"
      text run at (0,552) width 355: "vulputate vel, varius ut, euismod et, nisi. Sed vitae felis"
      text run at (0,570) width 356: "vel orci sagittis aliquam. Cras convallis adipiscing sem."
      text run at (0,588) width 360: "Nam nonummy enim. Nullam bibendum lobortis neque."
      text run at (0,606) width 341: "Vestibulum velit orci, tempus euismod, pretium quis,"
      text run at (0,624) width 318: "interdum vitae, nulla. Phasellus eget ante et tortor"
      text run at (0,642) width 351: "condimentum vestibulum. Suspendisse hendrerit quam"
      text run at (0,660) width 333: "nec felis. Sed varius turpis vitae pede. Lorem ipsum"
      text run at (0,678) width 275: "dolor sit amet, consectetuer adipiscing elit."
layer at (8,1649) size 760x386 backgroundClip at (0,0) size 785x600 clip at (0,0) size 785x600 outlineClip at (0,0) size 785x600
  LayoutBlockFlow {DIV} at (0,1633.44) size 760x386 [border: (5px solid #800000)]
    LayoutMultiColumnSet (anonymous) at (5,5) size 750x376
layer at (13,1654) size 367x736 backgroundClip at (0,0) size 785x600 clip at (0,0) size 785x600 outlineClip at (0,0) size 785x600
  LayoutMultiColumnFlowThread (anonymous) at (5,5) size 367x736
    LayoutText {#text} at (0,0) size 367x234
      text run at (0,0) width 364: "Lorem ipsum dolor sit amet, consectetuer adipiscing elit."
      text run at (0,18) width 362: "Nulla varius enim ac mi. Curabitur sollicitudin felis quis"
      text run at (0,36) width 332: "lectus. Quisque adipiscing rhoncus sem. Proin nulla"
      text run at (0,54) width 367: "purus, vulputate vel, varius ut, euismod et, nisi. Sed vitae"
      text run at (0,72) width 354: "felis vel orci sagittis aliquam. Cras convallis adipiscing"
      text run at (0,90) width 347: "sem. Nam nonummy enim. Nullam bibendum lobortis"
      text run at (0,108) width 353: "neque. Vestibulum velit orci, tempus euismod, pretium"
      text run at (0,126) width 353: "quis, interdum vitae, nulla. Phasellus eget ante et tortor"
      text run at (0,144) width 351: "condimentum vestibulum. Suspendisse hendrerit quam"
      text run at (0,162) width 333: "nec felis. Sed varius turpis vitae pede. Lorem ipsum"
      text run at (0,180) width 279: "dolor sit amet, consectetuer adipiscing elit. "
      text run at (278,180) width 86: "Lorem ipsum"
      text run at (0,198) width 357: "dolor sit amet, consectetuer adipiscing elit. Nulla varius"
      text run at (0,216) width 80: "enim ac mi. "
    LayoutBlockFlow (floating) {H2} at (0,253.91) size 367x84 [bgcolor=#EEEEEE]
      LayoutText {#text} at (0,0) size 340x84
        text run at (0,0) width 323: "This element specifies a column"
        text run at (0,28) width 340: "span, but it is also floating, so the"
        text run at (0,56) width 327: "column-span should be ignored."
    LayoutText {#text} at (79,216) size 367x520
      text run at (79,216) width 266: "Lorem ipsum dolor sit amet, consectetuer"
      text run at (0,358) width 322: "adipiscing elit. Nulla varius enim ac mi. Curabitur"
      text run at (0,376) width 362: "sollicitudin felis quis lectus. Quisque adipiscing rhoncus"
      text run at (0,394) width 361: "sem. Proin nulla purus, vulputate vel, varius ut, euismod"
      text run at (0,412) width 336: "et, nisi. Sed vitae felis vel orci sagittis aliquam. Cras"
      text run at (0,430) width 358: "convallis adipiscing sem. Nam nonummy enim. Nullam"
      text run at (0,448) width 358: "bibendum lobortis neque. Vestibulum velit orci, tempus"
      text run at (0,466) width 352: "euismod, pretium quis, interdum vitae, nulla. Phasellus"
      text run at (0,484) width 366: "eget ante et tortor condimentum vestibulum. Suspendisse"
      text run at (0,502) width 344: "hendrerit quam nec felis. Sed varius turpis vitae pede."
      text run at (0,520) width 364: "Lorem ipsum dolor sit amet, consectetuer adipiscing elit."
      text run at (0,538) width 364: "Lorem ipsum dolor sit amet, consectetuer adipiscing elit."
      text run at (0,556) width 362: "Nulla varius enim ac mi. Curabitur sollicitudin felis quis"
      text run at (0,574) width 332: "lectus. Quisque adipiscing rhoncus sem. Proin nulla"
      text run at (0,592) width 367: "purus, vulputate vel, varius ut, euismod et, nisi. Sed vitae"
      text run at (0,610) width 354: "felis vel orci sagittis aliquam. Cras convallis adipiscing"
      text run at (0,628) width 347: "sem. Nam nonummy enim. Nullam bibendum lobortis"
      text run at (0,646) width 353: "neque. Vestibulum velit orci, tempus euismod, pretium"
      text run at (0,664) width 353: "quis, interdum vitae, nulla. Phasellus eget ante et tortor"
      text run at (0,682) width 351: "condimentum vestibulum. Suspendisse hendrerit quam"
      text run at (0,700) width 333: "nec felis. Sed varius turpis vitae pede. Lorem ipsum"
      text run at (0,718) width 275: "dolor sit amet, consectetuer adipiscing elit."
layer at (8,2051) size 760x444 backgroundClip at (0,0) size 785x600 clip at (0,0) size 785x600 outlineClip at (0,0) size 785x600
  LayoutBlockFlow {DIV} at (0,2035.44) size 760x443.81 [border: (5px solid #800000)]
    LayoutMultiColumnSpannerPlaceholder (anonymous) at (5,24.91) size 0x56
    LayoutMultiColumnSet (anonymous) at (5,100.81) size 750x338
layer at (13,2056) size 367x658 backgroundClip at (0,0) size 785x600 clip at (0,0) size 785x600 outlineClip at (0,0) size 785x600
  LayoutMultiColumnFlowThread (anonymous) at (5,5) size 367x658
    LayoutBlockFlow {H2} at (5,24.91) size 750x56 [bgcolor=#EEEEEE]
      LayoutText {#text} at (0,0) size 711x56
        text run at (0,0) width 711: "This is a spanning element at the beginning of the columns block with"
        text run at (0,28) width 146: "block siblings."
    LayoutBlockFlow {P} at (0,16) size 367x198
      LayoutText {#text} at (0,0) size 367x198
        text run at (0,0) width 364: "Lorem ipsum dolor sit amet, consectetuer adipiscing elit."
        text run at (0,18) width 362: "Nulla varius enim ac mi. Curabitur sollicitudin felis quis"
        text run at (0,36) width 332: "lectus. Quisque adipiscing rhoncus sem. Proin nulla"
        text run at (0,54) width 367: "purus, vulputate vel, varius ut, euismod et, nisi. Sed vitae"
        text run at (0,72) width 354: "felis vel orci sagittis aliquam. Cras convallis adipiscing"
        text run at (0,90) width 347: "sem. Nam nonummy enim. Nullam bibendum lobortis"
        text run at (0,108) width 353: "neque. Vestibulum velit orci, tempus euismod, pretium"
        text run at (0,126) width 353: "quis, interdum vitae, nulla. Phasellus eget ante et tortor"
        text run at (0,144) width 351: "condimentum vestibulum. Suspendisse hendrerit quam"
        text run at (0,162) width 333: "nec felis. Sed varius turpis vitae pede. Lorem ipsum"
        text run at (0,180) width 275: "dolor sit amet, consectetuer adipiscing elit."
    LayoutBlockFlow {P} at (0,230) size 367x198
      LayoutText {#text} at (0,0) size 367x198
        text run at (0,0) width 364: "Lorem ipsum dolor sit amet, consectetuer adipiscing elit."
        text run at (0,18) width 362: "Nulla varius enim ac mi. Curabitur sollicitudin felis quis"
        text run at (0,36) width 332: "lectus. Quisque adipiscing rhoncus sem. Proin nulla"
        text run at (0,54) width 367: "purus, vulputate vel, varius ut, euismod et, nisi. Sed vitae"
        text run at (0,72) width 354: "felis vel orci sagittis aliquam. Cras convallis adipiscing"
        text run at (0,90) width 347: "sem. Nam nonummy enim. Nullam bibendum lobortis"
        text run at (0,108) width 353: "neque. Vestibulum velit orci, tempus euismod, pretium"
        text run at (0,126) width 353: "quis, interdum vitae, nulla. Phasellus eget ante et tortor"
        text run at (0,144) width 351: "condimentum vestibulum. Suspendisse hendrerit quam"
        text run at (0,162) width 333: "nec felis. Sed varius turpis vitae pede. Lorem ipsum"
        text run at (0,180) width 275: "dolor sit amet, consectetuer adipiscing elit."
    LayoutBlockFlow {P} at (0,444) size 367x198
      LayoutText {#text} at (0,0) size 367x198
        text run at (0,0) width 364: "Lorem ipsum dolor sit amet, consectetuer adipiscing elit."
        text run at (0,18) width 362: "Nulla varius enim ac mi. Curabitur sollicitudin felis quis"
        text run at (0,36) width 332: "lectus. Quisque adipiscing rhoncus sem. Proin nulla"
        text run at (0,54) width 367: "purus, vulputate vel, varius ut, euismod et, nisi. Sed vitae"
        text run at (0,72) width 354: "felis vel orci sagittis aliquam. Cras convallis adipiscing"
        text run at (0,90) width 347: "sem. Nam nonummy enim. Nullam bibendum lobortis"
        text run at (0,108) width 353: "neque. Vestibulum velit orci, tempus euismod, pretium"
        text run at (0,126) width 353: "quis, interdum vitae, nulla. Phasellus eget ante et tortor"
        text run at (0,144) width 351: "condimentum vestibulum. Suspendisse hendrerit quam"
        text run at (0,162) width 333: "nec felis. Sed varius turpis vitae pede. Lorem ipsum"
        text run at (0,180) width 275: "dolor sit amet, consectetuer adipiscing elit."
layer at (8,2511) size 760x444 backgroundClip at (0,0) size 785x600 clip at (0,0) size 785x600 outlineClip at (0,0) size 785x600
  LayoutBlockFlow {DIV} at (0,2495.25) size 760x443.81 [border: (5px solid #800000)]
    LayoutMultiColumnSet (anonymous) at (5,5) size 750x338
    LayoutMultiColumnSpannerPlaceholder (anonymous) at (5,362.91) size 0x56
layer at (13,2516) size 367x676 backgroundClip at (0,0) size 785x600 clip at (0,0) size 785x600 outlineClip at (0,0) size 785x600
  LayoutMultiColumnFlowThread (anonymous) at (5,5) size 367x676
    LayoutBlockFlow {P} at (0,16) size 367x198
      LayoutText {#text} at (0,0) size 367x198
        text run at (0,0) width 364: "Lorem ipsum dolor sit amet, consectetuer adipiscing elit."
        text run at (0,18) width 362: "Nulla varius enim ac mi. Curabitur sollicitudin felis quis"
        text run at (0,36) width 332: "lectus. Quisque adipiscing rhoncus sem. Proin nulla"
        text run at (0,54) width 367: "purus, vulputate vel, varius ut, euismod et, nisi. Sed vitae"
        text run at (0,72) width 354: "felis vel orci sagittis aliquam. Cras convallis adipiscing"
        text run at (0,90) width 347: "sem. Nam nonummy enim. Nullam bibendum lobortis"
        text run at (0,108) width 353: "neque. Vestibulum velit orci, tempus euismod, pretium"
        text run at (0,126) width 353: "quis, interdum vitae, nulla. Phasellus eget ante et tortor"
        text run at (0,144) width 351: "condimentum vestibulum. Suspendisse hendrerit quam"
        text run at (0,162) width 333: "nec felis. Sed varius turpis vitae pede. Lorem ipsum"
        text run at (0,180) width 275: "dolor sit amet, consectetuer adipiscing elit."
    LayoutBlockFlow {P} at (0,230) size 367x198
      LayoutText {#text} at (0,0) size 367x198
        text run at (0,0) width 364: "Lorem ipsum dolor sit amet, consectetuer adipiscing elit."
        text run at (0,18) width 362: "Nulla varius enim ac mi. Curabitur sollicitudin felis quis"
        text run at (0,36) width 332: "lectus. Quisque adipiscing rhoncus sem. Proin nulla"
        text run at (0,54) width 367: "purus, vulputate vel, varius ut, euismod et, nisi. Sed vitae"
        text run at (0,72) width 354: "felis vel orci sagittis aliquam. Cras convallis adipiscing"
        text run at (0,90) width 347: "sem. Nam nonummy enim. Nullam bibendum lobortis"
        text run at (0,108) width 353: "neque. Vestibulum velit orci, tempus euismod, pretium"
        text run at (0,126) width 353: "quis, interdum vitae, nulla. Phasellus eget ante et tortor"
        text run at (0,144) width 351: "condimentum vestibulum. Suspendisse hendrerit quam"
        text run at (0,162) width 333: "nec felis. Sed varius turpis vitae pede. Lorem ipsum"
        text run at (0,180) width 275: "dolor sit amet, consectetuer adipiscing elit."
    LayoutBlockFlow {P} at (0,444) size 367x198
      LayoutText {#text} at (0,0) size 367x198
        text run at (0,0) width 364: "Lorem ipsum dolor sit amet, consectetuer adipiscing elit."
        text run at (0,18) width 362: "Nulla varius enim ac mi. Curabitur sollicitudin felis quis"
        text run at (0,36) width 332: "lectus. Quisque adipiscing rhoncus sem. Proin nulla"
        text run at (0,54) width 367: "purus, vulputate vel, varius ut, euismod et, nisi. Sed vitae"
        text run at (0,72) width 354: "felis vel orci sagittis aliquam. Cras convallis adipiscing"
        text run at (0,90) width 347: "sem. Nam nonummy enim. Nullam bibendum lobortis"
        text run at (0,108) width 353: "neque. Vestibulum velit orci, tempus euismod, pretium"
        text run at (0,126) width 353: "quis, interdum vitae, nulla. Phasellus eget ante et tortor"
        text run at (0,144) width 351: "condimentum vestibulum. Suspendisse hendrerit quam"
        text run at (0,162) width 333: "nec felis. Sed varius turpis vitae pede. Lorem ipsum"
        text run at (0,180) width 275: "dolor sit amet, consectetuer adipiscing elit."
    LayoutBlockFlow {H2} at (5,362.91) size 750x56 [bgcolor=#EEEEEE]
      LayoutText {#text} at (0,0) size 709x56
        text run at (0,0) width 709: "This is a spanning element at the end of the columns block with block"
        text run at (0,28) width 84: "siblings."
layer at (8,2971) size 760x452 backgroundClip at (0,0) size 785x600 clip at (0,0) size 785x600 outlineClip at (0,0) size 785x600
  LayoutBlockFlow {DIV} at (0,2955.06) size 760x451.81 [border: (5px solid #800000)]
    LayoutMultiColumnSet (anonymous) at (5,5) size 750x222
    LayoutMultiColumnSpannerPlaceholder (anonymous) at (5,246.91) size 0x56
    LayoutMultiColumnSet (anonymous) at (5,322.81) size 750x124
layer at (13,2976) size 367x674 backgroundClip at (0,0) size 785x600 clip at (0,0) size 785x600 outlineClip at (0,0) size 785x600
  LayoutMultiColumnFlowThread (anonymous) at (5,5) size 367x674
    LayoutBlockFlow {P} at (0,16) size 367x198
      LayoutText {#text} at (0,0) size 367x198
        text run at (0,0) width 364: "Lorem ipsum dolor sit amet, consectetuer adipiscing elit."
        text run at (0,18) width 362: "Nulla varius enim ac mi. Curabitur sollicitudin felis quis"
        text run at (0,36) width 332: "lectus. Quisque adipiscing rhoncus sem. Proin nulla"
        text run at (0,54) width 367: "purus, vulputate vel, varius ut, euismod et, nisi. Sed vitae"
        text run at (0,72) width 354: "felis vel orci sagittis aliquam. Cras convallis adipiscing"
        text run at (0,90) width 347: "sem. Nam nonummy enim. Nullam bibendum lobortis"
        text run at (0,108) width 353: "neque. Vestibulum velit orci, tempus euismod, pretium"
        text run at (0,126) width 353: "quis, interdum vitae, nulla. Phasellus eget ante et tortor"
        text run at (0,144) width 351: "condimentum vestibulum. Suspendisse hendrerit quam"
        text run at (0,162) width 333: "nec felis. Sed varius turpis vitae pede. Lorem ipsum"
        text run at (0,180) width 275: "dolor sit amet, consectetuer adipiscing elit."
    LayoutBlockFlow {P} at (0,222) size 367x198
      LayoutText {#text} at (0,0) size 367x198
        text run at (0,0) width 364: "Lorem ipsum dolor sit amet, consectetuer adipiscing elit."
        text run at (0,18) width 362: "Nulla varius enim ac mi. Curabitur sollicitudin felis quis"
        text run at (0,36) width 332: "lectus. Quisque adipiscing rhoncus sem. Proin nulla"
        text run at (0,54) width 367: "purus, vulputate vel, varius ut, euismod et, nisi. Sed vitae"
        text run at (0,72) width 354: "felis vel orci sagittis aliquam. Cras convallis adipiscing"
        text run at (0,90) width 347: "sem. Nam nonummy enim. Nullam bibendum lobortis"
        text run at (0,108) width 353: "neque. Vestibulum velit orci, tempus euismod, pretium"
        text run at (0,126) width 353: "quis, interdum vitae, nulla. Phasellus eget ante et tortor"
        text run at (0,144) width 351: "condimentum vestibulum. Suspendisse hendrerit quam"
        text run at (0,162) width 333: "nec felis. Sed varius turpis vitae pede. Lorem ipsum"
        text run at (0,180) width 275: "dolor sit amet, consectetuer adipiscing elit."
    LayoutBlockFlow {H2} at (5,246.91) size 750x56 [bgcolor=#EEEEEE]
      LayoutText {#text} at (0,0) size 743x56
        text run at (0,0) width 743: "This is a spanning element in the middle of the columns block with block"
        text run at (0,28) width 84: "siblings."
    LayoutBlockFlow {P} at (0,460) size 367x198
      LayoutText {#text} at (0,0) size 367x198
        text run at (0,0) width 364: "Lorem ipsum dolor sit amet, consectetuer adipiscing elit."
        text run at (0,18) width 362: "Nulla varius enim ac mi. Curabitur sollicitudin felis quis"
        text run at (0,36) width 332: "lectus. Quisque adipiscing rhoncus sem. Proin nulla"
        text run at (0,54) width 367: "purus, vulputate vel, varius ut, euismod et, nisi. Sed vitae"
        text run at (0,72) width 354: "felis vel orci sagittis aliquam. Cras convallis adipiscing"
        text run at (0,90) width 347: "sem. Nam nonummy enim. Nullam bibendum lobortis"
        text run at (0,108) width 353: "neque. Vestibulum velit orci, tempus euismod, pretium"
        text run at (0,126) width 353: "quis, interdum vitae, nulla. Phasellus eget ante et tortor"
        text run at (0,144) width 351: "condimentum vestibulum. Suspendisse hendrerit quam"
        text run at (0,162) width 333: "nec felis. Sed varius turpis vitae pede. Lorem ipsum"
        text run at (0,180) width 275: "dolor sit amet, consectetuer adipiscing elit."
