layer at (0,0) size 800x600 clip at (0,0) size 785x600 scrollHeight 2427
  LayoutView at (0,0) size 800x600
layer at (0,0) size 785x2427 backgroundClip at (0,0) size 785x600 clip at (0,0) size 785x600 outlineClip at (0,0) size 785x600
  LayoutBlockFlow {HTML} at (0,0) size 785x2427.44
    LayoutBlockFlow {BODY} at (8,8) size 769x2403.44
      LayoutBlockFlow (anonymous) at (0,0) size 769x36
        LayoutText {#text} at (0,0) size 726x36
          text run at (0,0) width 726: "In this test, all of the spanning elements have their spans turned off dynamically, and so they should just be in the"
          text run at (0,18) width 86: "column flow."
        LayoutText {#text} at (0,0) size 0x0
layer at (8,60) size 760x366
  LayoutBlockFlow {DIV} at (0,52) size 760x365.81 [border: (5px solid #800000)]
    LayoutMultiColumnSet (anonymous) at (5,5) size 750x355.81
layer at (13,65) size 367x698 backgroundClip at (0,0) size 785x600 clip at (0,0) size 785x600 outlineClip at (0,0) size 785x600
  LayoutMultiColumnFlowThread (anonymous) at (5,5) size 367x697.81
    LayoutBlockFlow {H2} at (0,19.91) size 367x28 [bgcolor=#EEEEEE]
      LayoutText {#text} at (0,0) size 277x28
        text run at (0,0) width 277: "This is a spanning element."
    LayoutBlockFlow (anonymous) at (0,67.81) size 367x630
      LayoutText {#text} at (0,0) size 367x630
        text run at (0,0) width 364: "Lorem ipsum dolor sit amet, consectetuer adipiscing elit."
        text run at (0,18) width 362: "Nulla varius enim ac mi. Curabitur sollicitudin felis quis"
        text run at (0,36) width 332: "lectus. Quisque adipiscing rhoncus sem. Proin nulla"
        text run at (0,54) width 367: "purus, vulputate vel, varius ut, euismod et, nisi. Sed vitae"
        text run at (0,72) width 354: "felis vel orci sagittis aliquam. Cras convallis adipiscing"
        text run at (0,90) width 347: "sem. Nam nonummy enim. Nullam bibendum lobortis"
        text run at (0,108) width 353: "neque. Vestibulum velit orci, tempus euismod, pretium"
        text run at (0,126) width 353: "quis, interdum vitae, nulla. Phasellus eget ante et tortor"
        text run at (0,144) width 351: "condimentum vestibulum. Suspendisse hendrerit quam"
        text run at (0,162) width 333: "nec felis. Sed varius turpis vitae pede. Lorem ipsum"
        text run at (0,180) width 279: "dolor sit amet, consectetuer adipiscing elit. "
        text run at (278,180) width 86: "Lorem ipsum"
        text run at (0,198) width 357: "dolor sit amet, consectetuer adipiscing elit. Nulla varius"
        text run at (0,216) width 324: "enim ac mi. Curabitur sollicitudin felis quis lectus."
        text run at (0,234) width 330: "Quisque adipiscing rhoncus sem. Proin nulla purus,"
        text run at (0,252) width 355: "vulputate vel, varius ut, euismod et, nisi. Sed vitae felis"
        text run at (0,270) width 356: "vel orci sagittis aliquam. Cras convallis adipiscing sem."
        text run at (0,288) width 360: "Nam nonummy enim. Nullam bibendum lobortis neque."
        text run at (0,306) width 341: "Vestibulum velit orci, tempus euismod, pretium quis,"
        text run at (0,324) width 318: "interdum vitae, nulla. Phasellus eget ante et tortor"
        text run at (0,342) width 351: "condimentum vestibulum. Suspendisse hendrerit quam"
        text run at (0,360) width 333: "nec felis. Sed varius turpis vitae pede. Lorem ipsum"
        text run at (0,378) width 279: "dolor sit amet, consectetuer adipiscing elit. "
        text run at (278,378) width 86: "Lorem ipsum"
        text run at (0,396) width 357: "dolor sit amet, consectetuer adipiscing elit. Nulla varius"
        text run at (0,414) width 324: "enim ac mi. Curabitur sollicitudin felis quis lectus."
        text run at (0,432) width 330: "Quisque adipiscing rhoncus sem. Proin nulla purus,"
        text run at (0,450) width 355: "vulputate vel, varius ut, euismod et, nisi. Sed vitae felis"
        text run at (0,468) width 356: "vel orci sagittis aliquam. Cras convallis adipiscing sem."
        text run at (0,486) width 360: "Nam nonummy enim. Nullam bibendum lobortis neque."
        text run at (0,504) width 341: "Vestibulum velit orci, tempus euismod, pretium quis,"
        text run at (0,522) width 318: "interdum vitae, nulla. Phasellus eget ante et tortor"
        text run at (0,540) width 351: "condimentum vestibulum. Suspendisse hendrerit quam"
        text run at (0,558) width 333: "nec felis. Sed varius turpis vitae pede. Lorem ipsum"
        text run at (0,576) width 279: "dolor sit amet, consectetuer adipiscing elit. "
        text run at (278,576) width 86: "Lorem ipsum"
        text run at (0,594) width 357: "dolor sit amet, consectetuer adipiscing elit. Nulla varius"
        text run at (0,612) width 76: "enim ac mi."
layer at (8,442) size 760x370 backgroundClip at (0,0) size 785x600 clip at (0,0) size 785x600 outlineClip at (0,0) size 785x600
  LayoutBlockFlow {DIV} at (0,433.81) size 760x370 [border: (5px solid #800000)]
    LayoutMultiColumnSet (anonymous) at (5,5) size 750x360
layer at (13,447) size 367x698 backgroundClip at (0,0) size 785x600 clip at (0,0) size 785x600 outlineClip at (0,0) size 785x600
  LayoutMultiColumnFlowThread (anonymous) at (5,5) size 367x697.81
    LayoutBlockFlow (anonymous) at (0,0) size 367x630
      LayoutText {#text} at (0,0) size 367x630
        text run at (0,0) width 364: "Lorem ipsum dolor sit amet, consectetuer adipiscing elit."
        text run at (0,18) width 362: "Nulla varius enim ac mi. Curabitur sollicitudin felis quis"
        text run at (0,36) width 332: "lectus. Quisque adipiscing rhoncus sem. Proin nulla"
        text run at (0,54) width 367: "purus, vulputate vel, varius ut, euismod et, nisi. Sed vitae"
        text run at (0,72) width 354: "felis vel orci sagittis aliquam. Cras convallis adipiscing"
        text run at (0,90) width 347: "sem. Nam nonummy enim. Nullam bibendum lobortis"
        text run at (0,108) width 353: "neque. Vestibulum velit orci, tempus euismod, pretium"
        text run at (0,126) width 353: "quis, interdum vitae, nulla. Phasellus eget ante et tortor"
        text run at (0,144) width 351: "condimentum vestibulum. Suspendisse hendrerit quam"
        text run at (0,162) width 333: "nec felis. Sed varius turpis vitae pede. Lorem ipsum"
        text run at (0,180) width 279: "dolor sit amet, consectetuer adipiscing elit. "
        text run at (278,180) width 86: "Lorem ipsum"
        text run at (0,198) width 357: "dolor sit amet, consectetuer adipiscing elit. Nulla varius"
        text run at (0,216) width 324: "enim ac mi. Curabitur sollicitudin felis quis lectus."
        text run at (0,234) width 330: "Quisque adipiscing rhoncus sem. Proin nulla purus,"
        text run at (0,252) width 355: "vulputate vel, varius ut, euismod et, nisi. Sed vitae felis"
        text run at (0,270) width 356: "vel orci sagittis aliquam. Cras convallis adipiscing sem."
        text run at (0,288) width 360: "Nam nonummy enim. Nullam bibendum lobortis neque."
        text run at (0,306) width 341: "Vestibulum velit orci, tempus euismod, pretium quis,"
        text run at (0,324) width 318: "interdum vitae, nulla. Phasellus eget ante et tortor"
        text run at (0,342) width 351: "condimentum vestibulum. Suspendisse hendrerit quam"
        text run at (0,360) width 333: "nec felis. Sed varius turpis vitae pede. Lorem ipsum"
        text run at (0,378) width 279: "dolor sit amet, consectetuer adipiscing elit. "
        text run at (278,378) width 86: "Lorem ipsum"
        text run at (0,396) width 357: "dolor sit amet, consectetuer adipiscing elit. Nulla varius"
        text run at (0,414) width 324: "enim ac mi. Curabitur sollicitudin felis quis lectus."
        text run at (0,432) width 330: "Quisque adipiscing rhoncus sem. Proin nulla purus,"
        text run at (0,450) width 355: "vulputate vel, varius ut, euismod et, nisi. Sed vitae felis"
        text run at (0,468) width 356: "vel orci sagittis aliquam. Cras convallis adipiscing sem."
        text run at (0,486) width 360: "Nam nonummy enim. Nullam bibendum lobortis neque."
        text run at (0,504) width 341: "Vestibulum velit orci, tempus euismod, pretium quis,"
        text run at (0,522) width 318: "interdum vitae, nulla. Phasellus eget ante et tortor"
        text run at (0,540) width 351: "condimentum vestibulum. Suspendisse hendrerit quam"
        text run at (0,558) width 333: "nec felis. Sed varius turpis vitae pede. Lorem ipsum"
        text run at (0,576) width 279: "dolor sit amet, consectetuer adipiscing elit. "
        text run at (278,576) width 86: "Lorem ipsum"
        text run at (0,594) width 357: "dolor sit amet, consectetuer adipiscing elit. Nulla varius"
        text run at (0,612) width 76: "enim ac mi."
    LayoutBlockFlow {H2} at (0,649.91) size 367x28 [bgcolor=#EEEEEE]
      LayoutText {#text} at (0,0) size 277x28
        text run at (0,0) width 277: "This is a spanning element."
layer at (8,828) size 760x382 backgroundClip at (0,0) size 785x600 clip at (0,0) size 785x600 outlineClip at (0,0) size 785x600
  LayoutBlockFlow {DIV} at (0,819.81) size 760x381.81 [border: (5px solid #800000)]
    LayoutMultiColumnSet (anonymous) at (5,5) size 750x371.81
layer at (13,833) size 367x730 backgroundClip at (0,0) size 785x600 clip at (0,0) size 785x600 outlineClip at (0,0) size 785x600
  LayoutMultiColumnFlowThread (anonymous) at (5,5) size 367x729.81
    LayoutBlockFlow {P} at (0,16) size 367x234
      LayoutText {#text} at (0,0) size 367x234
        text run at (0,0) width 364: "Lorem ipsum dolor sit amet, consectetuer adipiscing elit."
        text run at (0,18) width 362: "Nulla varius enim ac mi. Curabitur sollicitudin felis quis"
        text run at (0,36) width 332: "lectus. Quisque adipiscing rhoncus sem. Proin nulla"
        text run at (0,54) width 367: "purus, vulputate vel, varius ut, euismod et, nisi. Sed vitae"
        text run at (0,72) width 354: "felis vel orci sagittis aliquam. Cras convallis adipiscing"
        text run at (0,90) width 347: "sem. Nam nonummy enim. Nullam bibendum lobortis"
        text run at (0,108) width 353: "neque. Vestibulum velit orci, tempus euismod, pretium"
        text run at (0,126) width 353: "quis, interdum vitae, nulla. Phasellus eget ante et tortor"
        text run at (0,144) width 351: "condimentum vestibulum. Suspendisse hendrerit quam"
        text run at (0,162) width 333: "nec felis. Sed varius turpis vitae pede. Lorem ipsum"
        text run at (0,180) width 279: "dolor sit amet, consectetuer adipiscing elit. "
        text run at (278,180) width 86: "Lorem ipsum"
        text run at (0,198) width 357: "dolor sit amet, consectetuer adipiscing elit. Nulla varius"
        text run at (0,216) width 76: "enim ac mi."
    LayoutBlockFlow {H2} at (0,269.91) size 367x28 [bgcolor=#EEEEEE]
      LayoutText {#text} at (0,0) size 277x28
        text run at (0,0) width 277: "This is a spanning element."
    LayoutBlockFlow {P} at (0,317.81) size 367x396
      LayoutText {#text} at (0,0) size 367x396
        text run at (0,0) width 364: "Lorem ipsum dolor sit amet, consectetuer adipiscing elit."
        text run at (0,18) width 362: "Nulla varius enim ac mi. Curabitur sollicitudin felis quis"
        text run at (0,36) width 332: "lectus. Quisque adipiscing rhoncus sem. Proin nulla"
        text run at (0,54) width 367: "purus, vulputate vel, varius ut, euismod et, nisi. Sed vitae"
        text run at (0,72) width 354: "felis vel orci sagittis aliquam. Cras convallis adipiscing"
        text run at (0,90) width 347: "sem. Nam nonummy enim. Nullam bibendum lobortis"
        text run at (0,108) width 353: "neque. Vestibulum velit orci, tempus euismod, pretium"
        text run at (0,126) width 353: "quis, interdum vitae, nulla. Phasellus eget ante et tortor"
        text run at (0,144) width 351: "condimentum vestibulum. Suspendisse hendrerit quam"
        text run at (0,162) width 333: "nec felis. Sed varius turpis vitae pede. Lorem ipsum"
        text run at (0,180) width 279: "dolor sit amet, consectetuer adipiscing elit. "
        text run at (278,180) width 86: "Lorem ipsum"
        text run at (0,198) width 357: "dolor sit amet, consectetuer adipiscing elit. Nulla varius"
        text run at (0,216) width 324: "enim ac mi. Curabitur sollicitudin felis quis lectus."
        text run at (0,234) width 330: "Quisque adipiscing rhoncus sem. Proin nulla purus,"
        text run at (0,252) width 355: "vulputate vel, varius ut, euismod et, nisi. Sed vitae felis"
        text run at (0,270) width 356: "vel orci sagittis aliquam. Cras convallis adipiscing sem."
        text run at (0,288) width 360: "Nam nonummy enim. Nullam bibendum lobortis neque."
        text run at (0,306) width 341: "Vestibulum velit orci, tempus euismod, pretium quis,"
        text run at (0,324) width 318: "interdum vitae, nulla. Phasellus eget ante et tortor"
        text run at (0,342) width 351: "condimentum vestibulum. Suspendisse hendrerit quam"
        text run at (0,360) width 333: "nec felis. Sed varius turpis vitae pede. Lorem ipsum"
        text run at (0,378) width 275: "dolor sit amet, consectetuer adipiscing elit."
layer at (8,1226) size 760x383 backgroundClip at (0,0) size 785x600 clip at (0,0) size 785x600 outlineClip at (0,0) size 785x600
  LayoutBlockFlow {DIV} at (0,1217.63) size 760x383.81 [border: (5px solid #800000)]
    LayoutMultiColumnSet (anonymous) at (5,5) size 750x373.81
layer at (13,1231) size 367x730 backgroundClip at (0,0) size 785x600 clip at (0,0) size 785x600 outlineClip at (0,0) size 785x600
  LayoutMultiColumnFlowThread (anonymous) at (5,5) size 367x729.81
    LayoutBlockFlow (anonymous) at (0,0) size 367x234
      LayoutText {#text} at (0,0) size 367x234
        text run at (0,0) width 364: "Lorem ipsum dolor sit amet, consectetuer adipiscing elit."
        text run at (0,18) width 362: "Nulla varius enim ac mi. Curabitur sollicitudin felis quis"
        text run at (0,36) width 332: "lectus. Quisque adipiscing rhoncus sem. Proin nulla"
        text run at (0,54) width 367: "purus, vulputate vel, varius ut, euismod et, nisi. Sed vitae"
        text run at (0,72) width 354: "felis vel orci sagittis aliquam. Cras convallis adipiscing"
        text run at (0,90) width 347: "sem. Nam nonummy enim. Nullam bibendum lobortis"
        text run at (0,108) width 353: "neque. Vestibulum velit orci, tempus euismod, pretium"
        text run at (0,126) width 353: "quis, interdum vitae, nulla. Phasellus eget ante et tortor"
        text run at (0,144) width 351: "condimentum vestibulum. Suspendisse hendrerit quam"
        text run at (0,162) width 333: "nec felis. Sed varius turpis vitae pede. Lorem ipsum"
        text run at (0,180) width 279: "dolor sit amet, consectetuer adipiscing elit. "
        text run at (278,180) width 86: "Lorem ipsum"
        text run at (0,198) width 357: "dolor sit amet, consectetuer adipiscing elit. Nulla varius"
        text run at (0,216) width 76: "enim ac mi."
    LayoutBlockFlow {H2} at (0,253.91) size 367x28 [bgcolor=#EEEEEE]
      LayoutText {#text} at (0,0) size 277x28
        text run at (0,0) width 277: "This is a spanning element."
    LayoutBlockFlow (anonymous) at (0,301.81) size 367x198
      LayoutInline {SPAN} at (0,0) size 43x18
        LayoutText {#text} at (0,0) size 43x18
          text run at (0,0) width 43: "Lorem"
      LayoutText {#text} at (42,0) size 367x198
        text run at (42,0) width 322: " ipsum dolor sit amet, consectetuer adipiscing elit."
        text run at (0,18) width 362: "Nulla varius enim ac mi. Curabitur sollicitudin felis quis"
        text run at (0,36) width 332: "lectus. Quisque adipiscing rhoncus sem. Proin nulla"
        text run at (0,54) width 367: "purus, vulputate vel, varius ut, euismod et, nisi. Sed vitae"
        text run at (0,72) width 354: "felis vel orci sagittis aliquam. Cras convallis adipiscing"
        text run at (0,90) width 347: "sem. Nam nonummy enim. Nullam bibendum lobortis"
        text run at (0,108) width 353: "neque. Vestibulum velit orci, tempus euismod, pretium"
        text run at (0,126) width 353: "quis, interdum vitae, nulla. Phasellus eget ante et tortor"
        text run at (0,144) width 351: "condimentum vestibulum. Suspendisse hendrerit quam"
        text run at (0,162) width 333: "nec felis. Sed varius turpis vitae pede. Lorem ipsum"
        text run at (0,180) width 275: "dolor sit amet, consectetuer adipiscing elit."
    LayoutBlockFlow {P} at (0,515.81) size 367x198
      LayoutText {#text} at (0,0) size 367x198
        text run at (0,0) width 364: "Lorem ipsum dolor sit amet, consectetuer adipiscing elit."
        text run at (0,18) width 362: "Nulla varius enim ac mi. Curabitur sollicitudin felis quis"
        text run at (0,36) width 332: "lectus. Quisque adipiscing rhoncus sem. Proin nulla"
        text run at (0,54) width 367: "purus, vulputate vel, varius ut, euismod et, nisi. Sed vitae"
        text run at (0,72) width 354: "felis vel orci sagittis aliquam. Cras convallis adipiscing"
        text run at (0,90) width 347: "sem. Nam nonummy enim. Nullam bibendum lobortis"
        text run at (0,108) width 353: "neque. Vestibulum velit orci, tempus euismod, pretium"
        text run at (0,126) width 353: "quis, interdum vitae, nulla. Phasellus eget ante et tortor"
        text run at (0,144) width 351: "condimentum vestibulum. Suspendisse hendrerit quam"
        text run at (0,162) width 333: "nec felis. Sed varius turpis vitae pede. Lorem ipsum"
        text run at (0,180) width 275: "dolor sit amet, consectetuer adipiscing elit."
layer at (8,1625) size 760x370 backgroundClip at (0,0) size 785x600 clip at (0,0) size 785x600 outlineClip at (0,0) size 785x600
  LayoutBlockFlow {DIV} at (0,1617.44) size 760x370 [border: (5px solid #800000)]
    LayoutMultiColumnSet (anonymous) at (5,5) size 750x360
layer at (13,1630) size 367x714 backgroundClip at (0,0) size 785x600 clip at (0,0) size 785x600 outlineClip at (0,0) size 785x600
  LayoutMultiColumnFlowThread (anonymous) at (5,5) size 367x713.81
    LayoutBlockFlow (anonymous) at (0,0) size 367x198
      LayoutInline {SPAN} at (0,0) size 367x198
        LayoutText {#text} at (0,0) size 367x198
          text run at (0,0) width 364: "Lorem ipsum dolor sit amet, consectetuer adipiscing elit."
          text run at (0,18) width 362: "Nulla varius enim ac mi. Curabitur sollicitudin felis quis"
          text run at (0,36) width 332: "lectus. Quisque adipiscing rhoncus sem. Proin nulla"
          text run at (0,54) width 367: "purus, vulputate vel, varius ut, euismod et, nisi. Sed vitae"
          text run at (0,72) width 354: "felis vel orci sagittis aliquam. Cras convallis adipiscing"
          text run at (0,90) width 347: "sem. Nam nonummy enim. Nullam bibendum lobortis"
          text run at (0,108) width 353: "neque. Vestibulum velit orci, tempus euismod, pretium"
          text run at (0,126) width 353: "quis, interdum vitae, nulla. Phasellus eget ante et tortor"
          text run at (0,144) width 351: "condimentum vestibulum. Suspendisse hendrerit quam"
          text run at (0,162) width 333: "nec felis. Sed varius turpis vitae pede. Lorem ipsum"
          text run at (0,180) width 275: "dolor sit amet, consectetuer adipiscing elit."
    LayoutBlockFlow (anonymous) at (0,198) size 367x36
      LayoutBlockFlow {SPAN} at (0,0) size 367x36
        LayoutText {#text} at (0,0) size 364x36
          text run at (0,0) width 364: "Lorem ipsum dolor sit amet, consectetuer adipiscing elit."
          text run at (0,18) width 158: "Nulla varius enim ac mi."
    LayoutBlockFlow (anonymous) at (0,234) size 367x198
      LayoutInline {SPAN} at (0,0) size 43x18
        LayoutText {#text} at (0,0) size 43x18
          text run at (0,0) width 43: "Lorem"
      LayoutText {#text} at (42,0) size 367x198
        text run at (42,0) width 322: " ipsum dolor sit amet, consectetuer adipiscing elit."
        text run at (0,18) width 362: "Nulla varius enim ac mi. Curabitur sollicitudin felis quis"
        text run at (0,36) width 332: "lectus. Quisque adipiscing rhoncus sem. Proin nulla"
        text run at (0,54) width 367: "purus, vulputate vel, varius ut, euismod et, nisi. Sed vitae"
        text run at (0,72) width 354: "felis vel orci sagittis aliquam. Cras convallis adipiscing"
        text run at (0,90) width 347: "sem. Nam nonummy enim. Nullam bibendum lobortis"
        text run at (0,108) width 353: "neque. Vestibulum velit orci, tempus euismod, pretium"
        text run at (0,126) width 353: "quis, interdum vitae, nulla. Phasellus eget ante et tortor"
        text run at (0,144) width 351: "condimentum vestibulum. Suspendisse hendrerit quam"
        text run at (0,162) width 333: "nec felis. Sed varius turpis vitae pede. Lorem ipsum"
        text run at (0,180) width 275: "dolor sit amet, consectetuer adipiscing elit."
    LayoutBlockFlow {H2} at (0,451.91) size 367x28 [bgcolor=#EEEEEE]
      LayoutText {#text} at (0,0) size 277x28
        text run at (0,0) width 277: "This is a spanning element."
    LayoutBlockFlow {P} at (0,499.81) size 367x198
      LayoutText {#text} at (0,0) size 367x198
        text run at (0,0) width 364: "Lorem ipsum dolor sit amet, consectetuer adipiscing elit."
        text run at (0,18) width 362: "Nulla varius enim ac mi. Curabitur sollicitudin felis quis"
        text run at (0,36) width 332: "lectus. Quisque adipiscing rhoncus sem. Proin nulla"
        text run at (0,54) width 367: "purus, vulputate vel, varius ut, euismod et, nisi. Sed vitae"
        text run at (0,72) width 354: "felis vel orci sagittis aliquam. Cras convallis adipiscing"
        text run at (0,90) width 347: "sem. Nam nonummy enim. Nullam bibendum lobortis"
        text run at (0,108) width 353: "neque. Vestibulum velit orci, tempus euismod, pretium"
        text run at (0,126) width 353: "quis, interdum vitae, nulla. Phasellus eget ante et tortor"
        text run at (0,144) width 351: "condimentum vestibulum. Suspendisse hendrerit quam"
        text run at (0,162) width 333: "nec felis. Sed varius turpis vitae pede. Lorem ipsum"
        text run at (0,180) width 275: "dolor sit amet, consectetuer adipiscing elit."
layer at (8,2011) size 760x400 backgroundClip at (0,0) size 785x600 clip at (0,0) size 785x600 outlineClip at (0,0) size 785x600
  LayoutBlockFlow {DIV} at (0,2003.44) size 760x400 [border: (5px solid #800000)]
    LayoutMultiColumnSet (anonymous) at (5,5) size 750x390
layer at (13,2016) size 367x764 backgroundClip at (0,0) size 785x600 clip at (0,0) size 785x600 outlineClip at (0,0) size 785x600
  LayoutMultiColumnFlowThread (anonymous) at (5,5) size 367x763.81
    LayoutBlockFlow {P} at (0,16) size 367x198
      LayoutText {#text} at (0,0) size 367x198
        text run at (0,0) width 364: "Lorem ipsum dolor sit amet, consectetuer adipiscing elit."
        text run at (0,18) width 362: "Nulla varius enim ac mi. Curabitur sollicitudin felis quis"
        text run at (0,36) width 332: "lectus. Quisque adipiscing rhoncus sem. Proin nulla"
        text run at (0,54) width 367: "purus, vulputate vel, varius ut, euismod et, nisi. Sed vitae"
        text run at (0,72) width 354: "felis vel orci sagittis aliquam. Cras convallis adipiscing"
        text run at (0,90) width 347: "sem. Nam nonummy enim. Nullam bibendum lobortis"
        text run at (0,108) width 353: "neque. Vestibulum velit orci, tempus euismod, pretium"
        text run at (0,126) width 353: "quis, interdum vitae, nulla. Phasellus eget ante et tortor"
        text run at (0,144) width 351: "condimentum vestibulum. Suspendisse hendrerit quam"
        text run at (0,162) width 333: "nec felis. Sed varius turpis vitae pede. Lorem ipsum"
        text run at (0,180) width 275: "dolor sit amet, consectetuer adipiscing elit."
    LayoutBlockFlow {P} at (0,230) size 367x36
      LayoutText {#text} at (0,0) size 364x36
        text run at (0,0) width 364: "Lorem ipsum dolor sit amet, consectetuer adipiscing elit."
        text run at (0,18) width 158: "Nulla varius enim ac mi."
    LayoutBlockFlow {P} at (0,282) size 367x198
      LayoutText {#text} at (0,0) size 367x198
        text run at (0,0) width 364: "Lorem ipsum dolor sit amet, consectetuer adipiscing elit."
        text run at (0,18) width 362: "Nulla varius enim ac mi. Curabitur sollicitudin felis quis"
        text run at (0,36) width 332: "lectus. Quisque adipiscing rhoncus sem. Proin nulla"
        text run at (0,54) width 367: "purus, vulputate vel, varius ut, euismod et, nisi. Sed vitae"
        text run at (0,72) width 354: "felis vel orci sagittis aliquam. Cras convallis adipiscing"
        text run at (0,90) width 347: "sem. Nam nonummy enim. Nullam bibendum lobortis"
        text run at (0,108) width 353: "neque. Vestibulum velit orci, tempus euismod, pretium"
        text run at (0,126) width 353: "quis, interdum vitae, nulla. Phasellus eget ante et tortor"
        text run at (0,144) width 351: "condimentum vestibulum. Suspendisse hendrerit quam"
        text run at (0,162) width 333: "nec felis. Sed varius turpis vitae pede. Lorem ipsum"
        text run at (0,180) width 275: "dolor sit amet, consectetuer adipiscing elit."
    LayoutBlockFlow {H2} at (0,499.91) size 367x28 [bgcolor=#EEEEEE]
      LayoutText {#text} at (0,0) size 277x28
        text run at (0,0) width 277: "This is a spanning element."
    LayoutBlockFlow (anonymous) at (0,547.81) size 367x18
      LayoutInline {SPAN} at (0,0) size 364x18
        LayoutText {#text} at (0,0) size 364x18
          text run at (0,0) width 364: "Lorem ipsum dolor sit amet, consectetuer adipiscing elit."
    LayoutBlockFlow (anonymous) at (0,565.81) size 367x18
      LayoutBlockFlow {SPAN} at (0,0) size 367x18
        LayoutText {#text} at (0,0) size 158x18
          text run at (0,0) width 158: "Nulla varius enim ac mi."
    LayoutBlockFlow (anonymous) at (0,583.81) size 367x180
      LayoutInline {SPAN} at (0,0) size 367x180
        LayoutText {#text} at (0,0) size 367x180
          text run at (0,0) width 303: "Curabitur sollicitudin felis quis lectus. Quisque"
          text run at (0,18) width 364: "adipiscing rhoncus sem. Proin nulla purus, vulputate vel,"
          text run at (0,36) width 365: "varius ut, euismod et, nisi. Sed vitae felis vel orci sagittis"
          text run at (0,54) width 359: "aliquam. Cras convallis adipiscing sem. Nam nonummy"
          text run at (0,72) width 367: "enim. Nullam bibendum lobortis neque. Vestibulum velit"
          text run at (0,90) width 331: "orci, tempus euismod, pretium quis, interdum vitae,"
          text run at (0,108) width 309: "nulla. Phasellus eget ante et tortor condimentum"
          text run at (0,126) width 349: "vestibulum. Suspendisse hendrerit quam nec felis. Sed"
          text run at (0,144) width 339: "varius turpis vitae pede. Lorem ipsum dolor sit amet,"
          text run at (0,162) width 179: "consectetuer adipiscing elit."
      LayoutText {#text} at (0,0) size 0x0
