layer at (0,0) size 800x600
  RenderView at (0,0) size 800x600
layer at (0,0) size 800x600
  RenderBlock {HTML} at (0,0) size 800x600
    RenderBody {BODY} at (8,8) size 784x584
      RenderBlock (anonymous) at (0,0) size 784x16
        RenderText {#text} at (0,0) size 218x16
          text run at (0,0) width 218: "The 2 tables should look the same"
      LayoutTable {TABLE} at (0,16) size 510x26 [bgcolor=#FFA500] [border: (1px outset #808080)]
        LayoutTableCol {COLGROUP} at (0,0) size 0x0
          LayoutTableCol {COL} at (0,0) size 0x0
        LayoutTableSection {TBODY} at (1,1) size 508x24
          LayoutTableRow {TR} at (0,2) size 508x20
            LayoutTableCell {TD} at (2,2) size 100x20 [border: (1px inset #808080)] [r=0 c=0 rs=1 cs=1]
              RenderText {#text} at (2,2) size 49x16
                text run at (2,2) width 49: "col-100"
            LayoutTableCell {TD} at (104,2) size 200x20 [border: (1px inset #808080)] [r=0 c=1 rs=1 cs=1]
              RenderText {#text} at (2,2) size 45x16
                text run at (2,2) width 45: "cg-200"
            LayoutTableCell {TD} at (306,2) size 200x20 [border: (1px inset #808080)] [r=0 c=2 rs=1 cs=1]
              RenderText {#text} at (2,2) size 45x16
                text run at (2,2) width 45: "cg-200"
        LayoutTableCol {COLGROUP} at (0,0) size 0x0
          LayoutTableCol {COL} at (0,0) size 0x0
          LayoutTableCol {COL} at (0,0) size 0x0
      RenderBlock (anonymous) at (0,42) size 784x16
        RenderBR {BR} at (0,0) size 0x16
      LayoutTable {TABLE} at (0,58) size 510x26 [bgcolor=#FFA500] [border: (1px outset #808080)]
        LayoutTableCol {COLGROUP} at (0,0) size 0x0
          LayoutTableCol {COL} at (0,0) size 0x0
        LayoutTableCol {COLGROUP} at (0,0) size 0x0
          LayoutTableCol {COL} at (0,0) size 0x0
          LayoutTableCol {COL} at (0,0) size 0x0
        LayoutTableSection {TBODY} at (1,1) size 508x24
          LayoutTableRow {TR} at (0,2) size 508x20
            LayoutTableCell {TD} at (2,2) size 100x20 [border: (1px inset #808080)] [r=0 c=0 rs=1 cs=1]
              RenderText {#text} at (2,2) size 49x16
                text run at (2,2) width 49: "col-100"
            LayoutTableCell {TD} at (104,2) size 200x20 [border: (1px inset #808080)] [r=0 c=1 rs=1 cs=1]
              RenderText {#text} at (2,2) size 45x16
                text run at (2,2) width 45: "cg-200"
            LayoutTableCell {TD} at (306,2) size 200x20 [border: (1px inset #808080)] [r=0 c=2 rs=1 cs=1]
              RenderText {#text} at (2,2) size 45x16
                text run at (2,2) width 45: "cg-200"
      RenderBlock (anonymous) at (0,84) size 784x16
        RenderBR {BR} at (0,0) size 0x16
