layer at (0,0) size 800x600 scrollHeight 756
  LayoutView at (0,0) size 800x600
layer at (0,0) size 800x756 backgroundClip at (0,0) size 800x600 clip at (0,0) size 800x600 outlineClip at (0,0) size 800x600
  LayoutBlockFlow {HTML} at (0,0) size 800x755.59
    LayoutBlockFlow {BODY} at (8,8) size 784x739.59 [color=#008000] [bgcolor=#CCCCCC]
      LayoutBlockFlow {P} at (0,0) size 784x20
        LayoutText {#text} at (0,0) size 337x19
          text run at (0,0) width 337: "The style declarations which apply to the text below are:"
      LayoutBlockFlow {PRE} at (0,36) size 784x112
        LayoutText {#text} at (0,0) size 272x112
          text run at (0,0) width 160: "BODY {color: green;}"
          text run at (160,0) width 0: " "
          text run at (0,16) width 136: "H3 {color: blue;}"
          text run at (136,16) width 0: " "
          text run at (0,32) width 152: "EM {color: purple;}"
          text run at (152,32) width 0: " "
          text run at (0,48) width 208: ".one {font-style: italic;}"
          text run at (208,48) width 0: " "
          text run at (0,64) width 272: ".two {text-decoration: underline;}"
          text run at (272,64) width 0: " "
          text run at (0,80) width 152: "#two {color: navy;}"
          text run at (152,80) width 0: " "
          text run at (0,96) width 184: ".three {color: purple;}"
          text run at (184,96) width 0: " "
      LayoutBlockFlow {HR} at (0,161) size 784x2 [border: (1px inset #EEEEEE)]
      LayoutBlockFlow {H3} at (0,181.72) size 784x22 [color=#0000FF]
        LayoutText {#text} at (0,0) size 209x20
          text run at (0,0) width 209: "This sentence should show "
        LayoutInline {STRONG} at (0,0) size 33x20
          LayoutText {#text} at (209,0) size 33x20
            text run at (209,0) width 33: "blue"
        LayoutText {#text} at (242,0) size 39x20
          text run at (242,0) width 39: " and "
        LayoutInline {EM} at (0,0) size 48x21 [color=#800080]
          LayoutText {#text} at (281,0) size 48x21
            text run at (281,0) width 48: "purple"
        LayoutText {#text} at (329,0) size 5x20
          text run at (329,0) width 5: "."
      LayoutBlockFlow {H3} at (0,222.44) size 784x22 [color=#0000FF]
        LayoutText {#text} at (0,0) size 188x20
          text run at (0,0) width 188: "This sentence should be "
        LayoutInline {SPAN} at (0,0) size 32x21
          LayoutText {#text} at (188,0) size 32x21
            text run at (188,0) width 32: "blue"
        LayoutText {#text} at (220,0) size 98x20
          text run at (220,0) width 98: " throughout."
      LayoutBlockFlow {P} at (0,263.16) size 784x20
        LayoutText {#text} at (0,0) size 215x19
          text run at (0,0) width 215: "This should be green except for the "
        LayoutInline {EM} at (0,0) size 117x19 [color=#800080]
          LayoutText {#text} at (215,0) size 117x19
            text run at (215,0) width 117: "emphasized words"
        LayoutText {#text} at (332,0) size 151x19
          text run at (332,0) width 151: ", which should be purple."
      LayoutBlockFlow {H3} at (0,301.88) size 784x21 [color=#0000FF]
        LayoutText {#text} at (0,0) size 278x20
          text run at (0,0) width 278: "This should be blue and underlined."
      LayoutBlockFlow {P} at (0,341.59) size 784x20
        LayoutText {#text} at (0,0) size 273x19
          text run at (0,0) width 273: "This sentence should be underlined, including "
        LayoutInline {TT} at (0,0) size 72x16
          LayoutText {#text} at (273,3) size 72x16
            text run at (273,3) width 72: "this part"
        LayoutText {#text} at (345,0) size 8x19
          text run at (345,0) width 8: ", "
        LayoutInline {I} at (0,0) size 54x19
          LayoutText {#text} at (353,0) size 54x19
            text run at (353,0) width 54: "this part"
        LayoutText {#text} at (407,0) size 8x19
          text run at (407,0) width 8: ", "
        LayoutInline {EM} at (0,0) size 54x19 [color=#800080]
          LayoutText {#text} at (415,0) size 54x19
            text run at (415,0) width 54: "this part"
        LayoutText {#text} at (469,0) size 34x19
          text run at (469,0) width 34: ", and "
        LayoutInline {STRONG} at (0,0) size 55x19
          LayoutText {#text} at (503,0) size 55x19
            text run at (503,0) width 55: "this part"
        LayoutText {#text} at (558,0) size 4x19
          text run at (558,0) width 4: "."
      LayoutBlockFlow {P} at (0,377.59) size 784x20 [color=#000080]
        LayoutText {#text} at (0,0) size 414x19
          text run at (0,0) width 414: "This sentence should also be underlined, as well as dark blue (navy), "
        LayoutInline {TT} at (0,0) size 152x16
          LayoutText {#text} at (414,3) size 152x16
            text run at (414,3) width 152: "including this part"
        LayoutText {#text} at (566,0) size 4x19
          text run at (566,0) width 4: "."
      LayoutBlockFlow {P} at (0,413.59) size 784x20 [color=#800080]
        LayoutText {#text} at (0,0) size 249x19
          text run at (0,0) width 249: "This sentence should be purple, including "
        LayoutInline {STRONG} at (0,0) size 55x19
          LayoutText {#text} at (249,0) size 55x19
            text run at (249,0) width 55: "this part"
        LayoutText {#text} at (304,0) size 30x19
          text run at (304,0) width 30: " and "
        LayoutInline {SPAN} at (0,0) size 164x19
          LayoutText {#text} at (334,0) size 164x19
            text run at (334,0) width 164: "this part (which is spanned)"
        LayoutText {#text} at (498,0) size 4x19
          text run at (498,0) width 4: "."
      LayoutTable {TABLE} at (0,449.59) size 592x290 [border: (1px outset #808080)]
        LayoutTableSection {TBODY} at (1,1) size 590x288
          LayoutTableRow {TR} at (0,0) size 590x28
            LayoutTableCell {TD} at (0,0) size 590x28 [bgcolor=#C0C0C0] [border: (1px inset #808080)] [r=0 c=0 rs=1 cs=2]
              LayoutInline {STRONG} at (0,0) size 159x19
                LayoutText {#text} at (4,4) size 159x19
                  text run at (4,4) width 159: "TABLE Testing Section"
          LayoutTableRow {TR} at (0,28) size 590x260
            LayoutTableCell {TD} at (0,144) size 12x28 [bgcolor=#C0C0C0] [border: (1px inset #808080)] [r=1 c=0 rs=1 cs=1]
              LayoutText {#text} at (4,4) size 4x19
                text run at (4,4) width 4: " "
            LayoutTableCell {TD} at (12,28) size 578x259.88 [border: (1px inset #808080)] [r=1 c=1 rs=1 cs=1]
              LayoutBlockFlow {H3} at (4,4) size 570x22 [color=#0000FF]
                LayoutText {#text} at (0,0) size 209x20
                  text run at (0,0) width 209: "This sentence should show "
                LayoutInline {STRONG} at (0,0) size 33x20
                  LayoutText {#text} at (209,0) size 33x20
                    text run at (209,0) width 33: "blue"
                LayoutText {#text} at (242,0) size 39x20
                  text run at (242,0) width 39: " and "
                LayoutInline {EM} at (0,0) size 48x21 [color=#800080]
                  LayoutText {#text} at (281,0) size 48x21
                    text run at (281,0) width 48: "purple"
                LayoutText {#text} at (329,0) size 5x20
                  text run at (329,0) width 5: "."
              LayoutBlockFlow {H3} at (4,44.72) size 570x22 [color=#0000FF]
                LayoutText {#text} at (0,0) size 188x20
                  text run at (0,0) width 188: "This sentence should be "
                LayoutInline {SPAN} at (0,0) size 32x21
                  LayoutText {#text} at (188,0) size 32x21
                    text run at (188,0) width 32: "blue"
                LayoutText {#text} at (220,0) size 98x20
                  text run at (220,0) width 98: " throughout."
              LayoutBlockFlow {P} at (4,85.44) size 570x20
                LayoutText {#text} at (0,0) size 215x19
                  text run at (0,0) width 215: "This should be green except for the "
                LayoutInline {EM} at (0,0) size 117x19 [color=#800080]
                  LayoutText {#text} at (215,0) size 117x19
                    text run at (215,0) width 117: "emphasized words"
                LayoutText {#text} at (332,0) size 151x19
                  text run at (332,0) width 151: ", which should be purple."
              LayoutBlockFlow {H3} at (4,124.16) size 570x21 [color=#0000FF]
                LayoutText {#text} at (0,0) size 278x20
                  text run at (0,0) width 278: "This should be blue and underlined."
              LayoutBlockFlow {P} at (4,163.88) size 570x20
                LayoutText {#text} at (0,0) size 273x19
                  text run at (0,0) width 273: "This sentence should be underlined, including "
                LayoutInline {TT} at (0,0) size 72x16
                  LayoutText {#text} at (273,3) size 72x16
                    text run at (273,3) width 72: "this part"
                LayoutText {#text} at (345,0) size 8x19
                  text run at (345,0) width 8: ", "
                LayoutInline {I} at (0,0) size 54x19
                  LayoutText {#text} at (353,0) size 54x19
                    text run at (353,0) width 54: "this part"
                LayoutText {#text} at (407,0) size 8x19
                  text run at (407,0) width 8: ", "
                LayoutInline {EM} at (0,0) size 54x19 [color=#800080]
                  LayoutText {#text} at (415,0) size 54x19
                    text run at (415,0) width 54: "this part"
                LayoutText {#text} at (469,0) size 34x19
                  text run at (469,0) width 34: ", and "
                LayoutInline {STRONG} at (0,0) size 55x19
                  LayoutText {#text} at (503,0) size 55x19
                    text run at (503,0) width 55: "this part"
                LayoutText {#text} at (558,0) size 4x19
                  text run at (558,0) width 4: "."
              LayoutBlockFlow {P} at (4,199.88) size 570x20 [color=#000080]
                LayoutText {#text} at (0,0) size 414x19
                  text run at (0,0) width 414: "This sentence should also be underlined, as well as dark blue (navy), "
                LayoutInline {TT} at (0,0) size 152x16
                  LayoutText {#text} at (414,3) size 152x16
                    text run at (414,3) width 152: "including this part"
                LayoutText {#text} at (566,0) size 4x19
                  text run at (566,0) width 4: "."
              LayoutBlockFlow {P} at (4,235.88) size 570x20 [color=#800080]
                LayoutText {#text} at (0,0) size 249x19
                  text run at (0,0) width 249: "This sentence should be purple, including "
                LayoutInline {STRONG} at (0,0) size 55x19
                  LayoutText {#text} at (249,0) size 55x19
                    text run at (249,0) width 55: "this part"
                LayoutText {#text} at (304,0) size 30x19
                  text run at (304,0) width 30: " and "
                LayoutInline {SPAN} at (0,0) size 164x19
                  LayoutText {#text} at (334,0) size 164x19
                    text run at (334,0) width 164: "this part (which is spanned)"
                LayoutText {#text} at (498,0) size 4x19
                  text run at (498,0) width 4: "."
