CONSOLE ERROR: line 4: Uncaught TypeError: Cannot read property 'focus' of null
layer at (0,0) size 800x600
  LayoutView at (0,0) size 800x600
layer at (0,0) size 800x224
  LayoutBlockFlow {HTML} at (0,0) size 800x224
    LayoutBlockFlow {BODY} at (8,16) size 784x200
      LayoutBlockFlow {P} at (0,0) size 784x20
        LayoutText {#text} at (0,0) size 761x39
          text run at (0,0) width 433: "This test is verifying that when the focus is removed from an element we "
          text run at (433,0) width 328: "correctly invalidate continuations and remove the focus"
          text run at (0,20) width 26: "ring."
      LayoutBlockFlow {P} at (0,36) size 784x20
        LayoutText {#text} at (0,0) size 284x19
          text run at (0,0) width 284: "If this test passes, you should see no focus ring."
layer at (8,88) size 83x20
  LayoutBlockFlow (positioned) {DIV} at (8,88) size 83x20
    LayoutBlockFlow (anonymous) at (0,0) size 83x0
      LayoutInline {SPAN} at (0,0) size 0x0
        LayoutText {#text} at (0,0) size 0x0
    LayoutBlockFlow (anonymous) at (0,0) size 83x20
      LayoutBlockFlow {DIV} at (0,0) size 83x20
        LayoutText {#text} at (0,0) size 83x19
          text run at (0,0) width 83: "CONTENTS"
    LayoutBlockFlow (anonymous) at (0,20) size 83x0
      LayoutInline {SPAN} at (0,0) size 0x0
      LayoutText {#text} at (0,0) size 0x0
