layer at (0,0) size 800x600
  RenderView at (0,0) size 800x600
layer at (0,0) size 800x600
  RenderBlock {HTML} at (0,0) size 800x600
    RenderBody {BODY} at (8,8) size 784x576
      RenderBlock {P} at (0,0) size 784x18
        RenderText {#text} at (0,0) size 406x18
          text run at (0,0) width 406: "Tests list item numbering when there are anonymous list items."
      RenderBlock {OL} at (0,34) size 784x18
        LayoutListItem {<pseudo:after>} at (40,0) size 744x18
          LayoutListMarker at (-20,0) size 16x18: "1"
          LayoutTextFragment at (0,0) size 33x18
            text run at (0,0) width 33: "ONE"
      RenderBlock {OL} at (0,68) size 784x36
        LayoutListItem {LI} at (40,0) size 744x18
          LayoutListMarker at (-20,0) size 16x18: "1"
          RenderText {#text} at (0,0) size 24x18
            text run at (0,0) width 24: "one"
        LayoutListItem {<pseudo:after>} at (40,18) size 744x18
          LayoutListMarker at (-20,0) size 16x18: "2"
          LayoutTextFragment at (0,0) size 37x18
            text run at (0,0) width 37: "TWO"
      RenderBlock {OL} at (0,120) size 784x18
        LayoutListItem {<pseudo:before>} at (40,0) size 744x18
          LayoutListMarker at (-20,0) size 16x18: "1"
          LayoutTextFragment at (0,0) size 33x18
            text run at (0,0) width 33: "ONE"
      RenderBlock {OL} at (0,154) size 784x36
        LayoutListItem {<pseudo:before>} at (40,0) size 744x18
          LayoutListMarker at (-20,0) size 16x18: "1"
          LayoutTextFragment at (0,0) size 33x18
            text run at (0,0) width 33: "ONE"
        LayoutListItem {LI} at (40,18) size 744x18
          LayoutListMarker at (-20,0) size 16x18: "2"
          RenderText {#text} at (0,0) size 24x18
            text run at (0,0) width 24: "two"
      RenderBlock {OL} at (0,206) size 784x72
        LayoutListItem {LI} at (40,0) size 744x18
          LayoutListMarker at (-20,0) size 16x18: "1"
          RenderText {#text} at (0,0) size 24x18
            text run at (0,0) width 24: "one"
        RenderBlock {DIV} at (40,18) size 744x36
          RenderBlock (anonymous) at (0,0) size 744x18
            RenderText {#text} at (0,0) size 21x18
              text run at (0,0) width 21: "div"
          LayoutListItem {<pseudo:after>} at (0,18) size 744x18
            LayoutListMarker at (-20,0) size 16x18: "2"
            LayoutTextFragment at (0,0) size 37x18
              text run at (0,0) width 37: "TWO"
        LayoutListItem {LI} at (40,54) size 744x18
          LayoutListMarker at (-20,0) size 16x18: "3"
          RenderText {#text} at (0,0) size 32x18
            text run at (0,0) width 32: "three"
      RenderBlock {OL} at (0,294) size 784x72
        LayoutListItem {LI} at (40,0) size 744x18
          LayoutListMarker at (-20,0) size 16x18: "1"
          RenderText {#text} at (0,0) size 24x18
            text run at (0,0) width 24: "one"
        RenderBlock {DIV} at (40,18) size 744x36
          LayoutListItem {<pseudo:before>} at (0,0) size 744x18
            LayoutListMarker at (-20,0) size 16x18: "2"
            LayoutTextFragment at (0,0) size 37x18
              text run at (0,0) width 37: "TWO"
          RenderBlock (anonymous) at (0,18) size 744x18
            RenderText {#text} at (0,0) size 21x18
              text run at (0,0) width 21: "div"
        LayoutListItem {LI} at (40,54) size 744x18
          LayoutListMarker at (-20,0) size 16x18: "3"
          RenderText {#text} at (0,0) size 32x18
            text run at (0,0) width 32: "three"
