layer at (0,0) size 800x600
  LayoutView at (0,0) size 800x600
layer at (0,0) size 800x50
  LayoutBlockFlow {HTML} at (0,0) size 800x50
    LayoutBlockFlow {BODY} at (8,16) size 784x18 [bgcolor=#808080]
      LayoutBlockFlow {P} at (0,0) size 784x18
        LayoutText {#text} at (0,0) size 563x17
          text run at (0,0) width 563: "The portions of the view exposed by the transformed document should be painted white"
