layer at (0,0) size 800x600
  LayoutView at (0,0) size 800x600
layer at (0,0) size 800x144
  LayoutBlockFlow {HTML} at (0,0) size 800x144
    LayoutBlockFlow {BODY} at (8,8) size 784x128
      LayoutBlockFlow {DIV} at (0,0) size 784x42 [color=#008000]
        LayoutBlockFlow {DIV} at (0,0) size 784x42 [color=#FF0000] [border: (3px solid #008000)]
          LayoutBlockFlow {DIV} at (3,3) size 778x36 [color=#008000]
            LayoutText {#text} at (0,0) size 744x35
              text run at (0,0) width 415: "This should have a green border, because the computed value of "
              text run at (414,0) width 330: "'border-color' set to its initial value is the computed"
              text run at (0,18) width 39: "value "
              text run at (38,18) width 281: "of 'color', which is then inherited as a color."
      LayoutBlockFlow {DIV} at (0,58) size 784x24 [color=#008000]
        LayoutBlockFlow {DIV} at (0,0) size 784x24 [color=#FF0000] [border: (3px solid #008000)]
          LayoutBlockFlow {DIV} at (3,3) size 778x18 [color=#008000]
            LayoutText {#text} at (0,0) size 57x17
              text run at (0,0) width 57: "This too."
      LayoutBlockFlow {DIV} at (0,98) size 784x30 [color=#008000] [border: (3px solid #008000)]
        LayoutBlockFlow {DIV} at (3,3) size 778x24 [color=#FF0000] [border: (3px solid #008000)]
          LayoutBlockFlow {DIV} at (3,3) size 772x18 [color=#008000]
            LayoutText {#text} at (0,0) size 57x17
              text run at (0,0) width 57: "This too."
