layer at (0,0) size 800x600
  RenderView at (0,0) size 800x600
layer at (0,0) size 800x140
  RenderBlock {html} at (0,0) size 800x140
    RenderBody {body} at (8,16) size 784x116
      RenderBlock {p} at (0,0) size 784x16
        RenderText {#text} at (0,0) size 575x16
          text run at (0,0) width 419: "Only the top and bottom sides of the frame surrounding the table "
          text run at (418,0) width 157: "below should be visible."
      LayoutTable {table} at (0,32) size 185x84 [border: (1px solid #808080) none (1px solid #808080) none]
        LayoutTableCol {colgroup} at (0,0) size 0x0
          LayoutTableCol {col} at (0,0) size 0x0
        LayoutTableCol {colgroup} at (0,0) size 0x0
          LayoutTableCol {col} at (0,0) size 0x0
        LayoutTableCol {colgroup} at (0,0) size 0x0
          LayoutTableCol {col} at (0,0) size 0x0
        LayoutTableSection {thead} at (0,1) size 185x22
          LayoutTableRow {tr} at (0,2) size 185x18
            LayoutTableCell {th} at (2,2) size 59x18 [r=0 c=0 rs=1 cs=1]
              RenderText {#text} at (1,1) size 57x16
                text run at (1,1) width 57: "THEAD"
            LayoutTableCell {th} at (63,2) size 59x18 [r=0 c=1 rs=1 cs=1]
              RenderText {#text} at (1,1) size 57x16
                text run at (1,1) width 57: "THEAD"
            LayoutTableCell {th} at (124,2) size 59x18 [r=0 c=2 rs=1 cs=1]
              RenderText {#text} at (1,1) size 57x16
                text run at (1,1) width 57: "THEAD"
        LayoutTableSection {tfoot} at (0,63) size 185x20
          LayoutTableRow {tr} at (0,0) size 185x18
            LayoutTableCell {td} at (2,0) size 59x18 [r=0 c=0 rs=1 cs=1]
              RenderText {#text} at (1,1) size 52x16
                text run at (1,1) width 52: "TFOOT"
            LayoutTableCell {td} at (63,0) size 59x18 [r=0 c=1 rs=1 cs=1]
              RenderText {#text} at (1,1) size 52x16
                text run at (1,1) width 52: "TFOOT"
            LayoutTableCell {td} at (124,0) size 59x18 [r=0 c=2 rs=1 cs=1]
              RenderText {#text} at (1,1) size 52x16
                text run at (1,1) width 52: "TFOOT"
        LayoutTableSection {tbody} at (0,23) size 185x40
          LayoutTableRow {tr} at (0,0) size 185x18
            LayoutTableCell {td} at (2,0) size 59x18 [r=0 c=0 rs=1 cs=1]
              RenderText {#text} at (1,1) size 56x16
                text run at (1,1) width 56: "TBODY"
            LayoutTableCell {td} at (63,0) size 59x18 [r=0 c=1 rs=1 cs=1]
              RenderText {#text} at (1,1) size 56x16
                text run at (1,1) width 56: "TBODY"
            LayoutTableCell {td} at (124,0) size 59x18 [r=0 c=2 rs=1 cs=1]
              RenderText {#text} at (1,1) size 56x16
                text run at (1,1) width 56: "TBODY"
          LayoutTableRow {tr} at (0,20) size 185x18
            LayoutTableCell {td} at (2,20) size 59x18 [r=1 c=0 rs=1 cs=1]
              RenderText {#text} at (1,1) size 56x16
                text run at (1,1) width 56: "TBODY"
            LayoutTableCell {td} at (63,20) size 59x18 [r=1 c=1 rs=1 cs=1]
              RenderText {#text} at (1,1) size 56x16
                text run at (1,1) width 56: "TBODY"
            LayoutTableCell {td} at (124,20) size 59x18 [r=1 c=2 rs=1 cs=1]
              RenderText {#text} at (1,1) size 56x16
                text run at (1,1) width 56: "TBODY"
