layer at (0,0) size 800x600
  RenderView at (0,0) size 800x600
layer at (0,0) size 800x130
  RenderBlock {html} at (0,0) size 800x130
    RenderBody {body} at (8,16) size 784x106
      RenderBlock {p} at (0,0) size 784x16
        RenderText {#text} at (0,0) size 525x16
          text run at (0,0) width 423: "There should be rules between all columns (and only columns) in "
          text run at (422,0) width 103: "the table below."
      LayoutTable {table} at (0,32) size 181x74 [border: none]
        LayoutTableCol {colgroup} at (0,0) size 0x0
          LayoutTableCol {col} at (0,0) size 0x0
        LayoutTableCol {colgroup} at (0,0) size 0x0
          LayoutTableCol {col} at (0,0) size 0x0
        LayoutTableCol {colgroup} at (0,0) size 0x0
          LayoutTableCol {col} at (0,0) size 0x0
        LayoutTableSection {thead} at (0,0) size 180x19
          LayoutTableRow {tr} at (0,0) size 180x19
            LayoutTableCell {th} at (0,0) size 60x19 [border: (1px none #808080) none none (1px solid #808080)] [r=0 c=0 rs=1 cs=1]
              RenderText {#text} at (2,2) size 57x16
                text run at (2,2) width 57: "THEAD"
            LayoutTableCell {th} at (60,0) size 60x19 [border: (1px none #808080) none none (1px solid #808080)] [r=0 c=1 rs=1 cs=1]
              RenderText {#text} at (2,2) size 57x16
                text run at (2,2) width 57: "THEAD"
            LayoutTableCell {th} at (120,0) size 60x19 [border: (1px none #808080) none none (1px solid #808080)] [r=0 c=2 rs=1 cs=1]
              RenderText {#text} at (2,2) size 57x16
                text run at (2,2) width 57: "THEAD"
        LayoutTableSection {tfoot} at (0,55) size 180x18
          LayoutTableRow {tr} at (0,0) size 180x18
            LayoutTableCell {td} at (0,0) size 60x18 [border: none none none (1px solid #808080)] [r=0 c=0 rs=1 cs=1]
              RenderText {#text} at (2,1) size 52x16
                text run at (2,1) width 52: "TFOOT"
            LayoutTableCell {td} at (60,0) size 60x18 [border: none none none (1px solid #808080)] [r=0 c=1 rs=1 cs=1]
              RenderText {#text} at (2,1) size 52x16
                text run at (2,1) width 52: "TFOOT"
            LayoutTableCell {td} at (120,0) size 60x18 [border: none none none (1px solid #808080)] [r=0 c=2 rs=1 cs=1]
              RenderText {#text} at (2,1) size 52x16
                text run at (2,1) width 52: "TFOOT"
        LayoutTableSection {tbody} at (0,19) size 180x36
          LayoutTableRow {tr} at (0,0) size 180x18
            LayoutTableCell {td} at (0,0) size 60x18 [border: none none none (1px solid #808080)] [r=0 c=0 rs=1 cs=1]
              RenderText {#text} at (2,1) size 56x16
                text run at (2,1) width 56: "TBODY"
            LayoutTableCell {td} at (60,0) size 60x18 [border: none none none (1px solid #808080)] [r=0 c=1 rs=1 cs=1]
              RenderText {#text} at (2,1) size 56x16
                text run at (2,1) width 56: "TBODY"
            LayoutTableCell {td} at (120,0) size 60x18 [border: none none none (1px solid #808080)] [r=0 c=2 rs=1 cs=1]
              RenderText {#text} at (2,1) size 56x16
                text run at (2,1) width 56: "TBODY"
          LayoutTableRow {tr} at (0,18) size 180x18
            LayoutTableCell {td} at (0,18) size 60x18 [border: none none none (1px solid #808080)] [r=1 c=0 rs=1 cs=1]
              RenderText {#text} at (2,1) size 56x16
                text run at (2,1) width 56: "TBODY"
            LayoutTableCell {td} at (60,18) size 60x18 [border: none none none (1px solid #808080)] [r=1 c=1 rs=1 cs=1]
              RenderText {#text} at (2,1) size 56x16
                text run at (2,1) width 56: "TBODY"
            LayoutTableCell {td} at (120,18) size 60x18 [border: none none none (1px solid #808080)] [r=1 c=2 rs=1 cs=1]
              RenderText {#text} at (2,1) size 56x16
                text run at (2,1) width 56: "TBODY"
