layer at (0,0) size 800x600
  LayoutView at (0,0) size 800x600
layer at (0,0) size 800x162
  LayoutBlockFlow {HTML} at (0,0) size 800x162
    LayoutBlockFlow {BODY} at (8,16) size 784x138
      LayoutBlockFlow {P} at (0,0) size 784x18
        LayoutText {#text} at (0,0) size 481x18
          text run at (0,0) width 481: "There should be a solid single uninterrupted smooth column of blue below."
      LayoutBlockFlow {DIV} at (0,34) size 784x104 [color=#000080]
        LayoutBlockFlow {DIV} at (0,0) size 784x32
          LayoutText {#text} at (0,0) size 32x32
            text run at (0,0) width 32: "x"
        LayoutBlockFlow {DIV} at (0,32) size 784x40
          LayoutText {#text} at (0,0) size 40x40
            text run at (0,0) width 40: "x"
        LayoutBlockFlow {DIV} at (0,72) size 784x32
          LayoutText {#text} at (0,0) size 32x32
            text run at (0,0) width 32: "x"
